Archive member included because of file (symbol)

/opt/cross/avr/lib/gcc/avr/4.3.3/avr5/libgcc.a(_udivmodqi4.o)
                              ./main.o (__udivmodqi4)
/opt/cross/avr/lib/gcc/avr/4.3.3/avr5/libgcc.a(_udivmodhi4.o)
                              ./main.o (__udivmodhi4)
/opt/cross/avr/lib/gcc/avr/4.3.3/avr5/libgcc.a(_divmodhi4.o)
                              ./main.o (__divmodhi4)
/opt/cross/avr/lib/gcc/avr/4.3.3/avr5/libgcc.a(_exit.o)
                              /opt/cross/avr/lib/gcc/avr/4.3.3/../../../../avr/lib/avr5/crtm32.o (exit)
/opt/cross/avr/lib/gcc/avr/4.3.3/avr5/libgcc.a(_copy_data.o)
                              ./i2c-master.o (__do_copy_data)
/opt/cross/avr/lib/gcc/avr/4.3.3/avr5/libgcc.a(_clear_bss.o)
                              ./i2c-master.o (__do_clear_bss)
/opt/cross/avr/lib/gcc/avr/4.3.3/avr5/libgcc.a(_fixunssfsi.o)
                              ./main.o (__fixunssfsi)
/opt/cross/avr/lib/gcc/avr/4.3.3/avr5/libgcc.a(_addsub_sf.o)
                              /opt/cross/avr/lib/gcc/avr/4.3.3/avr5/libgcc.a(_fixunssfsi.o) (__subsf3)
/opt/cross/avr/lib/gcc/avr/4.3.3/avr5/libgcc.a(_mul_sf.o)
                              ./main.o (__mulsf3)
/opt/cross/avr/lib/gcc/avr/4.3.3/avr5/libgcc.a(_gt_sf.o)
                              ./main.o (__gtsf2)
/opt/cross/avr/lib/gcc/avr/4.3.3/avr5/libgcc.a(_ge_sf.o)
                              /opt/cross/avr/lib/gcc/avr/4.3.3/avr5/libgcc.a(_fixunssfsi.o) (__gesf2)
/opt/cross/avr/lib/gcc/avr/4.3.3/avr5/libgcc.a(_lt_sf.o)
                              ./main.o (__ltsf2)
/opt/cross/avr/lib/gcc/avr/4.3.3/avr5/libgcc.a(_sf_to_si.o)
                              /opt/cross/avr/lib/gcc/avr/4.3.3/avr5/libgcc.a(_fixunssfsi.o) (__fixsfsi)
/opt/cross/avr/lib/gcc/avr/4.3.3/avr5/libgcc.a(_thenan_sf.o)
                              /opt/cross/avr/lib/gcc/avr/4.3.3/avr5/libgcc.a(_addsub_sf.o) (__thenan_sf)
/opt/cross/avr/lib/gcc/avr/4.3.3/avr5/libgcc.a(_prologue.o)
                              /opt/cross/avr/lib/gcc/avr/4.3.3/avr5/libgcc.a(_addsub_sf.o) (__prologue_saves__)
/opt/cross/avr/lib/gcc/avr/4.3.3/avr5/libgcc.a(_epilogue.o)
                              /opt/cross/avr/lib/gcc/avr/4.3.3/avr5/libgcc.a(_addsub_sf.o) (__epilogue_restores__)
/opt/cross/avr/lib/gcc/avr/4.3.3/avr5/libgcc.a(_pack_sf.o)
                              /opt/cross/avr/lib/gcc/avr/4.3.3/avr5/libgcc.a(_addsub_sf.o) (__pack_f)
/opt/cross/avr/lib/gcc/avr/4.3.3/avr5/libgcc.a(_unpack_sf.o)
                              /opt/cross/avr/lib/gcc/avr/4.3.3/avr5/libgcc.a(_addsub_sf.o) (__unpack_f)
/opt/cross/avr/lib/gcc/avr/4.3.3/avr5/libgcc.a(_fpcmp_parts_sf.o)
                              /opt/cross/avr/lib/gcc/avr/4.3.3/avr5/libgcc.a(_gt_sf.o) (__fpcmp_parts_f)
/opt/cross/avr/lib/gcc/avr/4.3.3/../../../../avr/lib/avr5/libc.a(sprintf.o)
                              ./i2c-master.o (sprintf)
/opt/cross/avr/lib/gcc/avr/4.3.3/../../../../avr/lib/avr5/libc.a(vfprintf_std.o)
                              /opt/cross/avr/lib/gcc/avr/4.3.3/../../../../avr/lib/avr5/libc.a(sprintf.o) (vfprintf)
/opt/cross/avr/lib/gcc/avr/4.3.3/../../../../avr/lib/avr5/libc.a(strnlen_P.o)
                              /opt/cross/avr/lib/gcc/avr/4.3.3/../../../../avr/lib/avr5/libc.a(vfprintf_std.o) (strnlen_P)
/opt/cross/avr/lib/gcc/avr/4.3.3/../../../../avr/lib/avr5/libc.a(strnlen.o)
                              /opt/cross/avr/lib/gcc/avr/4.3.3/../../../../avr/lib/avr5/libc.a(vfprintf_std.o) (strnlen)
/opt/cross/avr/lib/gcc/avr/4.3.3/../../../../avr/lib/avr5/libc.a(fputc.o)
                              /opt/cross/avr/lib/gcc/avr/4.3.3/../../../../avr/lib/avr5/libc.a(vfprintf_std.o) (fputc)
/opt/cross/avr/lib/gcc/avr/4.3.3/../../../../avr/lib/avr5/libc.a(ultoa_invert.o)
                              /opt/cross/avr/lib/gcc/avr/4.3.3/../../../../avr/lib/avr5/libc.a(vfprintf_std.o) (__ultoa_invert)

Memory Configuration

Name             Origin             Length             Attributes
text             0x00000000         0x00020000         xr
data             0x00800060         0x0000ffa0         rw !x
eeprom           0x00810000         0x00010000         rw !x
fuse             0x00820000         0x00000400         rw !x
lock             0x00830000         0x00000400         rw !x
signature        0x00840000         0x00000400         rw !x
*default*        0x00000000         0xffffffff

Linker script and memory map

LOAD /opt/cross/avr/lib/gcc/avr/4.3.3/../../../../avr/lib/avr5/crtm32.o
LOAD ./i2c-master.o
LOAD ./i2c-rtc.o
LOAD ./ldr.o
LOAD ./main.o
LOAD ./timer.o
LOAD /opt/cross/avr/lib/gcc/avr/4.3.3/avr5/libgcc.a
LOAD /opt/cross/avr/lib/gcc/avr/4.3.3/../../../../avr/lib/avr5/libm.a
LOAD /opt/cross/avr/lib/gcc/avr/4.3.3/avr5/libgcc.a
LOAD /opt/cross/avr/lib/gcc/avr/4.3.3/../../../../avr/lib/avr5/libc.a
LOAD /opt/cross/avr/lib/gcc/avr/4.3.3/avr5/libgcc.a

.hash
 *(.hash)

.dynsym
 *(.dynsym)

.dynstr
 *(.dynstr)

.gnu.version
 *(.gnu.version)

.gnu.version_d
 *(.gnu.version_d)

.gnu.version_r
 *(.gnu.version_r)

.rel.init
 *(.rel.init)

.rela.init
 *(.rela.init)

.rel.text
 *(.rel.text)
 *(.rel.text.*)
 *(.rel.gnu.linkonce.t*)

.rela.text
 *(.rela.text)
 *(.rela.text.*)
 *(.rela.gnu.linkonce.t*)

.rel.fini
 *(.rel.fini)

.rela.fini
 *(.rela.fini)

.rel.rodata
 *(.rel.rodata)
 *(.rel.rodata.*)
 *(.rel.gnu.linkonce.r*)

.rela.rodata
 *(.rela.rodata)
 *(.rela.rodata.*)
 *(.rela.gnu.linkonce.r*)

.rel.data
 *(.rel.data)
 *(.rel.data.*)
 *(.rel.gnu.linkonce.d*)

.rela.data
 *(.rela.data)
 *(.rela.data.*)
 *(.rela.gnu.linkonce.d*)

.rel.ctors
 *(.rel.ctors)

.rela.ctors
 *(.rela.ctors)

.rel.dtors
 *(.rel.dtors)

.rela.dtors
 *(.rela.dtors)

.rel.got
 *(.rel.got)

.rela.got
 *(.rela.got)

.rel.bss
 *(.rel.bss)

.rela.bss
 *(.rela.bss)

.rel.plt
 *(.rel.plt)

.rela.plt
 *(.rela.plt)

.text           0x00000000     0x2b62
 *(.vectors)
 .vectors       0x00000000       0x54 /opt/cross/avr/lib/gcc/avr/4.3.3/../../../../avr/lib/avr5/crtm32.o
                0x00000000                __vectors
                0x00000000                __vector_default
 *(.vectors)
 *(.progmem.gcc*)
 *(.progmem*)
                0x00000054                . = ALIGN (0x2)
                0x00000054                __trampolines_start = .
 *(.trampolines)
 .trampolines   0x00000054        0x0 linker stubs
 *(.trampolines*)
                0x00000054                __trampolines_end = .
 *(.jumptables)
 *(.jumptables*)
 *(.lowtext)
 *(.lowtext*)
                0x00000054                __ctors_start = .
 *(.ctors)
                0x00000054                __ctors_end = .
                0x00000054                __dtors_start = .
 *(.dtors)
                0x00000054                __dtors_end = .
 SORT(*)(.ctors)
 SORT(*)(.dtors)
 *(.init0)
 .init0         0x00000054        0x0 /opt/cross/avr/lib/gcc/avr/4.3.3/../../../../avr/lib/avr5/crtm32.o
                0x00000054                __init
 *(.init0)
 *(.init1)
 *(.init1)
 *(.init2)
 .init2         0x00000054        0xc /opt/cross/avr/lib/gcc/avr/4.3.3/../../../../avr/lib/avr5/crtm32.o
 *(.init2)
 *(.init3)
 *(.init3)
 *(.init4)
 .init4         0x00000060       0x16 /opt/cross/avr/lib/gcc/avr/4.3.3/avr5/libgcc.a(_copy_data.o)
                0x00000060                __do_copy_data
 .init4         0x00000076       0x10 /opt/cross/avr/lib/gcc/avr/4.3.3/avr5/libgcc.a(_clear_bss.o)
                0x00000076                __do_clear_bss
 *(.init4)
 *(.init5)
 *(.init5)
 *(.init6)
 *(.init6)
 *(.init7)
 *(.init7)
 *(.init8)
 *(.init8)
 *(.init9)
 .init9         0x00000086        0x8 /opt/cross/avr/lib/gcc/avr/4.3.3/../../../../avr/lib/avr5/crtm32.o
 *(.init9)
 *(.text)
 .text          0x0000008e        0x4 /opt/cross/avr/lib/gcc/avr/4.3.3/../../../../avr/lib/avr5/crtm32.o
                0x0000008e                __vector_1
                0x0000008e                __vector_12
                0x0000008e                __bad_interrupt
                0x0000008e                __vector_6
                0x0000008e                __vector_3
                0x0000008e                __vector_11
                0x0000008e                __vector_13
                0x0000008e                __vector_17
                0x0000008e                __vector_19
                0x0000008e                __vector_7
                0x0000008e                __vector_5
                0x0000008e                __vector_4
                0x0000008e                __vector_9
                0x0000008e                __vector_2
                0x0000008e                __vector_15
                0x0000008e                __vector_8
                0x0000008e                __vector_14
                0x0000008e                __vector_10
                0x0000008e                __vector_16
                0x0000008e                __vector_18
                0x0000008e                __vector_20
 .text          0x00000092      0x31c ./i2c-master.o
                0x00000388                i2c_master_read_nak
                0x00000302                i2c_master_write
                0x000000a8                i2c_master_init
                0x0000017e                i2c_master_start_wait
                0x000002b0                i2c_master_rep_start
                0x00000362                i2c_master_read_ack
                0x000002da                i2c_master_stop
                0x000000e2                i2c_master_start
 .text          0x000003ae      0x4a2 ./i2c-rtc.o
                0x00000550                i2c_rtc_read
                0x000004ac                i2c_rtc_write
                0x000005f4                i2c_rtc_sram_write
                0x000003ae                bcdtoi
                0x000006b2                i2c_rtc_sram_read
                0x0000049a                i2c_rtc_get_status
                0x000007ac                i2c_rtc_init
                0x000003ee                itobcd
 .text          0x00000850      0x188 ./ldr.o
                0x00000850                ldr_init
                0x00000930                ldr_read
                0x00000906                ldr_get_brightness
 .text          0x000009d8     0x10bc ./main.o
                0x00000b70                shift32_output
                0x00000a52                SetColor
                0x00000c3a                shift_init
                0x00000a1c                SetPWMOutput
                0x000009d8                InitPWM
                0x00000c94                main
                0x00000b1a                uartPuts
                0x00000aec                uartPutc
 .text          0x00001a94        0x0 ./timer.o
 .text          0x00001a94        0x0 /opt/cross/avr/lib/gcc/avr/4.3.3/avr5/libgcc.a(_udivmodqi4.o)
 .text          0x00001a94        0x0 /opt/cross/avr/lib/gcc/avr/4.3.3/avr5/libgcc.a(_udivmodhi4.o)
 .text          0x00001a94        0x0 /opt/cross/avr/lib/gcc/avr/4.3.3/avr5/libgcc.a(_divmodhi4.o)
 .text          0x00001a94        0x0 /opt/cross/avr/lib/gcc/avr/4.3.3/avr5/libgcc.a(_exit.o)
 .text          0x00001a94        0x0 /opt/cross/avr/lib/gcc/avr/4.3.3/avr5/libgcc.a(_copy_data.o)
 .text          0x00001a94        0x0 /opt/cross/avr/lib/gcc/avr/4.3.3/avr5/libgcc.a(_clear_bss.o)
 .text          0x00001a94       0x58 /opt/cross/avr/lib/gcc/avr/4.3.3/avr5/libgcc.a(_fixunssfsi.o)
                0x00001a94                __fixunssfsi
 .text          0x00001aec      0x354 /opt/cross/avr/lib/gcc/avr/4.3.3/avr5/libgcc.a(_addsub_sf.o)
                0x00001d84                __subsf3
                0x00001de6                __addsf3
 .text          0x00001e40      0x1f4 /opt/cross/avr/lib/gcc/avr/4.3.3/avr5/libgcc.a(_mul_sf.o)
                0x00001e40                __mulsf3
 .text          0x00002034       0x60 /opt/cross/avr/lib/gcc/avr/4.3.3/avr5/libgcc.a(_gt_sf.o)
                0x00002034                __gtsf2
 .text          0x00002094       0x60 /opt/cross/avr/lib/gcc/avr/4.3.3/avr5/libgcc.a(_ge_sf.o)
                0x00002094                __gesf2
 .text          0x000020f4       0x60 /opt/cross/avr/lib/gcc/avr/4.3.3/avr5/libgcc.a(_lt_sf.o)
                0x000020f4                __ltsf2
 .text          0x00002154       0xa8 /opt/cross/avr/lib/gcc/avr/4.3.3/avr5/libgcc.a(_sf_to_si.o)
                0x00002154                __fixsfsi
 .text          0x000021fc        0x0 /opt/cross/avr/lib/gcc/avr/4.3.3/avr5/libgcc.a(_thenan_sf.o)
 .text          0x000021fc        0x0 /opt/cross/avr/lib/gcc/avr/4.3.3/avr5/libgcc.a(_prologue.o)
 .text          0x000021fc        0x0 /opt/cross/avr/lib/gcc/avr/4.3.3/avr5/libgcc.a(_epilogue.o)
 .text          0x000021fc      0x1aa /opt/cross/avr/lib/gcc/avr/4.3.3/avr5/libgcc.a(_pack_sf.o)
                0x000021fc                __pack_f
 .text          0x000023a6       0xf0 /opt/cross/avr/lib/gcc/avr/4.3.3/avr5/libgcc.a(_unpack_sf.o)
                0x000023a6                __unpack_f
 .text          0x00002496       0xb2 /opt/cross/avr/lib/gcc/avr/4.3.3/avr5/libgcc.a(_fpcmp_parts_sf.o)
                0x00002496                __fpcmp_parts_f
 .text          0x00002548        0x0 /opt/cross/avr/lib/gcc/avr/4.3.3/../../../../avr/lib/avr5/libc.a(sprintf.o)
 .text          0x00002548        0x0 /opt/cross/avr/lib/gcc/avr/4.3.3/../../../../avr/lib/avr5/libc.a(vfprintf_std.o)
 .text          0x00002548        0x0 /opt/cross/avr/lib/gcc/avr/4.3.3/../../../../avr/lib/avr5/libc.a(strnlen_P.o)
 .text          0x00002548        0x0 /opt/cross/avr/lib/gcc/avr/4.3.3/../../../../avr/lib/avr5/libc.a(strnlen.o)
 .text          0x00002548        0x0 /opt/cross/avr/lib/gcc/avr/4.3.3/../../../../avr/lib/avr5/libc.a(fputc.o)
 .text          0x00002548        0x0 /opt/cross/avr/lib/gcc/avr/4.3.3/../../../../avr/lib/avr5/libc.a(ultoa_invert.o)
                0x00002548                . = ALIGN (0x2)
 *(.text.*)
 .text.libgcc   0x00002548       0x18 /opt/cross/avr/lib/gcc/avr/4.3.3/avr5/libgcc.a(_udivmodqi4.o)
                0x00002548                __udivmodqi4
 .text.libgcc   0x00002560       0x28 /opt/cross/avr/lib/gcc/avr/4.3.3/avr5/libgcc.a(_udivmodhi4.o)
                0x00002560                __udivmodhi4
 .text.libgcc   0x00002588       0x26 /opt/cross/avr/lib/gcc/avr/4.3.3/avr5/libgcc.a(_divmodhi4.o)
                0x00002588                __divmodhi4
                0x00002588                _div
 .text.libgcc   0x000025ae        0x0 /opt/cross/avr/lib/gcc/avr/4.3.3/avr5/libgcc.a(_exit.o)
 .text.libgcc   0x000025ae        0x0 /opt/cross/avr/lib/gcc/avr/4.3.3/avr5/libgcc.a(_copy_data.o)
 .text.libgcc   0x000025ae        0x0 /opt/cross/avr/lib/gcc/avr/4.3.3/avr5/libgcc.a(_clear_bss.o)
 .text.libgcc   0x000025ae       0x38 /opt/cross/avr/lib/gcc/avr/4.3.3/avr5/libgcc.a(_prologue.o)
                0x000025ae                __prologue_saves__
 .text.libgcc   0x000025e6       0x36 /opt/cross/avr/lib/gcc/avr/4.3.3/avr5/libgcc.a(_epilogue.o)
                0x000025e6                __epilogue_restores__
 .text.avr-libc
                0x0000261c       0x48 /opt/cross/avr/lib/gcc/avr/4.3.3/../../../../avr/lib/avr5/libc.a(sprintf.o)
                0x0000261c                sprintf
 .text.avr-libc
                0x00002664      0x3ba /opt/cross/avr/lib/gcc/avr/4.3.3/../../../../avr/lib/avr5/libc.a(vfprintf_std.o)
                0x00002664                vfprintf
 .text.avr-libc
                0x00002a1e       0x16 /opt/cross/avr/lib/gcc/avr/4.3.3/../../../../avr/lib/avr5/libc.a(strnlen_P.o)
                0x00002a1e                strnlen_P
 .text.avr-libc
                0x00002a34       0x16 /opt/cross/avr/lib/gcc/avr/4.3.3/../../../../avr/lib/avr5/libc.a(strnlen.o)
                0x00002a34                strnlen
 .text.avr-libc
                0x00002a4a       0x58 /opt/cross/avr/lib/gcc/avr/4.3.3/../../../../avr/lib/avr5/libc.a(fputc.o)
                0x00002a4a                fputc
 .text.avr-libc
                0x00002aa2       0xbc /opt/cross/avr/lib/gcc/avr/4.3.3/../../../../avr/lib/avr5/libc.a(ultoa_invert.o)
                0x00002aa2                __ultoa_invert
                0x00002b5e                . = ALIGN (0x2)
 *(.fini9)
 .fini9         0x00002b5e        0x0 /opt/cross/avr/lib/gcc/avr/4.3.3/avr5/libgcc.a(_exit.o)
                0x00002b5e                exit
                0x00002b5e                _exit
 *(.fini9)
 *(.fini8)
 *(.fini8)
 *(.fini7)
 *(.fini7)
 *(.fini6)
 *(.fini6)
 *(.fini5)
 *(.fini5)
 *(.fini4)
 *(.fini4)
 *(.fini3)
 *(.fini3)
 *(.fini2)
 *(.fini2)
 *(.fini1)
 *(.fini1)
 *(.fini0)
 .fini0         0x00002b5e        0x4 /opt/cross/avr/lib/gcc/avr/4.3.3/avr5/libgcc.a(_exit.o)
 *(.fini0)
                0x00002b62                _etext = .

.data           0x00800060       0xec load address 0x00002b62
                0x00800060                PROVIDE (__data_start, .)
 *(.data)
 .data          0x00800060        0x0 /opt/cross/avr/lib/gcc/avr/4.3.3/../../../../avr/lib/avr5/crtm32.o
 .data          0x00800060       0x26 ./i2c-master.o
 .data          0x00800086        0x0 ./i2c-rtc.o
 .data          0x00800086        0x0 ./ldr.o
 .data          0x00800086       0xbd ./main.o
 .data          0x00800143        0x0 ./timer.o
 .data          0x00800143        0x0 /opt/cross/avr/lib/gcc/avr/4.3.3/avr5/libgcc.a(_udivmodqi4.o)
 .data          0x00800143        0x0 /opt/cross/avr/lib/gcc/avr/4.3.3/avr5/libgcc.a(_udivmodhi4.o)
 .data          0x00800143        0x0 /opt/cross/avr/lib/gcc/avr/4.3.3/avr5/libgcc.a(_divmodhi4.o)
 .data          0x00800143        0x0 /opt/cross/avr/lib/gcc/avr/4.3.3/avr5/libgcc.a(_exit.o)
 .data          0x00800143        0x0 /opt/cross/avr/lib/gcc/avr/4.3.3/avr5/libgcc.a(_copy_data.o)
 .data          0x00800143        0x0 /opt/cross/avr/lib/gcc/avr/4.3.3/avr5/libgcc.a(_clear_bss.o)
 .data          0x00800143        0x0 /opt/cross/avr/lib/gcc/avr/4.3.3/avr5/libgcc.a(_fixunssfsi.o)
 .data          0x00800143        0x0 /opt/cross/avr/lib/gcc/avr/4.3.3/avr5/libgcc.a(_addsub_sf.o)
 .data          0x00800143        0x0 /opt/cross/avr/lib/gcc/avr/4.3.3/avr5/libgcc.a(_mul_sf.o)
 .data          0x00800143        0x0 /opt/cross/avr/lib/gcc/avr/4.3.3/avr5/libgcc.a(_gt_sf.o)
 .data          0x00800143        0x0 /opt/cross/avr/lib/gcc/avr/4.3.3/avr5/libgcc.a(_ge_sf.o)
 .data          0x00800143        0x0 /opt/cross/avr/lib/gcc/avr/4.3.3/avr5/libgcc.a(_lt_sf.o)
 .data          0x00800143        0x0 /opt/cross/avr/lib/gcc/avr/4.3.3/avr5/libgcc.a(_sf_to_si.o)
 .data          0x00800143        0x8 /opt/cross/avr/lib/gcc/avr/4.3.3/avr5/libgcc.a(_thenan_sf.o)
                0x00800143                __thenan_sf
 .data          0x0080014b        0x0 /opt/cross/avr/lib/gcc/avr/4.3.3/avr5/libgcc.a(_prologue.o)
 .data          0x0080014b        0x0 /opt/cross/avr/lib/gcc/avr/4.3.3/avr5/libgcc.a(_epilogue.o)
 .data          0x0080014b        0x0 /opt/cross/avr/lib/gcc/avr/4.3.3/avr5/libgcc.a(_pack_sf.o)
 .data          0x0080014b        0x0 /opt/cross/avr/lib/gcc/avr/4.3.3/avr5/libgcc.a(_unpack_sf.o)
 .data          0x0080014b        0x0 /opt/cross/avr/lib/gcc/avr/4.3.3/avr5/libgcc.a(_fpcmp_parts_sf.o)
 .data          0x0080014b        0x0 /opt/cross/avr/lib/gcc/avr/4.3.3/../../../../avr/lib/avr5/libc.a(sprintf.o)
 .data          0x0080014b        0x0 /opt/cross/avr/lib/gcc/avr/4.3.3/../../../../avr/lib/avr5/libc.a(vfprintf_std.o)
 .data          0x0080014b        0x0 /opt/cross/avr/lib/gcc/avr/4.3.3/../../../../avr/lib/avr5/libc.a(strnlen_P.o)
 .data          0x0080014b        0x0 /opt/cross/avr/lib/gcc/avr/4.3.3/../../../../avr/lib/avr5/libc.a(strnlen.o)
 .data          0x0080014b        0x0 /opt/cross/avr/lib/gcc/avr/4.3.3/../../../../avr/lib/avr5/libc.a(fputc.o)
 .data          0x0080014b        0x0 /opt/cross/avr/lib/gcc/avr/4.3.3/../../../../avr/lib/avr5/libc.a(ultoa_invert.o)
 *(.data*)
 *(.rodata)
 *(.rodata*)
 *(.gnu.linkonce.d*)
                0x0080014c                . = ALIGN (0x2)
 *fill*         0x0080014b        0x1 00
                0x0080014c                _edata = .
                0x0080014c                PROVIDE (__data_end, .)

.bss            0x0080014c       0x49
                0x0080014c                PROVIDE (__bss_start, .)
 *(.bss)
 .bss           0x0080014c        0x0 /opt/cross/avr/lib/gcc/avr/4.3.3/../../../../avr/lib/avr5/crtm32.o
 .bss           0x0080014c        0x1 ./i2c-master.o
 .bss           0x0080014d        0x5 ./i2c-rtc.o
 .bss           0x00800152       0x43 ./ldr.o
 .bss           0x00800195        0x0 ./main.o
 .bss           0x00800195        0x0 ./timer.o
 .bss           0x00800195        0x0 /opt/cross/avr/lib/gcc/avr/4.3.3/avr5/libgcc.a(_udivmodqi4.o)
 .bss           0x00800195        0x0 /opt/cross/avr/lib/gcc/avr/4.3.3/avr5/libgcc.a(_udivmodhi4.o)
 .bss           0x00800195        0x0 /opt/cross/avr/lib/gcc/avr/4.3.3/avr5/libgcc.a(_divmodhi4.o)
 .bss           0x00800195        0x0 /opt/cross/avr/lib/gcc/avr/4.3.3/avr5/libgcc.a(_exit.o)
 .bss           0x00800195        0x0 /opt/cross/avr/lib/gcc/avr/4.3.3/avr5/libgcc.a(_copy_data.o)
 .bss           0x00800195        0x0 /opt/cross/avr/lib/gcc/avr/4.3.3/avr5/libgcc.a(_clear_bss.o)
 .bss           0x00800195        0x0 /opt/cross/avr/lib/gcc/avr/4.3.3/avr5/libgcc.a(_fixunssfsi.o)
 .bss           0x00800195        0x0 /opt/cross/avr/lib/gcc/avr/4.3.3/avr5/libgcc.a(_addsub_sf.o)
 .bss           0x00800195        0x0 /opt/cross/avr/lib/gcc/avr/4.3.3/avr5/libgcc.a(_mul_sf.o)
 .bss           0x00800195        0x0 /opt/cross/avr/lib/gcc/avr/4.3.3/avr5/libgcc.a(_gt_sf.o)
 .bss           0x00800195        0x0 /opt/cross/avr/lib/gcc/avr/4.3.3/avr5/libgcc.a(_ge_sf.o)
 .bss           0x00800195        0x0 /opt/cross/avr/lib/gcc/avr/4.3.3/avr5/libgcc.a(_lt_sf.o)
 .bss           0x00800195        0x0 /opt/cross/avr/lib/gcc/avr/4.3.3/avr5/libgcc.a(_sf_to_si.o)
 .bss           0x00800195        0x0 /opt/cross/avr/lib/gcc/avr/4.3.3/avr5/libgcc.a(_thenan_sf.o)
 .bss           0x00800195        0x0 /opt/cross/avr/lib/gcc/avr/4.3.3/avr5/libgcc.a(_prologue.o)
 .bss           0x00800195        0x0 /opt/cross/avr/lib/gcc/avr/4.3.3/avr5/libgcc.a(_epilogue.o)
 .bss           0x00800195        0x0 /opt/cross/avr/lib/gcc/avr/4.3.3/avr5/libgcc.a(_pack_sf.o)
 .bss           0x00800195        0x0 /opt/cross/avr/lib/gcc/avr/4.3.3/avr5/libgcc.a(_unpack_sf.o)
 .bss           0x00800195        0x0 /opt/cross/avr/lib/gcc/avr/4.3.3/avr5/libgcc.a(_fpcmp_parts_sf.o)
 .bss           0x00800195        0x0 /opt/cross/avr/lib/gcc/avr/4.3.3/../../../../avr/lib/avr5/libc.a(sprintf.o)
 .bss           0x00800195        0x0 /opt/cross/avr/lib/gcc/avr/4.3.3/../../../../avr/lib/avr5/libc.a(vfprintf_std.o)
 .bss           0x00800195        0x0 /opt/cross/avr/lib/gcc/avr/4.3.3/../../../../avr/lib/avr5/libc.a(strnlen_P.o)
 .bss           0x00800195        0x0 /opt/cross/avr/lib/gcc/avr/4.3.3/../../../../avr/lib/avr5/libc.a(strnlen.o)
 .bss           0x00800195        0x0 /opt/cross/avr/lib/gcc/avr/4.3.3/../../../../avr/lib/avr5/libc.a(fputc.o)
 .bss           0x00800195        0x0 /opt/cross/avr/lib/gcc/avr/4.3.3/../../../../avr/lib/avr5/libc.a(ultoa_invert.o)
 *(.bss*)
 *(COMMON)
                0x00800195                PROVIDE (__bss_end, .)
                0x00002b62                __data_load_start = LOADADDR (.data)
                0x00002c4e                __data_load_end = (__data_load_start + SIZEOF (.data))

.noinit         0x00800195        0x0
                0x00800195                PROVIDE (__noinit_start, .)
 *(.noinit*)
                0x00800195                PROVIDE (__noinit_end, .)
                0x00800195                _end = .
                0x00800195                PROVIDE (__heap_start, .)

.eeprom         0x00810000        0x0
 *(.eeprom*)
                0x00810000                __eeprom_end = .

.fuse
 *(.fuse)
 *(.lfuse)
 *(.hfuse)
 *(.efuse)

.lock
 *(.lock*)

.signature
 *(.signature*)

.stab           0x00000000     0x3210
 *(.stab)
 .stab          0x00000000      0x6cc /opt/cross/avr/lib/gcc/avr/4.3.3/../../../../avr/lib/avr5/crtm32.o
 .stab          0x000006cc      0x870 ./i2c-master.o
                                0x87c (size before relaxing)
 .stab          0x00000f3c      0x8d0 ./i2c-rtc.o
                                0xa80 (size before relaxing)
 .stab          0x0000180c      0x3a8 ./ldr.o
                                0x570 (size before relaxing)
 .stab          0x00001bb4      0xfcc ./main.o
                               0x11dc (size before relaxing)
 .stab          0x00002b80       0xd8 ./timer.o
                                 0xe4 (size before relaxing)
 .stab          0x00002c58       0x9c /opt/cross/avr/lib/gcc/avr/4.3.3/../../../../avr/lib/avr5/libc.a(strnlen_P.o)
                                 0xa8 (size before relaxing)
 .stab          0x00002cf4       0x9c /opt/cross/avr/lib/gcc/avr/4.3.3/../../../../avr/lib/avr5/libc.a(strnlen.o)
                                 0xa8 (size before relaxing)
 .stab          0x00002d90      0x480 /opt/cross/avr/lib/gcc/avr/4.3.3/../../../../avr/lib/avr5/libc.a(ultoa_invert.o)
                                0x48c (size before relaxing)

.stabstr        0x00000000     0x1452
 *(.stabstr)
 .stabstr       0x00000000     0x1452 /opt/cross/avr/lib/gcc/avr/4.3.3/../../../../avr/lib/avr5/crtm32.o

.stab.excl
 *(.stab.excl)

.stab.exclstr
 *(.stab.exclstr)

.stab.index
 *(.stab.index)

.stab.indexstr
 *(.stab.indexstr)

.comment
 *(.comment)

.debug
 *(.debug)

.line
 *(.line)

.debug_srcinfo
 *(.debug_srcinfo)

.debug_sfnames
 *(.debug_sfnames)

.debug_aranges  0x00000000      0x1a0
 *(.debug_aranges)
 .debug_aranges
                0x00000000       0x20 /opt/cross/avr/lib/gcc/avr/4.3.3/avr5/libgcc.a(_fixunssfsi.o)
 .debug_aranges
                0x00000020       0x20 /opt/cross/avr/lib/gcc/avr/4.3.3/avr5/libgcc.a(_addsub_sf.o)
 .debug_aranges
                0x00000040       0x20 /opt/cross/avr/lib/gcc/avr/4.3.3/avr5/libgcc.a(_mul_sf.o)
 .debug_aranges
                0x00000060       0x20 /opt/cross/avr/lib/gcc/avr/4.3.3/avr5/libgcc.a(_gt_sf.o)
 .debug_aranges
                0x00000080       0x20 /opt/cross/avr/lib/gcc/avr/4.3.3/avr5/libgcc.a(_ge_sf.o)
 .debug_aranges
                0x000000a0       0x20 /opt/cross/avr/lib/gcc/avr/4.3.3/avr5/libgcc.a(_lt_sf.o)
 .debug_aranges
                0x000000c0       0x20 /opt/cross/avr/lib/gcc/avr/4.3.3/avr5/libgcc.a(_sf_to_si.o)
 .debug_aranges
                0x000000e0       0x20 /opt/cross/avr/lib/gcc/avr/4.3.3/avr5/libgcc.a(_pack_sf.o)
 .debug_aranges
                0x00000100       0x20 /opt/cross/avr/lib/gcc/avr/4.3.3/avr5/libgcc.a(_unpack_sf.o)
 .debug_aranges
                0x00000120       0x20 /opt/cross/avr/lib/gcc/avr/4.3.3/avr5/libgcc.a(_fpcmp_parts_sf.o)
 .debug_aranges
                0x00000140       0x20 /opt/cross/avr/lib/gcc/avr/4.3.3/../../../../avr/lib/avr5/libc.a(sprintf.o)
 .debug_aranges
                0x00000160       0x20 /opt/cross/avr/lib/gcc/avr/4.3.3/../../../../avr/lib/avr5/libc.a(vfprintf_std.o)
 .debug_aranges
                0x00000180       0x20 /opt/cross/avr/lib/gcc/avr/4.3.3/../../../../avr/lib/avr5/libc.a(fputc.o)

.debug_pubnames
                0x00000000      0x1c9
 *(.debug_pubnames)
 .debug_pubnames
                0x00000000       0x23 /opt/cross/avr/lib/gcc/avr/4.3.3/avr5/libgcc.a(_fixunssfsi.o)
 .debug_pubnames
                0x00000023       0x2c /opt/cross/avr/lib/gcc/avr/4.3.3/avr5/libgcc.a(_addsub_sf.o)
 .debug_pubnames
                0x0000004f       0x1f /opt/cross/avr/lib/gcc/avr/4.3.3/avr5/libgcc.a(_mul_sf.o)
 .debug_pubnames
                0x0000006e       0x1e /opt/cross/avr/lib/gcc/avr/4.3.3/avr5/libgcc.a(_gt_sf.o)
 .debug_pubnames
                0x0000008c       0x1e /opt/cross/avr/lib/gcc/avr/4.3.3/avr5/libgcc.a(_ge_sf.o)
 .debug_pubnames
                0x000000aa       0x1e /opt/cross/avr/lib/gcc/avr/4.3.3/avr5/libgcc.a(_lt_sf.o)
 .debug_pubnames
                0x000000c8       0x20 /opt/cross/avr/lib/gcc/avr/4.3.3/avr5/libgcc.a(_sf_to_si.o)
 .debug_pubnames
                0x000000e8       0x22 /opt/cross/avr/lib/gcc/avr/4.3.3/avr5/libgcc.a(_thenan_sf.o)
 .debug_pubnames
                0x0000010a       0x1f /opt/cross/avr/lib/gcc/avr/4.3.3/avr5/libgcc.a(_pack_sf.o)
 .debug_pubnames
                0x00000129       0x21 /opt/cross/avr/lib/gcc/avr/4.3.3/avr5/libgcc.a(_unpack_sf.o)
 .debug_pubnames
                0x0000014a       0x26 /opt/cross/avr/lib/gcc/avr/4.3.3/avr5/libgcc.a(_fpcmp_parts_sf.o)
 .debug_pubnames
                0x00000170       0x1e /opt/cross/avr/lib/gcc/avr/4.3.3/../../../../avr/lib/avr5/libc.a(sprintf.o)
 .debug_pubnames
                0x0000018e       0x1f /opt/cross/avr/lib/gcc/avr/4.3.3/../../../../avr/lib/avr5/libc.a(vfprintf_std.o)
 .debug_pubnames
                0x000001ad       0x1c /opt/cross/avr/lib/gcc/avr/4.3.3/../../../../avr/lib/avr5/libc.a(fputc.o)

.debug_info     0x00000000     0x22af
 *(.debug_info)
 .debug_info    0x00000000       0xb1 /opt/cross/avr/lib/gcc/avr/4.3.3/avr5/libgcc.a(_fixunssfsi.o)
 .debug_info    0x000000b1      0x47a /opt/cross/avr/lib/gcc/avr/4.3.3/avr5/libgcc.a(_addsub_sf.o)
 .debug_info    0x0000052b      0x485 /opt/cross/avr/lib/gcc/avr/4.3.3/avr5/libgcc.a(_mul_sf.o)
 .debug_info    0x000009b0      0x27f /opt/cross/avr/lib/gcc/avr/4.3.3/avr5/libgcc.a(_gt_sf.o)
 .debug_info    0x00000c2f      0x27f /opt/cross/avr/lib/gcc/avr/4.3.3/avr5/libgcc.a(_ge_sf.o)
 .debug_info    0x00000eae      0x27f /opt/cross/avr/lib/gcc/avr/4.3.3/avr5/libgcc.a(_lt_sf.o)
 .debug_info    0x0000112d      0x2b0 /opt/cross/avr/lib/gcc/avr/4.3.3/avr5/libgcc.a(_sf_to_si.o)
 .debug_info    0x000013dd      0x12c /opt/cross/avr/lib/gcc/avr/4.3.3/avr5/libgcc.a(_thenan_sf.o)
 .debug_info    0x00001509      0x2df /opt/cross/avr/lib/gcc/avr/4.3.3/avr5/libgcc.a(_pack_sf.o)
 .debug_info    0x000017e8      0x251 /opt/cross/avr/lib/gcc/avr/4.3.3/avr5/libgcc.a(_unpack_sf.o)
 .debug_info    0x00001a39      0x210 /opt/cross/avr/lib/gcc/avr/4.3.3/avr5/libgcc.a(_fpcmp_parts_sf.o)
 .debug_info    0x00001c49      0x1b4 /opt/cross/avr/lib/gcc/avr/4.3.3/../../../../avr/lib/avr5/libc.a(sprintf.o)
 .debug_info    0x00001dfd      0x348 /opt/cross/avr/lib/gcc/avr/4.3.3/../../../../avr/lib/avr5/libc.a(vfprintf_std.o)
 .debug_info    0x00002145      0x16a /opt/cross/avr/lib/gcc/avr/4.3.3/../../../../avr/lib/avr5/libc.a(fputc.o)
 *(.gnu.linkonce.wi.*)

.debug_abbrev   0x00000000     0x1267
 *(.debug_abbrev)
 .debug_abbrev  0x00000000       0x5d /opt/cross/avr/lib/gcc/avr/4.3.3/avr5/libgcc.a(_fixunssfsi.o)
 .debug_abbrev  0x0000005d      0x1ea /opt/cross/avr/lib/gcc/avr/4.3.3/avr5/libgcc.a(_addsub_sf.o)
 .debug_abbrev  0x00000247      0x21b /opt/cross/avr/lib/gcc/avr/4.3.3/avr5/libgcc.a(_mul_sf.o)
 .debug_abbrev  0x00000462      0x15a /opt/cross/avr/lib/gcc/avr/4.3.3/avr5/libgcc.a(_gt_sf.o)
 .debug_abbrev  0x000005bc      0x15a /opt/cross/avr/lib/gcc/avr/4.3.3/avr5/libgcc.a(_ge_sf.o)
 .debug_abbrev  0x00000716      0x15a /opt/cross/avr/lib/gcc/avr/4.3.3/avr5/libgcc.a(_lt_sf.o)
 .debug_abbrev  0x00000870      0x17f /opt/cross/avr/lib/gcc/avr/4.3.3/avr5/libgcc.a(_sf_to_si.o)
 .debug_abbrev  0x000009ef       0xad /opt/cross/avr/lib/gcc/avr/4.3.3/avr5/libgcc.a(_thenan_sf.o)
 .debug_abbrev  0x00000a9c      0x1c0 /opt/cross/avr/lib/gcc/avr/4.3.3/avr5/libgcc.a(_pack_sf.o)
 .debug_abbrev  0x00000c5c      0x154 /opt/cross/avr/lib/gcc/avr/4.3.3/avr5/libgcc.a(_unpack_sf.o)
 .debug_abbrev  0x00000db0      0x13b /opt/cross/avr/lib/gcc/avr/4.3.3/avr5/libgcc.a(_fpcmp_parts_sf.o)
 .debug_abbrev  0x00000eeb      0x10e /opt/cross/avr/lib/gcc/avr/4.3.3/../../../../avr/lib/avr5/libc.a(sprintf.o)
 .debug_abbrev  0x00000ff9      0x193 /opt/cross/avr/lib/gcc/avr/4.3.3/../../../../avr/lib/avr5/libc.a(vfprintf_std.o)
 .debug_abbrev  0x0000118c       0xdb /opt/cross/avr/lib/gcc/avr/4.3.3/../../../../avr/lib/avr5/libc.a(fputc.o)

.debug_line     0x00000000     0x140d
 *(.debug_line)
 .debug_line    0x00000000       0xaa /opt/cross/avr/lib/gcc/avr/4.3.3/avr5/libgcc.a(_fixunssfsi.o)
 .debug_line    0x000000aa      0x2b2 /opt/cross/avr/lib/gcc/avr/4.3.3/avr5/libgcc.a(_addsub_sf.o)
 .debug_line    0x0000035c      0x23c /opt/cross/avr/lib/gcc/avr/4.3.3/avr5/libgcc.a(_mul_sf.o)
 .debug_line    0x00000598       0xd6 /opt/cross/avr/lib/gcc/avr/4.3.3/avr5/libgcc.a(_gt_sf.o)
 .debug_line    0x0000066e       0xd6 /opt/cross/avr/lib/gcc/avr/4.3.3/avr5/libgcc.a(_ge_sf.o)
 .debug_line    0x00000744       0xd6 /opt/cross/avr/lib/gcc/avr/4.3.3/avr5/libgcc.a(_lt_sf.o)
 .debug_line    0x0000081a      0x10c /opt/cross/avr/lib/gcc/avr/4.3.3/avr5/libgcc.a(_sf_to_si.o)
 .debug_line    0x00000926       0x93 /opt/cross/avr/lib/gcc/avr/4.3.3/avr5/libgcc.a(_thenan_sf.o)
 .debug_line    0x000009b9      0x18d /opt/cross/avr/lib/gcc/avr/4.3.3/avr5/libgcc.a(_pack_sf.o)
 .debug_line    0x00000b46      0x14e /opt/cross/avr/lib/gcc/avr/4.3.3/avr5/libgcc.a(_unpack_sf.o)
 .debug_line    0x00000c94      0x13a /opt/cross/avr/lib/gcc/avr/4.3.3/avr5/libgcc.a(_fpcmp_parts_sf.o)
 .debug_line    0x00000dce      0x109 /opt/cross/avr/lib/gcc/avr/4.3.3/../../../../avr/lib/avr5/libc.a(sprintf.o)
 .debug_line    0x00000ed7      0x45c /opt/cross/avr/lib/gcc/avr/4.3.3/../../../../avr/lib/avr5/libc.a(vfprintf_std.o)
 .debug_line    0x00001333       0xda /opt/cross/avr/lib/gcc/avr/4.3.3/../../../../avr/lib/avr5/libc.a(fputc.o)

.debug_frame    0x00000000      0x1c0
 *(.debug_frame)
 .debug_frame   0x00000000       0x20 /opt/cross/avr/lib/gcc/avr/4.3.3/avr5/libgcc.a(_fixunssfsi.o)
 .debug_frame   0x00000020       0x40 /opt/cross/avr/lib/gcc/avr/4.3.3/avr5/libgcc.a(_addsub_sf.o)
 .debug_frame   0x00000060       0x20 /opt/cross/avr/lib/gcc/avr/4.3.3/avr5/libgcc.a(_mul_sf.o)
 .debug_frame   0x00000080       0x20 /opt/cross/avr/lib/gcc/avr/4.3.3/avr5/libgcc.a(_gt_sf.o)
 .debug_frame   0x000000a0       0x20 /opt/cross/avr/lib/gcc/avr/4.3.3/avr5/libgcc.a(_ge_sf.o)
 .debug_frame   0x000000c0       0x20 /opt/cross/avr/lib/gcc/avr/4.3.3/avr5/libgcc.a(_lt_sf.o)
 .debug_frame   0x000000e0       0x20 /opt/cross/avr/lib/gcc/avr/4.3.3/avr5/libgcc.a(_sf_to_si.o)
 .debug_frame   0x00000100       0x20 /opt/cross/avr/lib/gcc/avr/4.3.3/avr5/libgcc.a(_pack_sf.o)
 .debug_frame   0x00000120       0x20 /opt/cross/avr/lib/gcc/avr/4.3.3/avr5/libgcc.a(_unpack_sf.o)
 .debug_frame   0x00000140       0x20 /opt/cross/avr/lib/gcc/avr/4.3.3/avr5/libgcc.a(_fpcmp_parts_sf.o)
 .debug_frame   0x00000160       0x20 /opt/cross/avr/lib/gcc/avr/4.3.3/../../../../avr/lib/avr5/libc.a(sprintf.o)
 .debug_frame   0x00000180       0x20 /opt/cross/avr/lib/gcc/avr/4.3.3/../../../../avr/lib/avr5/libc.a(vfprintf_std.o)
 .debug_frame   0x000001a0       0x20 /opt/cross/avr/lib/gcc/avr/4.3.3/../../../../avr/lib/avr5/libc.a(fputc.o)

.debug_str      0x00000000      0x3c6
 *(.debug_str)
 .debug_str     0x00000000       0xc5 /opt/cross/avr/lib/gcc/avr/4.3.3/avr5/libgcc.a(_fixunssfsi.o)
                                0x104 (size before relaxing)
 .debug_str     0x000000c5      0x14d /opt/cross/avr/lib/gcc/avr/4.3.3/avr5/libgcc.a(_addsub_sf.o)
                                0x20c (size before relaxing)
 .debug_str     0x00000212       0x27 /opt/cross/avr/lib/gcc/avr/4.3.3/avr5/libgcc.a(_mul_sf.o)
                                0x1c5 (size before relaxing)
 .debug_str     0x00000239        0xf /opt/cross/avr/lib/gcc/avr/4.3.3/avr5/libgcc.a(_gt_sf.o)
                                0x19b (size before relaxing)
 .debug_str     0x00000248        0x8 /opt/cross/avr/lib/gcc/avr/4.3.3/avr5/libgcc.a(_ge_sf.o)
                                0x19b (size before relaxing)
 .debug_str     0x00000250        0x8 /opt/cross/avr/lib/gcc/avr/4.3.3/avr5/libgcc.a(_lt_sf.o)
                                0x19b (size before relaxing)
 .debug_str     0x00000258        0xa /opt/cross/avr/lib/gcc/avr/4.3.3/avr5/libgcc.a(_sf_to_si.o)
                                0x1a4 (size before relaxing)
 .debug_str     0x00000000      0x109 /opt/cross/avr/lib/gcc/avr/4.3.3/avr5/libgcc.a(_thenan_sf.o)
 .debug_str     0x00000262       0x16 /opt/cross/avr/lib/gcc/avr/4.3.3/avr5/libgcc.a(_pack_sf.o)
                                0x1a3 (size before relaxing)
 .debug_str     0x00000278        0xb /opt/cross/avr/lib/gcc/avr/4.3.3/avr5/libgcc.a(_unpack_sf.o)
                                0x185 (size before relaxing)
 .debug_str     0x00000283       0x10 /opt/cross/avr/lib/gcc/avr/4.3.3/avr5/libgcc.a(_fpcmp_parts_sf.o)
                                0x169 (size before relaxing)
 .debug_str     0x00000293       0xa1 /opt/cross/avr/lib/gcc/avr/4.3.3/../../../../avr/lib/avr5/libc.a(sprintf.o)
                                0x121 (size before relaxing)
 .debug_str     0x00000334       0x70 /opt/cross/avr/lib/gcc/avr/4.3.3/../../../../avr/lib/avr5/libc.a(vfprintf_std.o)
                                0x16b (size before relaxing)
 .debug_str     0x000003a4       0x22 /opt/cross/avr/lib/gcc/avr/4.3.3/../../../../avr/lib/avr5/libc.a(fputc.o)
                                 0xfb (size before relaxing)

.debug_loc      0x00000000      0xc9d
 *(.debug_loc)
 .debug_loc     0x00000000       0x34 /opt/cross/avr/lib/gcc/avr/4.3.3/avr5/libgcc.a(_fixunssfsi.o)
 .debug_loc     0x00000034      0x32a /opt/cross/avr/lib/gcc/avr/4.3.3/avr5/libgcc.a(_addsub_sf.o)
 .debug_loc     0x0000035e      0x104 /opt/cross/avr/lib/gcc/avr/4.3.3/avr5/libgcc.a(_mul_sf.o)
 .debug_loc     0x00000462       0x3c /opt/cross/avr/lib/gcc/avr/4.3.3/avr5/libgcc.a(_gt_sf.o)
 .debug_loc     0x0000049e       0x3c /opt/cross/avr/lib/gcc/avr/4.3.3/avr5/libgcc.a(_ge_sf.o)
 .debug_loc     0x000004da       0x3c /opt/cross/avr/lib/gcc/avr/4.3.3/avr5/libgcc.a(_lt_sf.o)
 .debug_loc     0x00000516       0x7e /opt/cross/avr/lib/gcc/avr/4.3.3/avr5/libgcc.a(_sf_to_si.o)
 .debug_loc     0x00000594      0x13e /opt/cross/avr/lib/gcc/avr/4.3.3/avr5/libgcc.a(_pack_sf.o)
 .debug_loc     0x000006d2       0xac /opt/cross/avr/lib/gcc/avr/4.3.3/avr5/libgcc.a(_unpack_sf.o)
 .debug_loc     0x0000077e       0x50 /opt/cross/avr/lib/gcc/avr/4.3.3/avr5/libgcc.a(_fpcmp_parts_sf.o)
 .debug_loc     0x000007ce       0x24 /opt/cross/avr/lib/gcc/avr/4.3.3/../../../../avr/lib/avr5/libc.a(sprintf.o)
 .debug_loc     0x000007f2      0x44b /opt/cross/avr/lib/gcc/avr/4.3.3/../../../../avr/lib/avr5/libc.a(vfprintf_std.o)
 .debug_loc     0x00000c3d       0x60 /opt/cross/avr/lib/gcc/avr/4.3.3/../../../../avr/lib/avr5/libc.a(fputc.o)

.debug_macinfo
 *(.debug_macinfo)
OUTPUT(wordclock.elf elf32-avr)
LOAD linker stubs

.debug_ranges   0x00000000       0xb0
 .debug_ranges  0x00000000       0x50 /opt/cross/avr/lib/gcc/avr/4.3.3/avr5/libgcc.a(_mul_sf.o)
 .debug_ranges  0x00000050       0x18 /opt/cross/avr/lib/gcc/avr/4.3.3/../../../../avr/lib/avr5/libc.a(sprintf.o)
 .debug_ranges  0x00000068       0x30 /opt/cross/avr/lib/gcc/avr/4.3.3/../../../../avr/lib/avr5/libc.a(vfprintf_std.o)
 .debug_ranges  0x00000098       0x18 /opt/cross/avr/lib/gcc/avr/4.3.3/../../../../avr/lib/avr5/libc.a(fputc.o)

Cross Reference Table

Symbol                                            File
InitPWM                                           ./main.o
SetColor                                          ./main.o
SetPWMOutput                                      ./main.o
__addsf3                                          /opt/cross/avr/lib/gcc/avr/4.3.3/avr5/libgcc.a(_addsub_sf.o)
__bad_interrupt                                   /opt/cross/avr/lib/gcc/avr/4.3.3/../../../../avr/lib/avr5/crtm32.o
__bss_end                                         /opt/cross/avr/lib/gcc/avr/4.3.3/avr5/libgcc.a(_clear_bss.o)
__bss_start                                       /opt/cross/avr/lib/gcc/avr/4.3.3/avr5/libgcc.a(_clear_bss.o)
__data_end                                        /opt/cross/avr/lib/gcc/avr/4.3.3/avr5/libgcc.a(_copy_data.o)
__data_load_start                                 /opt/cross/avr/lib/gcc/avr/4.3.3/avr5/libgcc.a(_copy_data.o)
__data_start                                      /opt/cross/avr/lib/gcc/avr/4.3.3/avr5/libgcc.a(_copy_data.o)
__divmodhi4                                       /opt/cross/avr/lib/gcc/avr/4.3.3/avr5/libgcc.a(_divmodhi4.o)
                                                  ./main.o
__do_clear_bss                                    /opt/cross/avr/lib/gcc/avr/4.3.3/avr5/libgcc.a(_clear_bss.o)
                                                  /opt/cross/avr/lib/gcc/avr/4.3.3/../../../../avr/lib/avr5/libc.a(fputc.o)
                                                  /opt/cross/avr/lib/gcc/avr/4.3.3/../../../../avr/lib/avr5/libc.a(vfprintf_std.o)
                                                  /opt/cross/avr/lib/gcc/avr/4.3.3/../../../../avr/lib/avr5/libc.a(sprintf.o)
                                                  /opt/cross/avr/lib/gcc/avr/4.3.3/avr5/libgcc.a(_fpcmp_parts_sf.o)
                                                  /opt/cross/avr/lib/gcc/avr/4.3.3/avr5/libgcc.a(_unpack_sf.o)
                                                  /opt/cross/avr/lib/gcc/avr/4.3.3/avr5/libgcc.a(_pack_sf.o)
                                                  /opt/cross/avr/lib/gcc/avr/4.3.3/avr5/libgcc.a(_thenan_sf.o)
                                                  /opt/cross/avr/lib/gcc/avr/4.3.3/avr5/libgcc.a(_sf_to_si.o)
                                                  /opt/cross/avr/lib/gcc/avr/4.3.3/avr5/libgcc.a(_lt_sf.o)
                                                  /opt/cross/avr/lib/gcc/avr/4.3.3/avr5/libgcc.a(_ge_sf.o)
                                                  /opt/cross/avr/lib/gcc/avr/4.3.3/avr5/libgcc.a(_gt_sf.o)
                                                  /opt/cross/avr/lib/gcc/avr/4.3.3/avr5/libgcc.a(_mul_sf.o)
                                                  /opt/cross/avr/lib/gcc/avr/4.3.3/avr5/libgcc.a(_addsub_sf.o)
                                                  /opt/cross/avr/lib/gcc/avr/4.3.3/avr5/libgcc.a(_fixunssfsi.o)
                                                  ./timer.o
                                                  ./main.o
                                                  ./ldr.o
                                                  ./i2c-rtc.o
                                                  ./i2c-master.o
__do_copy_data                                    /opt/cross/avr/lib/gcc/avr/4.3.3/avr5/libgcc.a(_copy_data.o)
                                                  /opt/cross/avr/lib/gcc/avr/4.3.3/../../../../avr/lib/avr5/libc.a(fputc.o)
                                                  /opt/cross/avr/lib/gcc/avr/4.3.3/../../../../avr/lib/avr5/libc.a(vfprintf_std.o)
                                                  /opt/cross/avr/lib/gcc/avr/4.3.3/../../../../avr/lib/avr5/libc.a(sprintf.o)
                                                  /opt/cross/avr/lib/gcc/avr/4.3.3/avr5/libgcc.a(_fpcmp_parts_sf.o)
                                                  /opt/cross/avr/lib/gcc/avr/4.3.3/avr5/libgcc.a(_unpack_sf.o)
                                                  /opt/cross/avr/lib/gcc/avr/4.3.3/avr5/libgcc.a(_pack_sf.o)
                                                  /opt/cross/avr/lib/gcc/avr/4.3.3/avr5/libgcc.a(_thenan_sf.o)
                                                  /opt/cross/avr/lib/gcc/avr/4.3.3/avr5/libgcc.a(_sf_to_si.o)
                                                  /opt/cross/avr/lib/gcc/avr/4.3.3/avr5/libgcc.a(_lt_sf.o)
                                                  /opt/cross/avr/lib/gcc/avr/4.3.3/avr5/libgcc.a(_ge_sf.o)
                                                  /opt/cross/avr/lib/gcc/avr/4.3.3/avr5/libgcc.a(_gt_sf.o)
                                                  /opt/cross/avr/lib/gcc/avr/4.3.3/avr5/libgcc.a(_mul_sf.o)
                                                  /opt/cross/avr/lib/gcc/avr/4.3.3/avr5/libgcc.a(_addsub_sf.o)
                                                  /opt/cross/avr/lib/gcc/avr/4.3.3/avr5/libgcc.a(_fixunssfsi.o)
                                                  ./timer.o
                                                  ./main.o
                                                  ./ldr.o
                                                  ./i2c-rtc.o
                                                  ./i2c-master.o
__epilogue_restores__                             /opt/cross/avr/lib/gcc/avr/4.3.3/avr5/libgcc.a(_epilogue.o)
                                                  /opt/cross/avr/lib/gcc/avr/4.3.3/../../../../avr/lib/avr5/libc.a(vfprintf_std.o)
                                                  /opt/cross/avr/lib/gcc/avr/4.3.3/../../../../avr/lib/avr5/libc.a(sprintf.o)
                                                  /opt/cross/avr/lib/gcc/avr/4.3.3/avr5/libgcc.a(_sf_to_si.o)
                                                  /opt/cross/avr/lib/gcc/avr/4.3.3/avr5/libgcc.a(_lt_sf.o)
                                                  /opt/cross/avr/lib/gcc/avr/4.3.3/avr5/libgcc.a(_ge_sf.o)
                                                  /opt/cross/avr/lib/gcc/avr/4.3.3/avr5/libgcc.a(_gt_sf.o)
                                                  /opt/cross/avr/lib/gcc/avr/4.3.3/avr5/libgcc.a(_mul_sf.o)
                                                  /opt/cross/avr/lib/gcc/avr/4.3.3/avr5/libgcc.a(_addsub_sf.o)
__fixsfsi                                         /opt/cross/avr/lib/gcc/avr/4.3.3/avr5/libgcc.a(_sf_to_si.o)
                                                  /opt/cross/avr/lib/gcc/avr/4.3.3/avr5/libgcc.a(_fixunssfsi.o)
__fixunssfsi                                      /opt/cross/avr/lib/gcc/avr/4.3.3/avr5/libgcc.a(_fixunssfsi.o)
                                                  ./main.o
__fpcmp_parts_f                                   /opt/cross/avr/lib/gcc/avr/4.3.3/avr5/libgcc.a(_fpcmp_parts_sf.o)
                                                  /opt/cross/avr/lib/gcc/avr/4.3.3/avr5/libgcc.a(_lt_sf.o)
                                                  /opt/cross/avr/lib/gcc/avr/4.3.3/avr5/libgcc.a(_ge_sf.o)
                                                  /opt/cross/avr/lib/gcc/avr/4.3.3/avr5/libgcc.a(_gt_sf.o)
__gesf2                                           /opt/cross/avr/lib/gcc/avr/4.3.3/avr5/libgcc.a(_ge_sf.o)
                                                  /opt/cross/avr/lib/gcc/avr/4.3.3/avr5/libgcc.a(_fixunssfsi.o)
__gtsf2                                           /opt/cross/avr/lib/gcc/avr/4.3.3/avr5/libgcc.a(_gt_sf.o)
                                                  ./main.o
__heap_end                                        /opt/cross/avr/lib/gcc/avr/4.3.3/../../../../avr/lib/avr5/crtm32.o
__init                                            /opt/cross/avr/lib/gcc/avr/4.3.3/../../../../avr/lib/avr5/crtm32.o
__ltsf2                                           /opt/cross/avr/lib/gcc/avr/4.3.3/avr5/libgcc.a(_lt_sf.o)
                                                  ./main.o
__mulsf3                                          /opt/cross/avr/lib/gcc/avr/4.3.3/avr5/libgcc.a(_mul_sf.o)
                                                  ./main.o
__pack_f                                          /opt/cross/avr/lib/gcc/avr/4.3.3/avr5/libgcc.a(_pack_sf.o)
                                                  /opt/cross/avr/lib/gcc/avr/4.3.3/avr5/libgcc.a(_mul_sf.o)
                                                  /opt/cross/avr/lib/gcc/avr/4.3.3/avr5/libgcc.a(_addsub_sf.o)
__prologue_saves__                                /opt/cross/avr/lib/gcc/avr/4.3.3/avr5/libgcc.a(_prologue.o)
                                                  /opt/cross/avr/lib/gcc/avr/4.3.3/../../../../avr/lib/avr5/libc.a(vfprintf_std.o)
                                                  /opt/cross/avr/lib/gcc/avr/4.3.3/../../../../avr/lib/avr5/libc.a(sprintf.o)
                                                  /opt/cross/avr/lib/gcc/avr/4.3.3/avr5/libgcc.a(_sf_to_si.o)
                                                  /opt/cross/avr/lib/gcc/avr/4.3.3/avr5/libgcc.a(_lt_sf.o)
                                                  /opt/cross/avr/lib/gcc/avr/4.3.3/avr5/libgcc.a(_ge_sf.o)
                                                  /opt/cross/avr/lib/gcc/avr/4.3.3/avr5/libgcc.a(_gt_sf.o)
                                                  /opt/cross/avr/lib/gcc/avr/4.3.3/avr5/libgcc.a(_mul_sf.o)
                                                  /opt/cross/avr/lib/gcc/avr/4.3.3/avr5/libgcc.a(_addsub_sf.o)
__stack                                           /opt/cross/avr/lib/gcc/avr/4.3.3/../../../../avr/lib/avr5/crtm32.o
__subsf3                                          /opt/cross/avr/lib/gcc/avr/4.3.3/avr5/libgcc.a(_addsub_sf.o)
                                                  /opt/cross/avr/lib/gcc/avr/4.3.3/avr5/libgcc.a(_fixunssfsi.o)
__thenan_sf                                       /opt/cross/avr/lib/gcc/avr/4.3.3/avr5/libgcc.a(_thenan_sf.o)
                                                  /opt/cross/avr/lib/gcc/avr/4.3.3/avr5/libgcc.a(_mul_sf.o)
                                                  /opt/cross/avr/lib/gcc/avr/4.3.3/avr5/libgcc.a(_addsub_sf.o)
__udivmodhi4                                      /opt/cross/avr/lib/gcc/avr/4.3.3/avr5/libgcc.a(_udivmodhi4.o)
                                                  /opt/cross/avr/lib/gcc/avr/4.3.3/avr5/libgcc.a(_divmodhi4.o)
                                                  ./main.o
__udivmodqi4                                      /opt/cross/avr/lib/gcc/avr/4.3.3/avr5/libgcc.a(_udivmodqi4.o)
                                                  ./main.o
__ultoa_invert                                    /opt/cross/avr/lib/gcc/avr/4.3.3/../../../../avr/lib/avr5/libc.a(ultoa_invert.o)
                                                  /opt/cross/avr/lib/gcc/avr/4.3.3/../../../../avr/lib/avr5/libc.a(vfprintf_std.o)
__unpack_f                                        /opt/cross/avr/lib/gcc/avr/4.3.3/avr5/libgcc.a(_unpack_sf.o)
                                                  /opt/cross/avr/lib/gcc/avr/4.3.3/avr5/libgcc.a(_sf_to_si.o)
                                                  /opt/cross/avr/lib/gcc/avr/4.3.3/avr5/libgcc.a(_lt_sf.o)
                                                  /opt/cross/avr/lib/gcc/avr/4.3.3/avr5/libgcc.a(_ge_sf.o)
                                                  /opt/cross/avr/lib/gcc/avr/4.3.3/avr5/libgcc.a(_gt_sf.o)
                                                  /opt/cross/avr/lib/gcc/avr/4.3.3/avr5/libgcc.a(_mul_sf.o)
                                                  /opt/cross/avr/lib/gcc/avr/4.3.3/avr5/libgcc.a(_addsub_sf.o)
__vector_1                                        /opt/cross/avr/lib/gcc/avr/4.3.3/../../../../avr/lib/avr5/crtm32.o
__vector_10                                       /opt/cross/avr/lib/gcc/avr/4.3.3/../../../../avr/lib/avr5/crtm32.o
__vector_11                                       /opt/cross/avr/lib/gcc/avr/4.3.3/../../../../avr/lib/avr5/crtm32.o
__vector_12                                       /opt/cross/avr/lib/gcc/avr/4.3.3/../../../../avr/lib/avr5/crtm32.o
__vector_13                                       /opt/cross/avr/lib/gcc/avr/4.3.3/../../../../avr/lib/avr5/crtm32.o
__vector_14                                       /opt/cross/avr/lib/gcc/avr/4.3.3/../../../../avr/lib/avr5/crtm32.o
__vector_15                                       /opt/cross/avr/lib/gcc/avr/4.3.3/../../../../avr/lib/avr5/crtm32.o
__vector_16                                       /opt/cross/avr/lib/gcc/avr/4.3.3/../../../../avr/lib/avr5/crtm32.o
__vector_17                                       /opt/cross/avr/lib/gcc/avr/4.3.3/../../../../avr/lib/avr5/crtm32.o
__vector_18                                       /opt/cross/avr/lib/gcc/avr/4.3.3/../../../../avr/lib/avr5/crtm32.o
__vector_19                                       /opt/cross/avr/lib/gcc/avr/4.3.3/../../../../avr/lib/avr5/crtm32.o
__vector_2                                        /opt/cross/avr/lib/gcc/avr/4.3.3/../../../../avr/lib/avr5/crtm32.o
__vector_20                                       /opt/cross/avr/lib/gcc/avr/4.3.3/../../../../avr/lib/avr5/crtm32.o
__vector_3                                        /opt/cross/avr/lib/gcc/avr/4.3.3/../../../../avr/lib/avr5/crtm32.o
__vector_4                                        /opt/cross/avr/lib/gcc/avr/4.3.3/../../../../avr/lib/avr5/crtm32.o
__vector_5                                        /opt/cross/avr/lib/gcc/avr/4.3.3/../../../../avr/lib/avr5/crtm32.o
__vector_6                                        /opt/cross/avr/lib/gcc/avr/4.3.3/../../../../avr/lib/avr5/crtm32.o
__vector_7                                        /opt/cross/avr/lib/gcc/avr/4.3.3/../../../../avr/lib/avr5/crtm32.o
__vector_8                                        /opt/cross/avr/lib/gcc/avr/4.3.3/../../../../avr/lib/avr5/crtm32.o
__vector_9                                        /opt/cross/avr/lib/gcc/avr/4.3.3/../../../../avr/lib/avr5/crtm32.o
__vector_default                                  /opt/cross/avr/lib/gcc/avr/4.3.3/../../../../avr/lib/avr5/crtm32.o
__vectors                                         /opt/cross/avr/lib/gcc/avr/4.3.3/../../../../avr/lib/avr5/crtm32.o
_div                                              /opt/cross/avr/lib/gcc/avr/4.3.3/avr5/libgcc.a(_divmodhi4.o)
_exit                                             /opt/cross/avr/lib/gcc/avr/4.3.3/avr5/libgcc.a(_exit.o)
bcdtoi                                            ./i2c-rtc.o
exit                                              /opt/cross/avr/lib/gcc/avr/4.3.3/avr5/libgcc.a(_exit.o)
                                                  /opt/cross/avr/lib/gcc/avr/4.3.3/../../../../avr/lib/avr5/crtm32.o
fputc                                             /opt/cross/avr/lib/gcc/avr/4.3.3/../../../../avr/lib/avr5/libc.a(fputc.o)
                                                  /opt/cross/avr/lib/gcc/avr/4.3.3/../../../../avr/lib/avr5/libc.a(vfprintf_std.o)
i2c_master_init                                   ./i2c-master.o
                                                  ./i2c-rtc.o
i2c_master_read_ack                               ./i2c-master.o
                                                  ./i2c-rtc.o
i2c_master_read_nak                               ./i2c-master.o
                                                  ./i2c-rtc.o
i2c_master_rep_start                              ./i2c-master.o
                                                  ./i2c-rtc.o
i2c_master_start                                  ./i2c-master.o
i2c_master_start_wait                             ./i2c-master.o
                                                  ./i2c-rtc.o
i2c_master_stop                                   ./i2c-master.o
                                                  ./i2c-rtc.o
i2c_master_write                                  ./i2c-master.o
                                                  ./i2c-rtc.o
i2c_rtc_get_status                                ./i2c-rtc.o
i2c_rtc_init                                      ./i2c-rtc.o
                                                  ./main.o
i2c_rtc_read                                      ./i2c-rtc.o
                                                  ./main.o
i2c_rtc_sram_read                                 ./i2c-rtc.o
                                                  ./main.o
i2c_rtc_sram_write                                ./i2c-rtc.o
                                                  ./main.o
i2c_rtc_write                                     ./i2c-rtc.o
                                                  ./main.o
itobcd                                            ./i2c-rtc.o
ldr_get_brightness                                ./ldr.o
                                                  ./main.o
ldr_init                                          ./ldr.o
                                                  ./main.o
ldr_read                                          ./ldr.o
                                                  ./main.o
main                                              ./main.o
                                                  /opt/cross/avr/lib/gcc/avr/4.3.3/../../../../avr/lib/avr5/crtm32.o
shift32_output                                    ./main.o
shift_init                                        ./main.o
sprintf                                           /opt/cross/avr/lib/gcc/avr/4.3.3/../../../../avr/lib/avr5/libc.a(sprintf.o)
                                                  ./main.o
                                                  ./i2c-master.o
strnlen                                           /opt/cross/avr/lib/gcc/avr/4.3.3/../../../../avr/lib/avr5/libc.a(strnlen.o)
                                                  /opt/cross/avr/lib/gcc/avr/4.3.3/../../../../avr/lib/avr5/libc.a(vfprintf_std.o)
strnlen_P                                         /opt/cross/avr/lib/gcc/avr/4.3.3/../../../../avr/lib/avr5/libc.a(strnlen_P.o)
                                                  /opt/cross/avr/lib/gcc/avr/4.3.3/../../../../avr/lib/avr5/libc.a(vfprintf_std.o)
uartPutc                                          ./main.o
uartPuts                                          ./main.o
                                                  ./i2c-master.o
vfprintf                                          /opt/cross/avr/lib/gcc/avr/4.3.3/../../../../avr/lib/avr5/libc.a(vfprintf_std.o)
                                                  /opt/cross/avr/lib/gcc/avr/4.3.3/../../../../avr/lib/avr5/libc.a(sprintf.o)
