Archive member included because of file (symbol)

/opt/cross/avr/lib/gcc/avr/4.3.3/avr4/libgcc.a(_exit.o)
                              /opt/cross/avr/lib/gcc/avr/4.3.3/../../../../avr/lib/avr4/crtm8.o (exit)
/opt/cross/avr/lib/gcc/avr/4.3.3/avr4/libgcc.a(_copy_data.o)
                              ./main.o (__do_copy_data)
/opt/cross/avr/lib/gcc/avr/4.3.3/avr4/libgcc.a(_clear_bss.o)
                              ./main.o (__do_clear_bss)
/opt/cross/avr/lib/gcc/avr/4.3.3/avr4/libgcc.a(_fixunssfsi.o)
                              ./main.o (__fixunssfsi)
/opt/cross/avr/lib/gcc/avr/4.3.3/avr4/libgcc.a(_addsub_sf.o)
                              /opt/cross/avr/lib/gcc/avr/4.3.3/avr4/libgcc.a(_fixunssfsi.o) (__subsf3)
/opt/cross/avr/lib/gcc/avr/4.3.3/avr4/libgcc.a(_mul_sf.o)
                              ./main.o (__mulsf3)
/opt/cross/avr/lib/gcc/avr/4.3.3/avr4/libgcc.a(_gt_sf.o)
                              ./main.o (__gtsf2)
/opt/cross/avr/lib/gcc/avr/4.3.3/avr4/libgcc.a(_ge_sf.o)
                              /opt/cross/avr/lib/gcc/avr/4.3.3/avr4/libgcc.a(_fixunssfsi.o) (__gesf2)
/opt/cross/avr/lib/gcc/avr/4.3.3/avr4/libgcc.a(_lt_sf.o)
                              ./main.o (__ltsf2)
/opt/cross/avr/lib/gcc/avr/4.3.3/avr4/libgcc.a(_sf_to_si.o)
                              /opt/cross/avr/lib/gcc/avr/4.3.3/avr4/libgcc.a(_fixunssfsi.o) (__fixsfsi)
/opt/cross/avr/lib/gcc/avr/4.3.3/avr4/libgcc.a(_thenan_sf.o)
                              /opt/cross/avr/lib/gcc/avr/4.3.3/avr4/libgcc.a(_addsub_sf.o) (__thenan_sf)
/opt/cross/avr/lib/gcc/avr/4.3.3/avr4/libgcc.a(_prologue.o)
                              /opt/cross/avr/lib/gcc/avr/4.3.3/avr4/libgcc.a(_addsub_sf.o) (__prologue_saves__)
/opt/cross/avr/lib/gcc/avr/4.3.3/avr4/libgcc.a(_epilogue.o)
                              /opt/cross/avr/lib/gcc/avr/4.3.3/avr4/libgcc.a(_addsub_sf.o) (__epilogue_restores__)
/opt/cross/avr/lib/gcc/avr/4.3.3/avr4/libgcc.a(_pack_sf.o)
                              /opt/cross/avr/lib/gcc/avr/4.3.3/avr4/libgcc.a(_addsub_sf.o) (__pack_f)
/opt/cross/avr/lib/gcc/avr/4.3.3/avr4/libgcc.a(_unpack_sf.o)
                              /opt/cross/avr/lib/gcc/avr/4.3.3/avr4/libgcc.a(_addsub_sf.o) (__unpack_f)
/opt/cross/avr/lib/gcc/avr/4.3.3/avr4/libgcc.a(_fpcmp_parts_sf.o)
                              /opt/cross/avr/lib/gcc/avr/4.3.3/avr4/libgcc.a(_gt_sf.o) (__fpcmp_parts_f)

Memory Configuration

Name             Origin             Length             Attributes
text             0x0000000000000000 0x0000000000002000 xr
data             0x0000000000800060 0x000000000000ffa0 rw !x
eeprom           0x0000000000810000 0x0000000000010000 rw !x
fuse             0x0000000000820000 0x0000000000000400 rw !x
lock             0x0000000000830000 0x0000000000000400 rw !x
signature        0x0000000000840000 0x0000000000000400 rw !x
*default*        0x0000000000000000 0xffffffffffffffff

Linker script and memory map

LOAD /opt/cross/avr/lib/gcc/avr/4.3.3/../../../../avr/lib/avr4/crtm8.o
LOAD ./main.o
LOAD /opt/cross/avr/lib/gcc/avr/4.3.3/avr4/libgcc.a
LOAD /opt/cross/avr/lib/gcc/avr/4.3.3/../../../../avr/lib/avr4/libc.a
LOAD /opt/cross/avr/lib/gcc/avr/4.3.3/avr4/libgcc.a

.hash
 *(.hash)

.dynsym
 *(.dynsym)

.dynstr
 *(.dynstr)

.gnu.version
 *(.gnu.version)

.gnu.version_d
 *(.gnu.version_d)

.gnu.version_r
 *(.gnu.version_r)

.rel.init
 *(.rel.init)

.rela.init
 *(.rela.init)

.rel.text
 *(.rel.text)
 *(.rel.text.*)
 *(.rel.gnu.linkonce.t*)

.rela.text
 *(.rela.text)
 *(.rela.text.*)
 *(.rela.gnu.linkonce.t*)

.rel.fini
 *(.rel.fini)

.rela.fini
 *(.rela.fini)

.rel.rodata
 *(.rel.rodata)
 *(.rel.rodata.*)
 *(.rel.gnu.linkonce.r*)

.rela.rodata
 *(.rela.rodata)
 *(.rela.rodata.*)
 *(.rela.gnu.linkonce.r*)

.rel.data
 *(.rel.data)
 *(.rel.data.*)
 *(.rel.gnu.linkonce.d*)

.rela.data
 *(.rela.data)
 *(.rela.data.*)
 *(.rela.gnu.linkonce.d*)

.rel.ctors
 *(.rel.ctors)

.rela.ctors
 *(.rela.ctors)

.rel.dtors
 *(.rel.dtors)

.rela.dtors
 *(.rela.dtors)

.rel.got
 *(.rel.got)

.rela.got
 *(.rela.got)

.rel.bss
 *(.rel.bss)

.rela.bss
 *(.rela.bss)

.rel.plt
 *(.rel.plt)

.rela.plt
 *(.rela.plt)

.text           0x0000000000000000      0xcfe
 *(.vectors)
 .vectors       0x0000000000000000       0x26 /opt/cross/avr/lib/gcc/avr/4.3.3/../../../../avr/lib/avr4/crtm8.o
                0x0000000000000000                __vectors
                0x0000000000000000                __vector_default
 *(.vectors)
 *(.progmem.gcc*)
 *(.progmem*)
                0x0000000000000026                . = ALIGN (0x2)
                0x0000000000000026                __trampolines_start = .
 *(.trampolines)
 .trampolines   0x0000000000000026        0x0 linker stubs
 *(.trampolines*)
                0x0000000000000026                __trampolines_end = .
 *(.jumptables)
 *(.jumptables*)
 *(.lowtext)
 *(.lowtext*)
                0x0000000000000026                __ctors_start = .
 *(.ctors)
                0x0000000000000026                __ctors_end = .
                0x0000000000000026                __dtors_start = .
 *(.dtors)
                0x0000000000000026                __dtors_end = .
 SORT(*)(.ctors)
 SORT(*)(.dtors)
 *(.init0)
 .init0         0x0000000000000026        0x0 /opt/cross/avr/lib/gcc/avr/4.3.3/../../../../avr/lib/avr4/crtm8.o
                0x0000000000000026                __init
 *(.init0)
 *(.init1)
 *(.init1)
 *(.init2)
 .init2         0x0000000000000026        0xc /opt/cross/avr/lib/gcc/avr/4.3.3/../../../../avr/lib/avr4/crtm8.o
 *(.init2)
 *(.init3)
 *(.init3)
 *(.init4)
 .init4         0x0000000000000032       0x16 /opt/cross/avr/lib/gcc/avr/4.3.3/avr4/libgcc.a(_copy_data.o)
                0x0000000000000032                __do_copy_data
 .init4         0x0000000000000048       0x10 /opt/cross/avr/lib/gcc/avr/4.3.3/avr4/libgcc.a(_clear_bss.o)
                0x0000000000000048                __do_clear_bss
 *(.init4)
 *(.init5)
 *(.init5)
 *(.init6)
 *(.init6)
 *(.init7)
 *(.init7)
 *(.init8)
 *(.init8)
 *(.init9)
 .init9         0x0000000000000058        0x4 /opt/cross/avr/lib/gcc/avr/4.3.3/../../../../avr/lib/avr4/crtm8.o
 *(.init9)
 *(.text)
 .text          0x000000000000005c        0x2 /opt/cross/avr/lib/gcc/avr/4.3.3/../../../../avr/lib/avr4/crtm8.o
                0x000000000000005c                __vector_1
                0x000000000000005c                __vector_12
                0x000000000000005c                __bad_interrupt
                0x000000000000005c                __vector_6
                0x000000000000005c                __vector_3
                0x000000000000005c                __vector_11
                0x000000000000005c                __vector_13
                0x000000000000005c                __vector_17
                0x000000000000005c                __vector_7
                0x000000000000005c                __vector_5
                0x000000000000005c                __vector_4
                0x000000000000005c                __vector_9
                0x000000000000005c                __vector_2
                0x000000000000005c                __vector_15
                0x000000000000005c                __vector_8
                0x000000000000005c                __vector_14
                0x000000000000005c                __vector_10
                0x000000000000005c                __vector_16
                0x000000000000005c                __vector_18
 .text          0x000000000000005e      0x1cc ./main.o
                0x00000000000000a2                SetColor
                0x000000000000005e                InitPWM
                0x000000000000008c                LinearizeForEye
                0x00000000000000fa                main
 .text          0x000000000000022a        0x0 /opt/cross/avr/lib/gcc/avr/4.3.3/avr4/libgcc.a(_exit.o)
 .text          0x000000000000022a        0x0 /opt/cross/avr/lib/gcc/avr/4.3.3/avr4/libgcc.a(_copy_data.o)
 .text          0x000000000000022a        0x0 /opt/cross/avr/lib/gcc/avr/4.3.3/avr4/libgcc.a(_clear_bss.o)
 .text          0x000000000000022a       0x50 /opt/cross/avr/lib/gcc/avr/4.3.3/avr4/libgcc.a(_fixunssfsi.o)
                0x000000000000022a                __fixunssfsi
 .text          0x000000000000027a      0x338 /opt/cross/avr/lib/gcc/avr/4.3.3/avr4/libgcc.a(_addsub_sf.o)
                0x000000000000050e                __subsf3
                0x0000000000000564                __addsf3
 .text          0x00000000000005b2      0x1ea /opt/cross/avr/lib/gcc/avr/4.3.3/avr4/libgcc.a(_mul_sf.o)
                0x00000000000005b2                __mulsf3
 .text          0x000000000000079c       0x56 /opt/cross/avr/lib/gcc/avr/4.3.3/avr4/libgcc.a(_gt_sf.o)
                0x000000000000079c                __gtsf2
 .text          0x00000000000007f2       0x56 /opt/cross/avr/lib/gcc/avr/4.3.3/avr4/libgcc.a(_ge_sf.o)
                0x00000000000007f2                __gesf2
 .text          0x0000000000000848       0x56 /opt/cross/avr/lib/gcc/avr/4.3.3/avr4/libgcc.a(_lt_sf.o)
                0x0000000000000848                __ltsf2
 .text          0x000000000000089e       0xa2 /opt/cross/avr/lib/gcc/avr/4.3.3/avr4/libgcc.a(_sf_to_si.o)
                0x000000000000089e                __fixsfsi
 .text          0x0000000000000940        0x0 /opt/cross/avr/lib/gcc/avr/4.3.3/avr4/libgcc.a(_thenan_sf.o)
 .text          0x0000000000000940        0x0 /opt/cross/avr/lib/gcc/avr/4.3.3/avr4/libgcc.a(_prologue.o)
 .text          0x0000000000000940        0x0 /opt/cross/avr/lib/gcc/avr/4.3.3/avr4/libgcc.a(_epilogue.o)
 .text          0x0000000000000940      0x1aa /opt/cross/avr/lib/gcc/avr/4.3.3/avr4/libgcc.a(_pack_sf.o)
                0x0000000000000940                __pack_f
 .text          0x0000000000000aea       0xf0 /opt/cross/avr/lib/gcc/avr/4.3.3/avr4/libgcc.a(_unpack_sf.o)
                0x0000000000000aea                __unpack_f
 .text          0x0000000000000bda       0xb2 /opt/cross/avr/lib/gcc/avr/4.3.3/avr4/libgcc.a(_fpcmp_parts_sf.o)
                0x0000000000000bda                __fpcmp_parts_f
                0x0000000000000c8c                . = ALIGN (0x2)
 *(.text.*)
 .text.libgcc   0x0000000000000c8c        0x0 /opt/cross/avr/lib/gcc/avr/4.3.3/avr4/libgcc.a(_exit.o)
 .text.libgcc   0x0000000000000c8c        0x0 /opt/cross/avr/lib/gcc/avr/4.3.3/avr4/libgcc.a(_copy_data.o)
 .text.libgcc   0x0000000000000c8c        0x0 /opt/cross/avr/lib/gcc/avr/4.3.3/avr4/libgcc.a(_clear_bss.o)
 .text.libgcc   0x0000000000000c8c       0x38 /opt/cross/avr/lib/gcc/avr/4.3.3/avr4/libgcc.a(_prologue.o)
                0x0000000000000c8c                __prologue_saves__
 .text.libgcc   0x0000000000000cc4       0x36 /opt/cross/avr/lib/gcc/avr/4.3.3/avr4/libgcc.a(_epilogue.o)
                0x0000000000000cc4                __epilogue_restores__
                0x0000000000000cfa                . = ALIGN (0x2)
 *(.fini9)
 .fini9         0x0000000000000cfa        0x0 /opt/cross/avr/lib/gcc/avr/4.3.3/avr4/libgcc.a(_exit.o)
                0x0000000000000cfa                exit
                0x0000000000000cfa                _exit
 *(.fini9)
 *(.fini8)
 *(.fini8)
 *(.fini7)
 *(.fini7)
 *(.fini6)
 *(.fini6)
 *(.fini5)
 *(.fini5)
 *(.fini4)
 *(.fini4)
 *(.fini3)
 *(.fini3)
 *(.fini2)
 *(.fini2)
 *(.fini1)
 *(.fini1)
 *(.fini0)
 .fini0         0x0000000000000cfa        0x4 /opt/cross/avr/lib/gcc/avr/4.3.3/avr4/libgcc.a(_exit.o)
 *(.fini0)
                0x0000000000000cfe                _etext = .

.data           0x0000000000800060        0x8 load address 0x0000000000000cfe
                0x0000000000800060                PROVIDE (__data_start, .)
 *(.data)
 .data          0x0000000000800060        0x0 /opt/cross/avr/lib/gcc/avr/4.3.3/../../../../avr/lib/avr4/crtm8.o
 .data          0x0000000000800060        0x0 ./main.o
 .data          0x0000000000800060        0x0 /opt/cross/avr/lib/gcc/avr/4.3.3/avr4/libgcc.a(_exit.o)
 .data          0x0000000000800060        0x0 /opt/cross/avr/lib/gcc/avr/4.3.3/avr4/libgcc.a(_copy_data.o)
 .data          0x0000000000800060        0x0 /opt/cross/avr/lib/gcc/avr/4.3.3/avr4/libgcc.a(_clear_bss.o)
 .data          0x0000000000800060        0x0 /opt/cross/avr/lib/gcc/avr/4.3.3/avr4/libgcc.a(_fixunssfsi.o)
 .data          0x0000000000800060        0x0 /opt/cross/avr/lib/gcc/avr/4.3.3/avr4/libgcc.a(_addsub_sf.o)
 .data          0x0000000000800060        0x0 /opt/cross/avr/lib/gcc/avr/4.3.3/avr4/libgcc.a(_mul_sf.o)
 .data          0x0000000000800060        0x0 /opt/cross/avr/lib/gcc/avr/4.3.3/avr4/libgcc.a(_gt_sf.o)
 .data          0x0000000000800060        0x0 /opt/cross/avr/lib/gcc/avr/4.3.3/avr4/libgcc.a(_ge_sf.o)
 .data          0x0000000000800060        0x0 /opt/cross/avr/lib/gcc/avr/4.3.3/avr4/libgcc.a(_lt_sf.o)
 .data          0x0000000000800060        0x0 /opt/cross/avr/lib/gcc/avr/4.3.3/avr4/libgcc.a(_sf_to_si.o)
 .data          0x0000000000800060        0x8 /opt/cross/avr/lib/gcc/avr/4.3.3/avr4/libgcc.a(_thenan_sf.o)
                0x0000000000800060                __thenan_sf
 .data          0x0000000000800068        0x0 /opt/cross/avr/lib/gcc/avr/4.3.3/avr4/libgcc.a(_prologue.o)
 .data          0x0000000000800068        0x0 /opt/cross/avr/lib/gcc/avr/4.3.3/avr4/libgcc.a(_epilogue.o)
 .data          0x0000000000800068        0x0 /opt/cross/avr/lib/gcc/avr/4.3.3/avr4/libgcc.a(_pack_sf.o)
 .data          0x0000000000800068        0x0 /opt/cross/avr/lib/gcc/avr/4.3.3/avr4/libgcc.a(_unpack_sf.o)
 .data          0x0000000000800068        0x0 /opt/cross/avr/lib/gcc/avr/4.3.3/avr4/libgcc.a(_fpcmp_parts_sf.o)
 *(.data*)
 *(.rodata)
 *(.rodata*)
 *(.gnu.linkonce.d*)
                0x0000000000800068                . = ALIGN (0x2)
                0x0000000000800068                _edata = .
                0x0000000000800068                PROVIDE (__data_end, .)

.bss            0x0000000000800068        0x3
                0x0000000000800068                PROVIDE (__bss_start, .)
 *(.bss)
 .bss           0x0000000000800068        0x0 /opt/cross/avr/lib/gcc/avr/4.3.3/../../../../avr/lib/avr4/crtm8.o
 .bss           0x0000000000800068        0x3 ./main.o
                0x0000000000800069                g_cPWMg
                0x0000000000800068                g_cPWMr
                0x000000000080006a                g_cPWMb
 .bss           0x000000000080006b        0x0 /opt/cross/avr/lib/gcc/avr/4.3.3/avr4/libgcc.a(_exit.o)
 .bss           0x000000000080006b        0x0 /opt/cross/avr/lib/gcc/avr/4.3.3/avr4/libgcc.a(_copy_data.o)
 .bss           0x000000000080006b        0x0 /opt/cross/avr/lib/gcc/avr/4.3.3/avr4/libgcc.a(_clear_bss.o)
 .bss           0x000000000080006b        0x0 /opt/cross/avr/lib/gcc/avr/4.3.3/avr4/libgcc.a(_fixunssfsi.o)
 .bss           0x000000000080006b        0x0 /opt/cross/avr/lib/gcc/avr/4.3.3/avr4/libgcc.a(_addsub_sf.o)
 .bss           0x000000000080006b        0x0 /opt/cross/avr/lib/gcc/avr/4.3.3/avr4/libgcc.a(_mul_sf.o)
 .bss           0x000000000080006b        0x0 /opt/cross/avr/lib/gcc/avr/4.3.3/avr4/libgcc.a(_gt_sf.o)
 .bss           0x000000000080006b        0x0 /opt/cross/avr/lib/gcc/avr/4.3.3/avr4/libgcc.a(_ge_sf.o)
 .bss           0x000000000080006b        0x0 /opt/cross/avr/lib/gcc/avr/4.3.3/avr4/libgcc.a(_lt_sf.o)
 .bss           0x000000000080006b        0x0 /opt/cross/avr/lib/gcc/avr/4.3.3/avr4/libgcc.a(_sf_to_si.o)
 .bss           0x000000000080006b        0x0 /opt/cross/avr/lib/gcc/avr/4.3.3/avr4/libgcc.a(_thenan_sf.o)
 .bss           0x000000000080006b        0x0 /opt/cross/avr/lib/gcc/avr/4.3.3/avr4/libgcc.a(_prologue.o)
 .bss           0x000000000080006b        0x0 /opt/cross/avr/lib/gcc/avr/4.3.3/avr4/libgcc.a(_epilogue.o)
 .bss           0x000000000080006b        0x0 /opt/cross/avr/lib/gcc/avr/4.3.3/avr4/libgcc.a(_pack_sf.o)
 .bss           0x000000000080006b        0x0 /opt/cross/avr/lib/gcc/avr/4.3.3/avr4/libgcc.a(_unpack_sf.o)
 .bss           0x000000000080006b        0x0 /opt/cross/avr/lib/gcc/avr/4.3.3/avr4/libgcc.a(_fpcmp_parts_sf.o)
 *(.bss*)
 *(COMMON)
                0x000000000080006b                PROVIDE (__bss_end, .)
                0x0000000000000cfe                __data_load_start = LOADADDR (.data)
                0x0000000000000d06                __data_load_end = (__data_load_start + SIZEOF (.data))

.noinit         0x000000000080006b        0x0
                0x000000000080006b                PROVIDE (__noinit_start, .)
 *(.noinit*)
                0x000000000080006b                PROVIDE (__noinit_end, .)
                0x000000000080006b                _end = .
                0x000000000080006b                PROVIDE (__heap_start, .)

.eeprom         0x0000000000810000        0x0
 *(.eeprom*)
                0x0000000000810000                __eeprom_end = .

.fuse
 *(.fuse)
 *(.lfuse)
 *(.hfuse)
 *(.efuse)

.lock
 *(.lock*)

.signature
 *(.signature*)

.stab           0x0000000000000000      0xbf4
 *(.stab)
 .stab          0x0000000000000000      0x6cc /opt/cross/avr/lib/gcc/avr/4.3.3/../../../../avr/lib/avr4/crtm8.o
 .stab          0x00000000000006cc      0x528 ./main.o
                                        0x534 (size before relaxing)

.stabstr        0x0000000000000000      0x836
 *(.stabstr)
 .stabstr       0x0000000000000000      0x836 /opt/cross/avr/lib/gcc/avr/4.3.3/../../../../avr/lib/avr4/crtm8.o

.stab.excl
 *(.stab.excl)

.stab.exclstr
 *(.stab.exclstr)

.stab.index
 *(.stab.index)

.stab.indexstr
 *(.stab.indexstr)

.comment
 *(.comment)

.debug
 *(.debug)

.line
 *(.line)

.debug_srcinfo
 *(.debug_srcinfo)

.debug_sfnames
 *(.debug_sfnames)

.debug_aranges  0x0000000000000000      0x140
 *(.debug_aranges)
 .debug_aranges
                0x0000000000000000       0x20 /opt/cross/avr/lib/gcc/avr/4.3.3/avr4/libgcc.a(_fixunssfsi.o)
 .debug_aranges
                0x0000000000000020       0x20 /opt/cross/avr/lib/gcc/avr/4.3.3/avr4/libgcc.a(_addsub_sf.o)
 .debug_aranges
                0x0000000000000040       0x20 /opt/cross/avr/lib/gcc/avr/4.3.3/avr4/libgcc.a(_mul_sf.o)
 .debug_aranges
                0x0000000000000060       0x20 /opt/cross/avr/lib/gcc/avr/4.3.3/avr4/libgcc.a(_gt_sf.o)
 .debug_aranges
                0x0000000000000080       0x20 /opt/cross/avr/lib/gcc/avr/4.3.3/avr4/libgcc.a(_ge_sf.o)
 .debug_aranges
                0x00000000000000a0       0x20 /opt/cross/avr/lib/gcc/avr/4.3.3/avr4/libgcc.a(_lt_sf.o)
 .debug_aranges
                0x00000000000000c0       0x20 /opt/cross/avr/lib/gcc/avr/4.3.3/avr4/libgcc.a(_sf_to_si.o)
 .debug_aranges
                0x00000000000000e0       0x20 /opt/cross/avr/lib/gcc/avr/4.3.3/avr4/libgcc.a(_pack_sf.o)
 .debug_aranges
                0x0000000000000100       0x20 /opt/cross/avr/lib/gcc/avr/4.3.3/avr4/libgcc.a(_unpack_sf.o)
 .debug_aranges
                0x0000000000000120       0x20 /opt/cross/avr/lib/gcc/avr/4.3.3/avr4/libgcc.a(_fpcmp_parts_sf.o)

.debug_pubnames
                0x0000000000000000      0x170
 *(.debug_pubnames)
 .debug_pubnames
                0x0000000000000000       0x23 /opt/cross/avr/lib/gcc/avr/4.3.3/avr4/libgcc.a(_fixunssfsi.o)
 .debug_pubnames
                0x0000000000000023       0x2c /opt/cross/avr/lib/gcc/avr/4.3.3/avr4/libgcc.a(_addsub_sf.o)
 .debug_pubnames
                0x000000000000004f       0x1f /opt/cross/avr/lib/gcc/avr/4.3.3/avr4/libgcc.a(_mul_sf.o)
 .debug_pubnames
                0x000000000000006e       0x1e /opt/cross/avr/lib/gcc/avr/4.3.3/avr4/libgcc.a(_gt_sf.o)
 .debug_pubnames
                0x000000000000008c       0x1e /opt/cross/avr/lib/gcc/avr/4.3.3/avr4/libgcc.a(_ge_sf.o)
 .debug_pubnames
                0x00000000000000aa       0x1e /opt/cross/avr/lib/gcc/avr/4.3.3/avr4/libgcc.a(_lt_sf.o)
 .debug_pubnames
                0x00000000000000c8       0x20 /opt/cross/avr/lib/gcc/avr/4.3.3/avr4/libgcc.a(_sf_to_si.o)
 .debug_pubnames
                0x00000000000000e8       0x22 /opt/cross/avr/lib/gcc/avr/4.3.3/avr4/libgcc.a(_thenan_sf.o)
 .debug_pubnames
                0x000000000000010a       0x1f /opt/cross/avr/lib/gcc/avr/4.3.3/avr4/libgcc.a(_pack_sf.o)
 .debug_pubnames
                0x0000000000000129       0x21 /opt/cross/avr/lib/gcc/avr/4.3.3/avr4/libgcc.a(_unpack_sf.o)
 .debug_pubnames
                0x000000000000014a       0x26 /opt/cross/avr/lib/gcc/avr/4.3.3/avr4/libgcc.a(_fpcmp_parts_sf.o)

.debug_info     0x0000000000000000     0x1c49
 *(.debug_info)
 .debug_info    0x0000000000000000       0xb1 /opt/cross/avr/lib/gcc/avr/4.3.3/avr4/libgcc.a(_fixunssfsi.o)
 .debug_info    0x00000000000000b1      0x47a /opt/cross/avr/lib/gcc/avr/4.3.3/avr4/libgcc.a(_addsub_sf.o)
 .debug_info    0x000000000000052b      0x485 /opt/cross/avr/lib/gcc/avr/4.3.3/avr4/libgcc.a(_mul_sf.o)
 .debug_info    0x00000000000009b0      0x27f /opt/cross/avr/lib/gcc/avr/4.3.3/avr4/libgcc.a(_gt_sf.o)
 .debug_info    0x0000000000000c2f      0x27f /opt/cross/avr/lib/gcc/avr/4.3.3/avr4/libgcc.a(_ge_sf.o)
 .debug_info    0x0000000000000eae      0x27f /opt/cross/avr/lib/gcc/avr/4.3.3/avr4/libgcc.a(_lt_sf.o)
 .debug_info    0x000000000000112d      0x2b0 /opt/cross/avr/lib/gcc/avr/4.3.3/avr4/libgcc.a(_sf_to_si.o)
 .debug_info    0x00000000000013dd      0x12c /opt/cross/avr/lib/gcc/avr/4.3.3/avr4/libgcc.a(_thenan_sf.o)
 .debug_info    0x0000000000001509      0x2df /opt/cross/avr/lib/gcc/avr/4.3.3/avr4/libgcc.a(_pack_sf.o)
 .debug_info    0x00000000000017e8      0x251 /opt/cross/avr/lib/gcc/avr/4.3.3/avr4/libgcc.a(_unpack_sf.o)
 .debug_info    0x0000000000001a39      0x210 /opt/cross/avr/lib/gcc/avr/4.3.3/avr4/libgcc.a(_fpcmp_parts_sf.o)
 *(.gnu.linkonce.wi.*)

.debug_abbrev   0x0000000000000000      0xeeb
 *(.debug_abbrev)
 .debug_abbrev  0x0000000000000000       0x5d /opt/cross/avr/lib/gcc/avr/4.3.3/avr4/libgcc.a(_fixunssfsi.o)
 .debug_abbrev  0x000000000000005d      0x1ea /opt/cross/avr/lib/gcc/avr/4.3.3/avr4/libgcc.a(_addsub_sf.o)
 .debug_abbrev  0x0000000000000247      0x21b /opt/cross/avr/lib/gcc/avr/4.3.3/avr4/libgcc.a(_mul_sf.o)
 .debug_abbrev  0x0000000000000462      0x15a /opt/cross/avr/lib/gcc/avr/4.3.3/avr4/libgcc.a(_gt_sf.o)
 .debug_abbrev  0x00000000000005bc      0x15a /opt/cross/avr/lib/gcc/avr/4.3.3/avr4/libgcc.a(_ge_sf.o)
 .debug_abbrev  0x0000000000000716      0x15a /opt/cross/avr/lib/gcc/avr/4.3.3/avr4/libgcc.a(_lt_sf.o)
 .debug_abbrev  0x0000000000000870      0x17f /opt/cross/avr/lib/gcc/avr/4.3.3/avr4/libgcc.a(_sf_to_si.o)
 .debug_abbrev  0x00000000000009ef       0xad /opt/cross/avr/lib/gcc/avr/4.3.3/avr4/libgcc.a(_thenan_sf.o)
 .debug_abbrev  0x0000000000000a9c      0x1c0 /opt/cross/avr/lib/gcc/avr/4.3.3/avr4/libgcc.a(_pack_sf.o)
 .debug_abbrev  0x0000000000000c5c      0x154 /opt/cross/avr/lib/gcc/avr/4.3.3/avr4/libgcc.a(_unpack_sf.o)
 .debug_abbrev  0x0000000000000db0      0x13b /opt/cross/avr/lib/gcc/avr/4.3.3/avr4/libgcc.a(_fpcmp_parts_sf.o)

.debug_line     0x0000000000000000      0xdce
 *(.debug_line)
 .debug_line    0x0000000000000000       0xaa /opt/cross/avr/lib/gcc/avr/4.3.3/avr4/libgcc.a(_fixunssfsi.o)
 .debug_line    0x00000000000000aa      0x2b2 /opt/cross/avr/lib/gcc/avr/4.3.3/avr4/libgcc.a(_addsub_sf.o)
 .debug_line    0x000000000000035c      0x23c /opt/cross/avr/lib/gcc/avr/4.3.3/avr4/libgcc.a(_mul_sf.o)
 .debug_line    0x0000000000000598       0xd6 /opt/cross/avr/lib/gcc/avr/4.3.3/avr4/libgcc.a(_gt_sf.o)
 .debug_line    0x000000000000066e       0xd6 /opt/cross/avr/lib/gcc/avr/4.3.3/avr4/libgcc.a(_ge_sf.o)
 .debug_line    0x0000000000000744       0xd6 /opt/cross/avr/lib/gcc/avr/4.3.3/avr4/libgcc.a(_lt_sf.o)
 .debug_line    0x000000000000081a      0x10c /opt/cross/avr/lib/gcc/avr/4.3.3/avr4/libgcc.a(_sf_to_si.o)
 .debug_line    0x0000000000000926       0x93 /opt/cross/avr/lib/gcc/avr/4.3.3/avr4/libgcc.a(_thenan_sf.o)
 .debug_line    0x00000000000009b9      0x18d /opt/cross/avr/lib/gcc/avr/4.3.3/avr4/libgcc.a(_pack_sf.o)
 .debug_line    0x0000000000000b46      0x14e /opt/cross/avr/lib/gcc/avr/4.3.3/avr4/libgcc.a(_unpack_sf.o)
 .debug_line    0x0000000000000c94      0x13a /opt/cross/avr/lib/gcc/avr/4.3.3/avr4/libgcc.a(_fpcmp_parts_sf.o)

.debug_frame    0x0000000000000000      0x160
 *(.debug_frame)
 .debug_frame   0x0000000000000000       0x20 /opt/cross/avr/lib/gcc/avr/4.3.3/avr4/libgcc.a(_fixunssfsi.o)
 .debug_frame   0x0000000000000020       0x40 /opt/cross/avr/lib/gcc/avr/4.3.3/avr4/libgcc.a(_addsub_sf.o)
 .debug_frame   0x0000000000000060       0x20 /opt/cross/avr/lib/gcc/avr/4.3.3/avr4/libgcc.a(_mul_sf.o)
 .debug_frame   0x0000000000000080       0x20 /opt/cross/avr/lib/gcc/avr/4.3.3/avr4/libgcc.a(_gt_sf.o)
 .debug_frame   0x00000000000000a0       0x20 /opt/cross/avr/lib/gcc/avr/4.3.3/avr4/libgcc.a(_ge_sf.o)
 .debug_frame   0x00000000000000c0       0x20 /opt/cross/avr/lib/gcc/avr/4.3.3/avr4/libgcc.a(_lt_sf.o)
 .debug_frame   0x00000000000000e0       0x20 /opt/cross/avr/lib/gcc/avr/4.3.3/avr4/libgcc.a(_sf_to_si.o)
 .debug_frame   0x0000000000000100       0x20 /opt/cross/avr/lib/gcc/avr/4.3.3/avr4/libgcc.a(_pack_sf.o)
 .debug_frame   0x0000000000000120       0x20 /opt/cross/avr/lib/gcc/avr/4.3.3/avr4/libgcc.a(_unpack_sf.o)
 .debug_frame   0x0000000000000140       0x20 /opt/cross/avr/lib/gcc/avr/4.3.3/avr4/libgcc.a(_fpcmp_parts_sf.o)

.debug_str      0x0000000000000000      0x293
 *(.debug_str)
 .debug_str     0x0000000000000000       0xc5 /opt/cross/avr/lib/gcc/avr/4.3.3/avr4/libgcc.a(_fixunssfsi.o)
                                        0x104 (size before relaxing)
 .debug_str     0x00000000000000c5      0x14d /opt/cross/avr/lib/gcc/avr/4.3.3/avr4/libgcc.a(_addsub_sf.o)
                                        0x20c (size before relaxing)
 .debug_str     0x0000000000000212       0x27 /opt/cross/avr/lib/gcc/avr/4.3.3/avr4/libgcc.a(_mul_sf.o)
                                        0x1c5 (size before relaxing)
 .debug_str     0x0000000000000239        0xf /opt/cross/avr/lib/gcc/avr/4.3.3/avr4/libgcc.a(_gt_sf.o)
                                        0x19b (size before relaxing)
 .debug_str     0x0000000000000248        0x8 /opt/cross/avr/lib/gcc/avr/4.3.3/avr4/libgcc.a(_ge_sf.o)
                                        0x19b (size before relaxing)
 .debug_str     0x0000000000000250        0x8 /opt/cross/avr/lib/gcc/avr/4.3.3/avr4/libgcc.a(_lt_sf.o)
                                        0x19b (size before relaxing)
 .debug_str     0x0000000000000258        0xa /opt/cross/avr/lib/gcc/avr/4.3.3/avr4/libgcc.a(_sf_to_si.o)
                                        0x1a4 (size before relaxing)
 .debug_str     0x0000000000000000      0x109 /opt/cross/avr/lib/gcc/avr/4.3.3/avr4/libgcc.a(_thenan_sf.o)
 .debug_str     0x0000000000000262       0x16 /opt/cross/avr/lib/gcc/avr/4.3.3/avr4/libgcc.a(_pack_sf.o)
                                        0x1a3 (size before relaxing)
 .debug_str     0x0000000000000278        0xb /opt/cross/avr/lib/gcc/avr/4.3.3/avr4/libgcc.a(_unpack_sf.o)
                                        0x185 (size before relaxing)
 .debug_str     0x0000000000000283       0x10 /opt/cross/avr/lib/gcc/avr/4.3.3/avr4/libgcc.a(_fpcmp_parts_sf.o)
                                        0x169 (size before relaxing)

.debug_loc      0x0000000000000000      0x7ce
 *(.debug_loc)
 .debug_loc     0x0000000000000000       0x34 /opt/cross/avr/lib/gcc/avr/4.3.3/avr4/libgcc.a(_fixunssfsi.o)
 .debug_loc     0x0000000000000034      0x32a /opt/cross/avr/lib/gcc/avr/4.3.3/avr4/libgcc.a(_addsub_sf.o)
 .debug_loc     0x000000000000035e      0x104 /opt/cross/avr/lib/gcc/avr/4.3.3/avr4/libgcc.a(_mul_sf.o)
 .debug_loc     0x0000000000000462       0x3c /opt/cross/avr/lib/gcc/avr/4.3.3/avr4/libgcc.a(_gt_sf.o)
 .debug_loc     0x000000000000049e       0x3c /opt/cross/avr/lib/gcc/avr/4.3.3/avr4/libgcc.a(_ge_sf.o)
 .debug_loc     0x00000000000004da       0x3c /opt/cross/avr/lib/gcc/avr/4.3.3/avr4/libgcc.a(_lt_sf.o)
 .debug_loc     0x0000000000000516       0x7e /opt/cross/avr/lib/gcc/avr/4.3.3/avr4/libgcc.a(_sf_to_si.o)
 .debug_loc     0x0000000000000594      0x13e /opt/cross/avr/lib/gcc/avr/4.3.3/avr4/libgcc.a(_pack_sf.o)
 .debug_loc     0x00000000000006d2       0xac /opt/cross/avr/lib/gcc/avr/4.3.3/avr4/libgcc.a(_unpack_sf.o)
 .debug_loc     0x000000000000077e       0x50 /opt/cross/avr/lib/gcc/avr/4.3.3/avr4/libgcc.a(_fpcmp_parts_sf.o)

.debug_macinfo
 *(.debug_macinfo)
OUTPUT(Schlafzimmer.elf elf32-avr)
LOAD linker stubs

.debug_ranges   0x0000000000000000       0x50
 .debug_ranges  0x0000000000000000       0x50 /opt/cross/avr/lib/gcc/avr/4.3.3/avr4/libgcc.a(_mul_sf.o)
