Archive member included because of file (symbol)

/opt/cross/avr/lib/gcc/avr/4.3.3/avr25/libgcc.a(_udivmodqi4.o)
                              ./em4100.o (__udivmodqi4)
/opt/cross/avr/lib/gcc/avr/4.3.3/avr25/libgcc.a(_exit.o)
                              /opt/cross/avr/lib/gcc/avr/4.3.3/../../../../avr/lib/avr25/crttn2313.o (exit)
/opt/cross/avr/lib/gcc/avr/4.3.3/avr25/libgcc.a(_copy_data.o)
                              ./em4100.o (__do_copy_data)
/opt/cross/avr/lib/gcc/avr/4.3.3/avr25/libgcc.a(_clear_bss.o)
                              ./em4100.o (__do_clear_bss)
/opt/cross/avr/lib/gcc/avr/4.3.3/avr25/libgcc.a(_fixunssfsi.o)
                              ./lcd.o (__fixunssfsi)
/opt/cross/avr/lib/gcc/avr/4.3.3/avr25/libgcc.a(_addsub_sf.o)
                              /opt/cross/avr/lib/gcc/avr/4.3.3/avr25/libgcc.a(_fixunssfsi.o) (__subsf3)
/opt/cross/avr/lib/gcc/avr/4.3.3/avr25/libgcc.a(_mul_sf.o)
                              ./lcd.o (__mulsf3)
/opt/cross/avr/lib/gcc/avr/4.3.3/avr25/libgcc.a(_div_sf.o)
                              ./lcd.o (__divsf3)
/opt/cross/avr/lib/gcc/avr/4.3.3/avr25/libgcc.a(_gt_sf.o)
                              ./lcd.o (__gtsf2)
/opt/cross/avr/lib/gcc/avr/4.3.3/avr25/libgcc.a(_ge_sf.o)
                              /opt/cross/avr/lib/gcc/avr/4.3.3/avr25/libgcc.a(_fixunssfsi.o) (__gesf2)
/opt/cross/avr/lib/gcc/avr/4.3.3/avr25/libgcc.a(_lt_sf.o)
                              ./lcd.o (__ltsf2)
/opt/cross/avr/lib/gcc/avr/4.3.3/avr25/libgcc.a(_sf_to_si.o)
                              /opt/cross/avr/lib/gcc/avr/4.3.3/avr25/libgcc.a(_fixunssfsi.o) (__fixsfsi)
/opt/cross/avr/lib/gcc/avr/4.3.3/avr25/libgcc.a(_thenan_sf.o)
                              /opt/cross/avr/lib/gcc/avr/4.3.3/avr25/libgcc.a(_addsub_sf.o) (__thenan_sf)
/opt/cross/avr/lib/gcc/avr/4.3.3/avr25/libgcc.a(_prologue.o)
                              /opt/cross/avr/lib/gcc/avr/4.3.3/avr25/libgcc.a(_addsub_sf.o) (__prologue_saves__)
/opt/cross/avr/lib/gcc/avr/4.3.3/avr25/libgcc.a(_epilogue.o)
                              /opt/cross/avr/lib/gcc/avr/4.3.3/avr25/libgcc.a(_addsub_sf.o) (__epilogue_restores__)
/opt/cross/avr/lib/gcc/avr/4.3.3/avr25/libgcc.a(_pack_sf.o)
                              /opt/cross/avr/lib/gcc/avr/4.3.3/avr25/libgcc.a(_addsub_sf.o) (__pack_f)
/opt/cross/avr/lib/gcc/avr/4.3.3/avr25/libgcc.a(_unpack_sf.o)
                              /opt/cross/avr/lib/gcc/avr/4.3.3/avr25/libgcc.a(_addsub_sf.o) (__unpack_f)
/opt/cross/avr/lib/gcc/avr/4.3.3/avr25/libgcc.a(_fpcmp_parts_sf.o)
                              /opt/cross/avr/lib/gcc/avr/4.3.3/avr25/libgcc.a(_gt_sf.o) (__fpcmp_parts_f)
/opt/cross/avr/lib/gcc/avr/4.3.3/../../../../avr/lib/avr25/libc.a(memcpy.o)
                              ./em4100.o (memcpy)
/opt/cross/avr/lib/gcc/avr/4.3.3/../../../../avr/lib/avr25/libc.a(memset.o)
                              ./em4100.o (memset)
/opt/cross/avr/lib/gcc/avr/4.3.3/../../../../avr/lib/avr25/libc.a(eerd_byte_attiny2313.o)
                              ./main.o (__eerd_byte_tn2313)
/opt/cross/avr/lib/gcc/avr/4.3.3/../../../../avr/lib/avr25/libc.a(eewr_block_attiny2313.o)
                              ./main.o (__eewr_block_tn2313)
/opt/cross/avr/lib/gcc/avr/4.3.3/../../../../avr/lib/avr25/libc.a(eewr_byte_attiny2313.o)
                              /opt/cross/avr/lib/gcc/avr/4.3.3/../../../../avr/lib/avr25/libc.a(eewr_block_attiny2313.o) (__eewr_r18_tn2313)

Memory Configuration

Name             Origin             Length             Attributes
text             0x00000000         0x00002000         xr
data             0x00800060         0x0000ffa0         rw !x
eeprom           0x00810000         0x00010000         rw !x
fuse             0x00820000         0x00000400         rw !x
lock             0x00830000         0x00000400         rw !x
signature        0x00840000         0x00000400         rw !x
*default*        0x00000000         0xffffffff

Linker script and memory map

LOAD /opt/cross/avr/lib/gcc/avr/4.3.3/../../../../avr/lib/avr25/crttn2313.o
LOAD ./em4100.o
LOAD ./lcd.o
LOAD ./main.o
LOAD /opt/cross/avr/lib/gcc/avr/4.3.3/avr25/libgcc.a
LOAD /opt/cross/avr/lib/gcc/avr/4.3.3/../../../../avr/lib/avr25/libc.a
LOAD /opt/cross/avr/lib/gcc/avr/4.3.3/avr25/libgcc.a

.hash
 *(.hash)

.dynsym
 *(.dynsym)

.dynstr
 *(.dynstr)

.gnu.version
 *(.gnu.version)

.gnu.version_d
 *(.gnu.version_d)

.gnu.version_r
 *(.gnu.version_r)

.rel.init
 *(.rel.init)

.rela.init
 *(.rela.init)

.rel.text
 *(.rel.text)
 *(.rel.text.*)
 *(.rel.gnu.linkonce.t*)

.rela.text
 *(.rela.text)
 *(.rela.text.*)
 *(.rela.gnu.linkonce.t*)

.rel.fini
 *(.rel.fini)

.rela.fini
 *(.rela.fini)

.rel.rodata
 *(.rel.rodata)
 *(.rel.rodata.*)
 *(.rel.gnu.linkonce.r*)

.rela.rodata
 *(.rela.rodata)
 *(.rela.rodata.*)
 *(.rela.gnu.linkonce.r*)

.rel.data
 *(.rel.data)
 *(.rel.data.*)
 *(.rel.gnu.linkonce.d*)

.rela.data
 *(.rela.data)
 *(.rela.data.*)
 *(.rela.gnu.linkonce.d*)

.rel.ctors
 *(.rel.ctors)

.rela.ctors
 *(.rela.ctors)

.rel.dtors
 *(.rel.dtors)

.rela.dtors
 *(.rela.dtors)

.rel.got
 *(.rel.got)

.rela.got
 *(.rela.got)

.rel.bss
 *(.rel.bss)

.rela.bss
 *(.rela.bss)

.rel.plt
 *(.rel.plt)

.rela.plt
 *(.rela.plt)

.text           0x00000000     0x2412
 *(.vectors)
 .vectors       0x00000000       0x26 /opt/cross/avr/lib/gcc/avr/4.3.3/../../../../avr/lib/avr25/crttn2313.o
                0x00000000                __vectors
                0x00000000                __vector_default
 *(.vectors)
 *(.progmem.gcc*)
 *(.progmem*)
                0x00000026                . = ALIGN (0x2)
                0x00000026                __trampolines_start = .
 *(.trampolines)
 .trampolines   0x00000026        0x0 linker stubs
 *(.trampolines*)
                0x00000026                __trampolines_end = .
 *(.jumptables)
 *(.jumptables*)
 *(.lowtext)
 *(.lowtext*)
                0x00000026                __ctors_start = .
 *(.ctors)
                0x00000026                __ctors_end = .
                0x00000026                __dtors_start = .
 *(.dtors)
                0x00000026                __dtors_end = .
 SORT(*)(.ctors)
 SORT(*)(.dtors)
 *(.init0)
 .init0         0x00000026        0x0 /opt/cross/avr/lib/gcc/avr/4.3.3/../../../../avr/lib/avr25/crttn2313.o
                0x00000026                __init
 *(.init0)
 *(.init1)
 *(.init1)
 *(.init2)
 .init2         0x00000026        0x8 /opt/cross/avr/lib/gcc/avr/4.3.3/../../../../avr/lib/avr25/crttn2313.o
 *(.init2)
 *(.init3)
 *(.init3)
 *(.init4)
 .init4         0x0000002e       0x16 /opt/cross/avr/lib/gcc/avr/4.3.3/avr25/libgcc.a(_copy_data.o)
                0x0000002e                __do_copy_data
 .init4         0x00000044       0x10 /opt/cross/avr/lib/gcc/avr/4.3.3/avr25/libgcc.a(_clear_bss.o)
                0x00000044                __do_clear_bss
 *(.init4)
 *(.init5)
 *(.init5)
 *(.init6)
 *(.init6)
 *(.init7)
 *(.init7)
 *(.init8)
 *(.init8)
 *(.init9)
 .init9         0x00000054        0x4 /opt/cross/avr/lib/gcc/avr/4.3.3/../../../../avr/lib/avr25/crttn2313.o
 *(.init9)
 *(.text)
 .text          0x00000058        0x2 /opt/cross/avr/lib/gcc/avr/4.3.3/../../../../avr/lib/avr25/crttn2313.o
                0x00000058                __vector_1
                0x00000058                __vector_12
                0x00000058                __bad_interrupt
                0x00000058                __vector_6
                0x00000058                __vector_3
                0x00000058                __vector_11
                0x00000058                __vector_13
                0x00000058                __vector_17
                0x00000058                __vector_7
                0x00000058                __vector_5
                0x00000058                __vector_4
                0x00000058                __vector_9
                0x00000058                __vector_15
                0x00000058                __vector_8
                0x00000058                __vector_14
                0x00000058                __vector_10
                0x00000058                __vector_16
                0x00000058                __vector_18
 .text          0x0000005a      0x444 ./em4100.o
                0x000002a6                u2270_read_tag
                0x0000005a                __vector_2
 .text          0x0000049e      0xa88 ./lcd.o
                0x0000049e                lcd_data
                0x00000886                lcd_enable
                0x00000a2e                lcd_init
                0x00000692                lcd_command
 .text          0x00000f26      0x856 ./main.o
                0x000010a6                saveKey
                0x000011fe                deleteKey
                0x00001298                main
                0x00000f26                checkKey
 .text          0x0000177c        0x0 /opt/cross/avr/lib/gcc/avr/4.3.3/avr25/libgcc.a(_udivmodqi4.o)
 .text          0x0000177c        0x0 /opt/cross/avr/lib/gcc/avr/4.3.3/avr25/libgcc.a(_exit.o)
 .text          0x0000177c        0x0 /opt/cross/avr/lib/gcc/avr/4.3.3/avr25/libgcc.a(_copy_data.o)
 .text          0x0000177c        0x0 /opt/cross/avr/lib/gcc/avr/4.3.3/avr25/libgcc.a(_clear_bss.o)
 .text          0x0000177c       0x50 /opt/cross/avr/lib/gcc/avr/4.3.3/avr25/libgcc.a(_fixunssfsi.o)
                0x0000177c                __fixunssfsi
 .text          0x000017cc      0x338 /opt/cross/avr/lib/gcc/avr/4.3.3/avr25/libgcc.a(_addsub_sf.o)
                0x00001a60                __subsf3
                0x00001ab6                __addsf3
 .text          0x00001b04      0x1ea /opt/cross/avr/lib/gcc/avr/4.3.3/avr25/libgcc.a(_mul_sf.o)
                0x00001b04                __mulsf3
 .text          0x00001cee      0x14e /opt/cross/avr/lib/gcc/avr/4.3.3/avr25/libgcc.a(_div_sf.o)
                0x00001cee                __divsf3
 .text          0x00001e3c       0x56 /opt/cross/avr/lib/gcc/avr/4.3.3/avr25/libgcc.a(_gt_sf.o)
                0x00001e3c                __gtsf2
 .text          0x00001e92       0x56 /opt/cross/avr/lib/gcc/avr/4.3.3/avr25/libgcc.a(_ge_sf.o)
                0x00001e92                __gesf2
 .text          0x00001ee8       0x56 /opt/cross/avr/lib/gcc/avr/4.3.3/avr25/libgcc.a(_lt_sf.o)
                0x00001ee8                __ltsf2
 .text          0x00001f3e       0xa2 /opt/cross/avr/lib/gcc/avr/4.3.3/avr25/libgcc.a(_sf_to_si.o)
                0x00001f3e                __fixsfsi
 .text          0x00001fe0        0x0 /opt/cross/avr/lib/gcc/avr/4.3.3/avr25/libgcc.a(_thenan_sf.o)
 .text          0x00001fe0        0x0 /opt/cross/avr/lib/gcc/avr/4.3.3/avr25/libgcc.a(_prologue.o)
 .text          0x00001fe0        0x0 /opt/cross/avr/lib/gcc/avr/4.3.3/avr25/libgcc.a(_epilogue.o)
 .text          0x00001fe0      0x1aa /opt/cross/avr/lib/gcc/avr/4.3.3/avr25/libgcc.a(_pack_sf.o)
                0x00001fe0                __pack_f
 .text          0x0000218a       0xf0 /opt/cross/avr/lib/gcc/avr/4.3.3/avr25/libgcc.a(_unpack_sf.o)
                0x0000218a                __unpack_f
 .text          0x0000227a       0xb2 /opt/cross/avr/lib/gcc/avr/4.3.3/avr25/libgcc.a(_fpcmp_parts_sf.o)
                0x0000227a                __fpcmp_parts_f
 .text          0x0000232c        0x0 /opt/cross/avr/lib/gcc/avr/4.3.3/../../../../avr/lib/avr25/libc.a(memcpy.o)
 .text          0x0000232c        0x0 /opt/cross/avr/lib/gcc/avr/4.3.3/../../../../avr/lib/avr25/libc.a(memset.o)
 .text          0x0000232c        0x0 /opt/cross/avr/lib/gcc/avr/4.3.3/../../../../avr/lib/avr25/libc.a(eerd_byte_attiny2313.o)
 .text          0x0000232c        0x0 /opt/cross/avr/lib/gcc/avr/4.3.3/../../../../avr/lib/avr25/libc.a(eewr_block_attiny2313.o)
 .text          0x0000232c        0x0 /opt/cross/avr/lib/gcc/avr/4.3.3/../../../../avr/lib/avr25/libc.a(eewr_byte_attiny2313.o)
                0x0000232c                . = ALIGN (0x2)
 *(.text.*)
 .text.libgcc   0x0000232c       0x18 /opt/cross/avr/lib/gcc/avr/4.3.3/avr25/libgcc.a(_udivmodqi4.o)
                0x0000232c                __udivmodqi4
 .text.libgcc   0x00002344        0x0 /opt/cross/avr/lib/gcc/avr/4.3.3/avr25/libgcc.a(_exit.o)
 .text.libgcc   0x00002344        0x0 /opt/cross/avr/lib/gcc/avr/4.3.3/avr25/libgcc.a(_copy_data.o)
 .text.libgcc   0x00002344        0x0 /opt/cross/avr/lib/gcc/avr/4.3.3/avr25/libgcc.a(_clear_bss.o)
 .text.libgcc   0x00002344       0x38 /opt/cross/avr/lib/gcc/avr/4.3.3/avr25/libgcc.a(_prologue.o)
                0x00002344                __prologue_saves__
 .text.libgcc   0x0000237c       0x36 /opt/cross/avr/lib/gcc/avr/4.3.3/avr25/libgcc.a(_epilogue.o)
                0x0000237c                __epilogue_restores__
 .text.avr-libc
                0x000023b2       0x12 /opt/cross/avr/lib/gcc/avr/4.3.3/../../../../avr/lib/avr25/libc.a(memcpy.o)
                0x000023b2                memcpy
 .text.avr-libc
                0x000023c4        0xe /opt/cross/avr/lib/gcc/avr/4.3.3/../../../../avr/lib/avr25/libc.a(memset.o)
                0x000023c4                memset
 .text.avr-libc
                0x000023d2       0x10 /opt/cross/avr/lib/gcc/avr/4.3.3/../../../../avr/lib/avr25/libc.a(eerd_byte_attiny2313.o)
                0x000023d2                __eerd_byte_tn2313
 .text.avr-libc
                0x000023e2       0x10 /opt/cross/avr/lib/gcc/avr/4.3.3/../../../../avr/lib/avr25/libc.a(eewr_block_attiny2313.o)
                0x000023e2                __eewr_block_tn2313
 .text.avr-libc
                0x000023f2       0x1c /opt/cross/avr/lib/gcc/avr/4.3.3/../../../../avr/lib/avr25/libc.a(eewr_byte_attiny2313.o)
                0x000023f2                __eewr_byte_tn2313
                0x000023f4                __eewr_r18_tn2313
                0x0000240e                . = ALIGN (0x2)
 *(.fini9)
 .fini9         0x0000240e        0x0 /opt/cross/avr/lib/gcc/avr/4.3.3/avr25/libgcc.a(_exit.o)
                0x0000240e                exit
                0x0000240e                _exit
 *(.fini9)
 *(.fini8)
 *(.fini8)
 *(.fini7)
 *(.fini7)
 *(.fini6)
 *(.fini6)
 *(.fini5)
 *(.fini5)
 *(.fini4)
 *(.fini4)
 *(.fini3)
 *(.fini3)
 *(.fini2)
 *(.fini2)
 *(.fini1)
 *(.fini1)
 *(.fini0)
 .fini0         0x0000240e        0x4 /opt/cross/avr/lib/gcc/avr/4.3.3/avr25/libgcc.a(_exit.o)
 *(.fini0)
                0x00002412                _etext = .

.data           0x00800060        0x8 load address 0x00002412
                0x00800060                PROVIDE (__data_start, .)
 *(.data)
 .data          0x00800060        0x0 /opt/cross/avr/lib/gcc/avr/4.3.3/../../../../avr/lib/avr25/crttn2313.o
 .data          0x00800060        0x0 ./em4100.o
 .data          0x00800060        0x0 ./lcd.o
 .data          0x00800060        0x0 ./main.o
 .data          0x00800060        0x0 /opt/cross/avr/lib/gcc/avr/4.3.3/avr25/libgcc.a(_udivmodqi4.o)
 .data          0x00800060        0x0 /opt/cross/avr/lib/gcc/avr/4.3.3/avr25/libgcc.a(_exit.o)
 .data          0x00800060        0x0 /opt/cross/avr/lib/gcc/avr/4.3.3/avr25/libgcc.a(_copy_data.o)
 .data          0x00800060        0x0 /opt/cross/avr/lib/gcc/avr/4.3.3/avr25/libgcc.a(_clear_bss.o)
 .data          0x00800060        0x0 /opt/cross/avr/lib/gcc/avr/4.3.3/avr25/libgcc.a(_fixunssfsi.o)
 .data          0x00800060        0x0 /opt/cross/avr/lib/gcc/avr/4.3.3/avr25/libgcc.a(_addsub_sf.o)
 .data          0x00800060        0x0 /opt/cross/avr/lib/gcc/avr/4.3.3/avr25/libgcc.a(_mul_sf.o)
 .data          0x00800060        0x0 /opt/cross/avr/lib/gcc/avr/4.3.3/avr25/libgcc.a(_div_sf.o)
 .data          0x00800060        0x0 /opt/cross/avr/lib/gcc/avr/4.3.3/avr25/libgcc.a(_gt_sf.o)
 .data          0x00800060        0x0 /opt/cross/avr/lib/gcc/avr/4.3.3/avr25/libgcc.a(_ge_sf.o)
 .data          0x00800060        0x0 /opt/cross/avr/lib/gcc/avr/4.3.3/avr25/libgcc.a(_lt_sf.o)
 .data          0x00800060        0x0 /opt/cross/avr/lib/gcc/avr/4.3.3/avr25/libgcc.a(_sf_to_si.o)
 .data          0x00800060        0x8 /opt/cross/avr/lib/gcc/avr/4.3.3/avr25/libgcc.a(_thenan_sf.o)
                0x00800060                __thenan_sf
 .data          0x00800068        0x0 /opt/cross/avr/lib/gcc/avr/4.3.3/avr25/libgcc.a(_prologue.o)
 .data          0x00800068        0x0 /opt/cross/avr/lib/gcc/avr/4.3.3/avr25/libgcc.a(_epilogue.o)
 .data          0x00800068        0x0 /opt/cross/avr/lib/gcc/avr/4.3.3/avr25/libgcc.a(_pack_sf.o)
 .data          0x00800068        0x0 /opt/cross/avr/lib/gcc/avr/4.3.3/avr25/libgcc.a(_unpack_sf.o)
 .data          0x00800068        0x0 /opt/cross/avr/lib/gcc/avr/4.3.3/avr25/libgcc.a(_fpcmp_parts_sf.o)
 .data          0x00800068        0x0 /opt/cross/avr/lib/gcc/avr/4.3.3/../../../../avr/lib/avr25/libc.a(memcpy.o)
 .data          0x00800068        0x0 /opt/cross/avr/lib/gcc/avr/4.3.3/../../../../avr/lib/avr25/libc.a(memset.o)
 .data          0x00800068        0x0 /opt/cross/avr/lib/gcc/avr/4.3.3/../../../../avr/lib/avr25/libc.a(eerd_byte_attiny2313.o)
 .data          0x00800068        0x0 /opt/cross/avr/lib/gcc/avr/4.3.3/../../../../avr/lib/avr25/libc.a(eewr_block_attiny2313.o)
 .data          0x00800068        0x0 /opt/cross/avr/lib/gcc/avr/4.3.3/../../../../avr/lib/avr25/libc.a(eewr_byte_attiny2313.o)
 *(.data*)
 *(.rodata)
 *(.rodata*)
 *(.gnu.linkonce.d*)
                0x00800068                . = ALIGN (0x2)
                0x00800068                _edata = .
                0x00800068                PROVIDE (__data_end, .)

.bss            0x00800068       0x13
                0x00800068                PROVIDE (__bss_start, .)
 *(.bss)
 .bss           0x00800068        0x0 /opt/cross/avr/lib/gcc/avr/4.3.3/../../../../avr/lib/avr25/crttn2313.o
 .bss           0x00800068       0x13 ./em4100.o
 .bss           0x0080007b        0x0 ./lcd.o
 .bss           0x0080007b        0x0 ./main.o
 .bss           0x0080007b        0x0 /opt/cross/avr/lib/gcc/avr/4.3.3/avr25/libgcc.a(_udivmodqi4.o)
 .bss           0x0080007b        0x0 /opt/cross/avr/lib/gcc/avr/4.3.3/avr25/libgcc.a(_exit.o)
 .bss           0x0080007b        0x0 /opt/cross/avr/lib/gcc/avr/4.3.3/avr25/libgcc.a(_copy_data.o)
 .bss           0x0080007b        0x0 /opt/cross/avr/lib/gcc/avr/4.3.3/avr25/libgcc.a(_clear_bss.o)
 .bss           0x0080007b        0x0 /opt/cross/avr/lib/gcc/avr/4.3.3/avr25/libgcc.a(_fixunssfsi.o)
 .bss           0x0080007b        0x0 /opt/cross/avr/lib/gcc/avr/4.3.3/avr25/libgcc.a(_addsub_sf.o)
 .bss           0x0080007b        0x0 /opt/cross/avr/lib/gcc/avr/4.3.3/avr25/libgcc.a(_mul_sf.o)
 .bss           0x0080007b        0x0 /opt/cross/avr/lib/gcc/avr/4.3.3/avr25/libgcc.a(_div_sf.o)
 .bss           0x0080007b        0x0 /opt/cross/avr/lib/gcc/avr/4.3.3/avr25/libgcc.a(_gt_sf.o)
 .bss           0x0080007b        0x0 /opt/cross/avr/lib/gcc/avr/4.3.3/avr25/libgcc.a(_ge_sf.o)
 .bss           0x0080007b        0x0 /opt/cross/avr/lib/gcc/avr/4.3.3/avr25/libgcc.a(_lt_sf.o)
 .bss           0x0080007b        0x0 /opt/cross/avr/lib/gcc/avr/4.3.3/avr25/libgcc.a(_sf_to_si.o)
 .bss           0x0080007b        0x0 /opt/cross/avr/lib/gcc/avr/4.3.3/avr25/libgcc.a(_thenan_sf.o)
 .bss           0x0080007b        0x0 /opt/cross/avr/lib/gcc/avr/4.3.3/avr25/libgcc.a(_prologue.o)
 .bss           0x0080007b        0x0 /opt/cross/avr/lib/gcc/avr/4.3.3/avr25/libgcc.a(_epilogue.o)
 .bss           0x0080007b        0x0 /opt/cross/avr/lib/gcc/avr/4.3.3/avr25/libgcc.a(_pack_sf.o)
 .bss           0x0080007b        0x0 /opt/cross/avr/lib/gcc/avr/4.3.3/avr25/libgcc.a(_unpack_sf.o)
 .bss           0x0080007b        0x0 /opt/cross/avr/lib/gcc/avr/4.3.3/avr25/libgcc.a(_fpcmp_parts_sf.o)
 .bss           0x0080007b        0x0 /opt/cross/avr/lib/gcc/avr/4.3.3/../../../../avr/lib/avr25/libc.a(memcpy.o)
 .bss           0x0080007b        0x0 /opt/cross/avr/lib/gcc/avr/4.3.3/../../../../avr/lib/avr25/libc.a(memset.o)
 .bss           0x0080007b        0x0 /opt/cross/avr/lib/gcc/avr/4.3.3/../../../../avr/lib/avr25/libc.a(eerd_byte_attiny2313.o)
 .bss           0x0080007b        0x0 /opt/cross/avr/lib/gcc/avr/4.3.3/../../../../avr/lib/avr25/libc.a(eewr_block_attiny2313.o)
 .bss           0x0080007b        0x0 /opt/cross/avr/lib/gcc/avr/4.3.3/../../../../avr/lib/avr25/libc.a(eewr_byte_attiny2313.o)
 *(.bss*)
 *(COMMON)
                0x0080007b                PROVIDE (__bss_end, .)
                0x00002412                __data_load_start = LOADADDR (.data)
                0x0000241a                __data_load_end = (__data_load_start + SIZEOF (.data))

.noinit         0x0080007b        0x0
                0x0080007b                PROVIDE (__noinit_start, .)
 *(.noinit*)
                0x0080007b                PROVIDE (__noinit_end, .)
                0x0080007b                _end = .
                0x0080007b                PROVIDE (__heap_start, .)

.eeprom         0x00810000       0x6f
 *(.eeprom*)
 .eeprom        0x00810000       0x6f ./main.o
                0x00810000                KEYS
                0x00810064                TYP
                0x0081006f                __eeprom_end = .

.fuse
 *(.fuse)
 *(.lfuse)
 *(.hfuse)
 *(.efuse)

.lock
 *(.lock*)

.signature
 *(.signature*)

.stab           0x00000000     0x2568
 *(.stab)
 .stab          0x00000000      0x6b4 /opt/cross/avr/lib/gcc/avr/4.3.3/../../../../avr/lib/avr25/crttn2313.o
 .stab          0x000006b4      0x810 ./em4100.o
                                0x81c (size before relaxing)
 .stab          0x00000ec4      0xaa4 ./lcd.o
                                0xc60 (size before relaxing)
 .stab          0x00001968      0x90c ./main.o
                                0xae0 (size before relaxing)
 .stab          0x00002274       0x84 /opt/cross/avr/lib/gcc/avr/4.3.3/../../../../avr/lib/avr25/libc.a(memcpy.o)
                                 0x90 (size before relaxing)
 .stab          0x000022f8       0x6c /opt/cross/avr/lib/gcc/avr/4.3.3/../../../../avr/lib/avr25/libc.a(memset.o)
                                 0x78 (size before relaxing)
 .stab          0x00002364       0x90 /opt/cross/avr/lib/gcc/avr/4.3.3/../../../../avr/lib/avr25/libc.a(eerd_byte_attiny2313.o)
                                 0x9c (size before relaxing)
 .stab          0x000023f4       0x90 /opt/cross/avr/lib/gcc/avr/4.3.3/../../../../avr/lib/avr25/libc.a(eewr_block_attiny2313.o)
                                 0x9c (size before relaxing)
 .stab          0x00002484       0xe4 /opt/cross/avr/lib/gcc/avr/4.3.3/../../../../avr/lib/avr25/libc.a(eewr_byte_attiny2313.o)
                                 0xf0 (size before relaxing)

.stabstr        0x00000000      0xd92
 *(.stabstr)
 .stabstr       0x00000000      0xd92 /opt/cross/avr/lib/gcc/avr/4.3.3/../../../../avr/lib/avr25/crttn2313.o

.stab.excl
 *(.stab.excl)

.stab.exclstr
 *(.stab.exclstr)

.stab.index
 *(.stab.index)

.stab.indexstr
 *(.stab.indexstr)

.comment
 *(.comment)

.debug
 *(.debug)

.line
 *(.line)

.debug_srcinfo
 *(.debug_srcinfo)

.debug_sfnames
 *(.debug_sfnames)

.debug_aranges  0x00000000      0x160
 *(.debug_aranges)
 .debug_aranges
                0x00000000       0x20 /opt/cross/avr/lib/gcc/avr/4.3.3/avr25/libgcc.a(_fixunssfsi.o)
 .debug_aranges
                0x00000020       0x20 /opt/cross/avr/lib/gcc/avr/4.3.3/avr25/libgcc.a(_addsub_sf.o)
 .debug_aranges
                0x00000040       0x20 /opt/cross/avr/lib/gcc/avr/4.3.3/avr25/libgcc.a(_mul_sf.o)
 .debug_aranges
                0x00000060       0x20 /opt/cross/avr/lib/gcc/avr/4.3.3/avr25/libgcc.a(_div_sf.o)
 .debug_aranges
                0x00000080       0x20 /opt/cross/avr/lib/gcc/avr/4.3.3/avr25/libgcc.a(_gt_sf.o)
 .debug_aranges
                0x000000a0       0x20 /opt/cross/avr/lib/gcc/avr/4.3.3/avr25/libgcc.a(_ge_sf.o)
 .debug_aranges
                0x000000c0       0x20 /opt/cross/avr/lib/gcc/avr/4.3.3/avr25/libgcc.a(_lt_sf.o)
 .debug_aranges
                0x000000e0       0x20 /opt/cross/avr/lib/gcc/avr/4.3.3/avr25/libgcc.a(_sf_to_si.o)
 .debug_aranges
                0x00000100       0x20 /opt/cross/avr/lib/gcc/avr/4.3.3/avr25/libgcc.a(_pack_sf.o)
 .debug_aranges
                0x00000120       0x20 /opt/cross/avr/lib/gcc/avr/4.3.3/avr25/libgcc.a(_unpack_sf.o)
 .debug_aranges
                0x00000140       0x20 /opt/cross/avr/lib/gcc/avr/4.3.3/avr25/libgcc.a(_fpcmp_parts_sf.o)

.debug_pubnames
                0x00000000      0x18f
 *(.debug_pubnames)
 .debug_pubnames
                0x00000000       0x23 /opt/cross/avr/lib/gcc/avr/4.3.3/avr25/libgcc.a(_fixunssfsi.o)
 .debug_pubnames
                0x00000023       0x2c /opt/cross/avr/lib/gcc/avr/4.3.3/avr25/libgcc.a(_addsub_sf.o)
 .debug_pubnames
                0x0000004f       0x1f /opt/cross/avr/lib/gcc/avr/4.3.3/avr25/libgcc.a(_mul_sf.o)
 .debug_pubnames
                0x0000006e       0x1f /opt/cross/avr/lib/gcc/avr/4.3.3/avr25/libgcc.a(_div_sf.o)
 .debug_pubnames
                0x0000008d       0x1e /opt/cross/avr/lib/gcc/avr/4.3.3/avr25/libgcc.a(_gt_sf.o)
 .debug_pubnames
                0x000000ab       0x1e /opt/cross/avr/lib/gcc/avr/4.3.3/avr25/libgcc.a(_ge_sf.o)
 .debug_pubnames
                0x000000c9       0x1e /opt/cross/avr/lib/gcc/avr/4.3.3/avr25/libgcc.a(_lt_sf.o)
 .debug_pubnames
                0x000000e7       0x20 /opt/cross/avr/lib/gcc/avr/4.3.3/avr25/libgcc.a(_sf_to_si.o)
 .debug_pubnames
                0x00000107       0x22 /opt/cross/avr/lib/gcc/avr/4.3.3/avr25/libgcc.a(_thenan_sf.o)
 .debug_pubnames
                0x00000129       0x1f /opt/cross/avr/lib/gcc/avr/4.3.3/avr25/libgcc.a(_pack_sf.o)
 .debug_pubnames
                0x00000148       0x21 /opt/cross/avr/lib/gcc/avr/4.3.3/avr25/libgcc.a(_unpack_sf.o)
 .debug_pubnames
                0x00000169       0x26 /opt/cross/avr/lib/gcc/avr/4.3.3/avr25/libgcc.a(_fpcmp_parts_sf.o)

.debug_info     0x00000000     0x2045
 *(.debug_info)
 .debug_info    0x00000000       0xb1 /opt/cross/avr/lib/gcc/avr/4.3.3/avr25/libgcc.a(_fixunssfsi.o)
 .debug_info    0x000000b1      0x47a /opt/cross/avr/lib/gcc/avr/4.3.3/avr25/libgcc.a(_addsub_sf.o)
 .debug_info    0x0000052b      0x485 /opt/cross/avr/lib/gcc/avr/4.3.3/avr25/libgcc.a(_mul_sf.o)
 .debug_info    0x000009b0      0x3fc /opt/cross/avr/lib/gcc/avr/4.3.3/avr25/libgcc.a(_div_sf.o)
 .debug_info    0x00000dac      0x27f /opt/cross/avr/lib/gcc/avr/4.3.3/avr25/libgcc.a(_gt_sf.o)
 .debug_info    0x0000102b      0x27f /opt/cross/avr/lib/gcc/avr/4.3.3/avr25/libgcc.a(_ge_sf.o)
 .debug_info    0x000012aa      0x27f /opt/cross/avr/lib/gcc/avr/4.3.3/avr25/libgcc.a(_lt_sf.o)
 .debug_info    0x00001529      0x2b0 /opt/cross/avr/lib/gcc/avr/4.3.3/avr25/libgcc.a(_sf_to_si.o)
 .debug_info    0x000017d9      0x12c /opt/cross/avr/lib/gcc/avr/4.3.3/avr25/libgcc.a(_thenan_sf.o)
 .debug_info    0x00001905      0x2df /opt/cross/avr/lib/gcc/avr/4.3.3/avr25/libgcc.a(_pack_sf.o)
 .debug_info    0x00001be4      0x251 /opt/cross/avr/lib/gcc/avr/4.3.3/avr25/libgcc.a(_unpack_sf.o)
 .debug_info    0x00001e35      0x210 /opt/cross/avr/lib/gcc/avr/4.3.3/avr25/libgcc.a(_fpcmp_parts_sf.o)
 *(.gnu.linkonce.wi.*)

.debug_abbrev   0x00000000     0x1101
 *(.debug_abbrev)
 .debug_abbrev  0x00000000       0x5d /opt/cross/avr/lib/gcc/avr/4.3.3/avr25/libgcc.a(_fixunssfsi.o)
 .debug_abbrev  0x0000005d      0x1ea /opt/cross/avr/lib/gcc/avr/4.3.3/avr25/libgcc.a(_addsub_sf.o)
 .debug_abbrev  0x00000247      0x21b /opt/cross/avr/lib/gcc/avr/4.3.3/avr25/libgcc.a(_mul_sf.o)
 .debug_abbrev  0x00000462      0x216 /opt/cross/avr/lib/gcc/avr/4.3.3/avr25/libgcc.a(_div_sf.o)
 .debug_abbrev  0x00000678      0x15a /opt/cross/avr/lib/gcc/avr/4.3.3/avr25/libgcc.a(_gt_sf.o)
 .debug_abbrev  0x000007d2      0x15a /opt/cross/avr/lib/gcc/avr/4.3.3/avr25/libgcc.a(_ge_sf.o)
 .debug_abbrev  0x0000092c      0x15a /opt/cross/avr/lib/gcc/avr/4.3.3/avr25/libgcc.a(_lt_sf.o)
 .debug_abbrev  0x00000a86      0x17f /opt/cross/avr/lib/gcc/avr/4.3.3/avr25/libgcc.a(_sf_to_si.o)
 .debug_abbrev  0x00000c05       0xad /opt/cross/avr/lib/gcc/avr/4.3.3/avr25/libgcc.a(_thenan_sf.o)
 .debug_abbrev  0x00000cb2      0x1c0 /opt/cross/avr/lib/gcc/avr/4.3.3/avr25/libgcc.a(_pack_sf.o)
 .debug_abbrev  0x00000e72      0x154 /opt/cross/avr/lib/gcc/avr/4.3.3/avr25/libgcc.a(_unpack_sf.o)
 .debug_abbrev  0x00000fc6      0x13b /opt/cross/avr/lib/gcc/avr/4.3.3/avr25/libgcc.a(_fpcmp_parts_sf.o)

.debug_line     0x00000000      0xfa6
 *(.debug_line)
 .debug_line    0x00000000       0xaa /opt/cross/avr/lib/gcc/avr/4.3.3/avr25/libgcc.a(_fixunssfsi.o)
 .debug_line    0x000000aa      0x2b2 /opt/cross/avr/lib/gcc/avr/4.3.3/avr25/libgcc.a(_addsub_sf.o)
 .debug_line    0x0000035c      0x23c /opt/cross/avr/lib/gcc/avr/4.3.3/avr25/libgcc.a(_mul_sf.o)
 .debug_line    0x00000598      0x1d8 /opt/cross/avr/lib/gcc/avr/4.3.3/avr25/libgcc.a(_div_sf.o)
 .debug_line    0x00000770       0xd6 /opt/cross/avr/lib/gcc/avr/4.3.3/avr25/libgcc.a(_gt_sf.o)
 .debug_line    0x00000846       0xd6 /opt/cross/avr/lib/gcc/avr/4.3.3/avr25/libgcc.a(_ge_sf.o)
 .debug_line    0x0000091c       0xd6 /opt/cross/avr/lib/gcc/avr/4.3.3/avr25/libgcc.a(_lt_sf.o)
 .debug_line    0x000009f2      0x10c /opt/cross/avr/lib/gcc/avr/4.3.3/avr25/libgcc.a(_sf_to_si.o)
 .debug_line    0x00000afe       0x93 /opt/cross/avr/lib/gcc/avr/4.3.3/avr25/libgcc.a(_thenan_sf.o)
 .debug_line    0x00000b91      0x18d /opt/cross/avr/lib/gcc/avr/4.3.3/avr25/libgcc.a(_pack_sf.o)
 .debug_line    0x00000d1e      0x14e /opt/cross/avr/lib/gcc/avr/4.3.3/avr25/libgcc.a(_unpack_sf.o)
 .debug_line    0x00000e6c      0x13a /opt/cross/avr/lib/gcc/avr/4.3.3/avr25/libgcc.a(_fpcmp_parts_sf.o)

.debug_frame    0x00000000      0x180
 *(.debug_frame)
 .debug_frame   0x00000000       0x20 /opt/cross/avr/lib/gcc/avr/4.3.3/avr25/libgcc.a(_fixunssfsi.o)
 .debug_frame   0x00000020       0x40 /opt/cross/avr/lib/gcc/avr/4.3.3/avr25/libgcc.a(_addsub_sf.o)
 .debug_frame   0x00000060       0x20 /opt/cross/avr/lib/gcc/avr/4.3.3/avr25/libgcc.a(_mul_sf.o)
 .debug_frame   0x00000080       0x20 /opt/cross/avr/lib/gcc/avr/4.3.3/avr25/libgcc.a(_div_sf.o)
 .debug_frame   0x000000a0       0x20 /opt/cross/avr/lib/gcc/avr/4.3.3/avr25/libgcc.a(_gt_sf.o)
 .debug_frame   0x000000c0       0x20 /opt/cross/avr/lib/gcc/avr/4.3.3/avr25/libgcc.a(_ge_sf.o)
 .debug_frame   0x000000e0       0x20 /opt/cross/avr/lib/gcc/avr/4.3.3/avr25/libgcc.a(_lt_sf.o)
 .debug_frame   0x00000100       0x20 /opt/cross/avr/lib/gcc/avr/4.3.3/avr25/libgcc.a(_sf_to_si.o)
 .debug_frame   0x00000120       0x20 /opt/cross/avr/lib/gcc/avr/4.3.3/avr25/libgcc.a(_pack_sf.o)
 .debug_frame   0x00000140       0x20 /opt/cross/avr/lib/gcc/avr/4.3.3/avr25/libgcc.a(_unpack_sf.o)
 .debug_frame   0x00000160       0x20 /opt/cross/avr/lib/gcc/avr/4.3.3/avr25/libgcc.a(_fpcmp_parts_sf.o)

.debug_str      0x00000000      0x2c9
 *(.debug_str)
 .debug_str     0x00000000       0xc6 /opt/cross/avr/lib/gcc/avr/4.3.3/avr25/libgcc.a(_fixunssfsi.o)
                                0x105 (size before relaxing)
 .debug_str     0x000000c6      0x14d /opt/cross/avr/lib/gcc/avr/4.3.3/avr25/libgcc.a(_addsub_sf.o)
                                0x20d (size before relaxing)
 .debug_str     0x00000213       0x27 /opt/cross/avr/lib/gcc/avr/4.3.3/avr25/libgcc.a(_mul_sf.o)
                                0x1c6 (size before relaxing)
 .debug_str     0x0000023a       0x35 /opt/cross/avr/lib/gcc/avr/4.3.3/avr25/libgcc.a(_div_sf.o)
                                0x1cf (size before relaxing)
 .debug_str     0x0000026f        0xf /opt/cross/avr/lib/gcc/avr/4.3.3/avr25/libgcc.a(_gt_sf.o)
                                0x19c (size before relaxing)
 .debug_str     0x0000027e        0x8 /opt/cross/avr/lib/gcc/avr/4.3.3/avr25/libgcc.a(_ge_sf.o)
                                0x19c (size before relaxing)
 .debug_str     0x00000286        0x8 /opt/cross/avr/lib/gcc/avr/4.3.3/avr25/libgcc.a(_lt_sf.o)
                                0x19c (size before relaxing)
 .debug_str     0x0000028e        0xa /opt/cross/avr/lib/gcc/avr/4.3.3/avr25/libgcc.a(_sf_to_si.o)
                                0x1a5 (size before relaxing)
 .debug_str     0x00000000      0x10a /opt/cross/avr/lib/gcc/avr/4.3.3/avr25/libgcc.a(_thenan_sf.o)
 .debug_str     0x00000298       0x16 /opt/cross/avr/lib/gcc/avr/4.3.3/avr25/libgcc.a(_pack_sf.o)
                                0x1a4 (size before relaxing)
 .debug_str     0x000002ae        0xb /opt/cross/avr/lib/gcc/avr/4.3.3/avr25/libgcc.a(_unpack_sf.o)
                                0x186 (size before relaxing)
 .debug_str     0x000002b9       0x10 /opt/cross/avr/lib/gcc/avr/4.3.3/avr25/libgcc.a(_fpcmp_parts_sf.o)
                                0x16a (size before relaxing)

.debug_loc      0x00000000      0x88e
 *(.debug_loc)
 .debug_loc     0x00000000       0x34 /opt/cross/avr/lib/gcc/avr/4.3.3/avr25/libgcc.a(_fixunssfsi.o)
 .debug_loc     0x00000034      0x32a /opt/cross/avr/lib/gcc/avr/4.3.3/avr25/libgcc.a(_addsub_sf.o)
 .debug_loc     0x0000035e      0x104 /opt/cross/avr/lib/gcc/avr/4.3.3/avr25/libgcc.a(_mul_sf.o)
 .debug_loc     0x00000462       0xc0 /opt/cross/avr/lib/gcc/avr/4.3.3/avr25/libgcc.a(_div_sf.o)
 .debug_loc     0x00000522       0x3c /opt/cross/avr/lib/gcc/avr/4.3.3/avr25/libgcc.a(_gt_sf.o)
 .debug_loc     0x0000055e       0x3c /opt/cross/avr/lib/gcc/avr/4.3.3/avr25/libgcc.a(_ge_sf.o)
 .debug_loc     0x0000059a       0x3c /opt/cross/avr/lib/gcc/avr/4.3.3/avr25/libgcc.a(_lt_sf.o)
 .debug_loc     0x000005d6       0x7e /opt/cross/avr/lib/gcc/avr/4.3.3/avr25/libgcc.a(_sf_to_si.o)
 .debug_loc     0x00000654      0x13e /opt/cross/avr/lib/gcc/avr/4.3.3/avr25/libgcc.a(_pack_sf.o)
 .debug_loc     0x00000792       0xac /opt/cross/avr/lib/gcc/avr/4.3.3/avr25/libgcc.a(_unpack_sf.o)
 .debug_loc     0x0000083e       0x50 /opt/cross/avr/lib/gcc/avr/4.3.3/avr25/libgcc.a(_fpcmp_parts_sf.o)

.debug_macinfo
 *(.debug_macinfo)
OUTPUT(rfid-reader.elf elf32-avr)
LOAD linker stubs

.debug_ranges   0x00000000       0x50
 .debug_ranges  0x00000000       0x50 /opt/cross/avr/lib/gcc/avr/4.3.3/avr25/libgcc.a(_mul_sf.o)
