Archive member included because of file (symbol)

/opt/cross/avr/lib/gcc/avr/4.3.3/avr4/libgcc.a(_mulsi3.o)
                              ./main.o (__mulsi3)
/opt/cross/avr/lib/gcc/avr/4.3.3/avr4/libgcc.a(_udivmodhi4.o)
                              ./main.o (__udivmodhi4)
/opt/cross/avr/lib/gcc/avr/4.3.3/avr4/libgcc.a(_udivmodsi4.o)
                              ./main.o (__udivmodsi4)
/opt/cross/avr/lib/gcc/avr/4.3.3/avr4/libgcc.a(_divmodsi4.o)
                              ./main.o (__divmodsi4)
/opt/cross/avr/lib/gcc/avr/4.3.3/avr4/libgcc.a(_exit.o)
                              /opt/cross/avr/lib/gcc/avr/4.3.3/../../../../avr/lib/avr4/crtm8.o (exit)
/opt/cross/avr/lib/gcc/avr/4.3.3/avr4/libgcc.a(_copy_data.o)
                              ./main.o (__do_copy_data)
/opt/cross/avr/lib/gcc/avr/4.3.3/avr4/libgcc.a(_clear_bss.o)
                              ./main.o (__do_clear_bss)

Allocating common symbols
Common symbol       size              file

RH                  0x20              ./main.o
airid               0x4               ./rf12.o

Memory Configuration

Name             Origin             Length             Attributes
text             0x0000000000000000 0x0000000000002000 xr
data             0x0000000000800060 0x000000000000ffa0 rw !x
eeprom           0x0000000000810000 0x0000000000010000 rw !x
fuse             0x0000000000820000 0x0000000000000400 rw !x
lock             0x0000000000830000 0x0000000000000400 rw !x
signature        0x0000000000840000 0x0000000000000400 rw !x
*default*        0x0000000000000000 0xffffffffffffffff

Linker script and memory map

LOAD /opt/cross/avr/lib/gcc/avr/4.3.3/../../../../avr/lib/avr4/crtm8.o
LOAD ./main.o
LOAD ./rf12.o
LOAD ./twimaster.o
LOAD ./uart.o
LOAD /opt/cross/avr/lib/gcc/avr/4.3.3/avr4/libgcc.a
LOAD /opt/cross/avr/lib/gcc/avr/4.3.3/../../../../avr/lib/avr4/libm.a
LOAD /opt/cross/avr/lib/gcc/avr/4.3.3/avr4/libgcc.a
LOAD /opt/cross/avr/lib/gcc/avr/4.3.3/../../../../avr/lib/avr4/libc.a
LOAD /opt/cross/avr/lib/gcc/avr/4.3.3/avr4/libgcc.a

.hash
 *(.hash)

.dynsym
 *(.dynsym)

.dynstr
 *(.dynstr)

.gnu.version
 *(.gnu.version)

.gnu.version_d
 *(.gnu.version_d)

.gnu.version_r
 *(.gnu.version_r)

.rel.init
 *(.rel.init)

.rela.init
 *(.rela.init)

.rel.text
 *(.rel.text)
 *(.rel.text.*)
 *(.rel.gnu.linkonce.t*)

.rela.text
 *(.rela.text)
 *(.rela.text.*)
 *(.rela.gnu.linkonce.t*)

.rel.fini
 *(.rel.fini)

.rela.fini
 *(.rela.fini)

.rel.rodata
 *(.rel.rodata)
 *(.rel.rodata.*)
 *(.rel.gnu.linkonce.r*)

.rela.rodata
 *(.rela.rodata)
 *(.rela.rodata.*)
 *(.rela.gnu.linkonce.r*)

.rel.data
 *(.rel.data)
 *(.rel.data.*)
 *(.rel.gnu.linkonce.d*)

.rela.data
 *(.rela.data)
 *(.rela.data.*)
 *(.rela.gnu.linkonce.d*)

.rel.ctors
 *(.rel.ctors)

.rela.ctors
 *(.rela.ctors)

.rel.dtors
 *(.rel.dtors)

.rela.dtors
 *(.rela.dtors)

.rel.got
 *(.rel.got)

.rela.got
 *(.rela.got)

.rel.bss
 *(.rel.bss)

.rela.bss
 *(.rela.bss)

.rel.plt
 *(.rel.plt)

.rela.plt
 *(.rela.plt)

.text           0x0000000000000000      0xc00
 *(.vectors)
 .vectors       0x0000000000000000       0x26 /opt/cross/avr/lib/gcc/avr/4.3.3/../../../../avr/lib/avr4/crtm8.o
                0x0000000000000000                __vectors
                0x0000000000000000                __vector_default
 *(.vectors)
 *(.progmem.gcc*)
 *(.progmem*)
                0x0000000000000026                . = ALIGN (0x2)
                0x0000000000000026                __trampolines_start = .
 *(.trampolines)
 .trampolines   0x0000000000000026        0x0 linker stubs
 *(.trampolines*)
                0x0000000000000026                __trampolines_end = .
 *(.jumptables)
 *(.jumptables*)
 *(.lowtext)
 *(.lowtext*)
                0x0000000000000026                __ctors_start = .
 *(.ctors)
                0x0000000000000026                __ctors_end = .
                0x0000000000000026                __dtors_start = .
 *(.dtors)
                0x0000000000000026                __dtors_end = .
 SORT(*)(.ctors)
 SORT(*)(.dtors)
 *(.init0)
 .init0         0x0000000000000026        0x0 /opt/cross/avr/lib/gcc/avr/4.3.3/../../../../avr/lib/avr4/crtm8.o
                0x0000000000000026                __init
 *(.init0)
 *(.init1)
 *(.init1)
 *(.init2)
 .init2         0x0000000000000026        0xc /opt/cross/avr/lib/gcc/avr/4.3.3/../../../../avr/lib/avr4/crtm8.o
 *(.init2)
 *(.init3)
 *(.init3)
 *(.init4)
 .init4         0x0000000000000032       0x16 /opt/cross/avr/lib/gcc/avr/4.3.3/avr4/libgcc.a(_copy_data.o)
                0x0000000000000032                __do_copy_data
 .init4         0x0000000000000048       0x10 /opt/cross/avr/lib/gcc/avr/4.3.3/avr4/libgcc.a(_clear_bss.o)
                0x0000000000000048                __do_clear_bss
 *(.init4)
 *(.init5)
 *(.init5)
 *(.init6)
 *(.init6)
 *(.init7)
 *(.init7)
 *(.init8)
 *(.init8)
 *(.init9)
 .init9         0x0000000000000058        0x4 /opt/cross/avr/lib/gcc/avr/4.3.3/../../../../avr/lib/avr4/crtm8.o
 *(.init9)
 *(.text)
 .text          0x000000000000005c        0x2 /opt/cross/avr/lib/gcc/avr/4.3.3/../../../../avr/lib/avr4/crtm8.o
                0x000000000000005c                __vector_1
                0x000000000000005c                __bad_interrupt
                0x000000000000005c                __vector_13
                0x000000000000005c                __vector_17
                0x000000000000005c                __vector_7
                0x000000000000005c                __vector_4
                0x000000000000005c                __vector_9
                0x000000000000005c                __vector_2
                0x000000000000005c                __vector_15
                0x000000000000005c                __vector_8
                0x000000000000005c                __vector_14
                0x000000000000005c                __vector_10
                0x000000000000005c                __vector_16
                0x000000000000005c                __vector_18
 .text          0x000000000000005e      0x5f2 ./main.o
                0x000000000000036c                readHP03
                0x00000000000000a2                readHH10
                0x0000000000000076                __vector_6
                0x000000000000008c                __vector_3
                0x000000000000013a                HP03_ReadOne
                0x000000000000039e                send
                0x000000000000005e                __vector_5
                0x000000000000046e                main
                0x000000000000018e                HP03_Read
 .text          0x0000000000000650      0x27c ./rf12.o
                0x000000000000077c                rf12_txdata_start
                0x0000000000000650                rf12_trans
                0x00000000000006b4                rf12_setbandwidth
                0x0000000000000818                rf12_txdataa
                0x00000000000006e6                rf12_setfreq
                0x00000000000007f4                rf12_txdata
                0x0000000000000722                rf12_setpower
                0x000000000000076a                rf12_readytrans
                0x000000000000088a                rf12_preinit
                0x00000000000007bc                rf12_txdata_send
                0x0000000000000688                rf12_init
                0x00000000000007ec                rf12_txdata_end
                0x0000000000000740                rf12_ready
                0x0000000000000704                rf12_setbaud
                0x0000000000000844                rf12_rxdata
 .text          0x00000000000008cc       0xca ./twimaster.o
                0x000000000000095e                i2c_write
                0x0000000000000988                i2c_readNak
                0x000000000000097a                i2c_readAck
                0x000000000000094e                i2c_rep_start
                0x00000000000008d4                i2c_start
                0x0000000000000952                i2c_stop
                0x0000000000000912                i2c_start_wait
                0x00000000000008cc                i2c_init
 .text          0x0000000000000996      0x186 ./uart.o
                0x00000000000009ea                __vector_12
                0x0000000000000abc                uart_puts
                0x0000000000000996                __vector_11
                0x0000000000000aea                uart_puts_p
                0x0000000000000a34                uart_init
                0x0000000000000a5e                uart_getc
                0x0000000000000a98                uart_putc
 .text          0x0000000000000b1c        0x0 /opt/cross/avr/lib/gcc/avr/4.3.3/avr4/libgcc.a(_mulsi3.o)
 .text          0x0000000000000b1c        0x0 /opt/cross/avr/lib/gcc/avr/4.3.3/avr4/libgcc.a(_udivmodhi4.o)
 .text          0x0000000000000b1c        0x0 /opt/cross/avr/lib/gcc/avr/4.3.3/avr4/libgcc.a(_udivmodsi4.o)
 .text          0x0000000000000b1c        0x0 /opt/cross/avr/lib/gcc/avr/4.3.3/avr4/libgcc.a(_divmodsi4.o)
 .text          0x0000000000000b1c        0x0 /opt/cross/avr/lib/gcc/avr/4.3.3/avr4/libgcc.a(_exit.o)
 .text          0x0000000000000b1c        0x0 /opt/cross/avr/lib/gcc/avr/4.3.3/avr4/libgcc.a(_copy_data.o)
 .text          0x0000000000000b1c        0x0 /opt/cross/avr/lib/gcc/avr/4.3.3/avr4/libgcc.a(_clear_bss.o)
                0x0000000000000b1c                . = ALIGN (0x2)
 *(.text.*)
 .text.libgcc   0x0000000000000b1c       0x3e /opt/cross/avr/lib/gcc/avr/4.3.3/avr4/libgcc.a(_mulsi3.o)
                0x0000000000000b1c                __mulsi3
 .text.libgcc   0x0000000000000b5a       0x28 /opt/cross/avr/lib/gcc/avr/4.3.3/avr4/libgcc.a(_udivmodhi4.o)
                0x0000000000000b5a                __udivmodhi4
 .text.libgcc   0x0000000000000b82       0x44 /opt/cross/avr/lib/gcc/avr/4.3.3/avr4/libgcc.a(_udivmodsi4.o)
                0x0000000000000b82                __udivmodsi4
 .text.libgcc   0x0000000000000bc6       0x36 /opt/cross/avr/lib/gcc/avr/4.3.3/avr4/libgcc.a(_divmodsi4.o)
                0x0000000000000bc6                __divmodsi4
 .text.libgcc   0x0000000000000bfc        0x0 /opt/cross/avr/lib/gcc/avr/4.3.3/avr4/libgcc.a(_exit.o)
 .text.libgcc   0x0000000000000bfc        0x0 /opt/cross/avr/lib/gcc/avr/4.3.3/avr4/libgcc.a(_copy_data.o)
 .text.libgcc   0x0000000000000bfc        0x0 /opt/cross/avr/lib/gcc/avr/4.3.3/avr4/libgcc.a(_clear_bss.o)
                0x0000000000000bfc                . = ALIGN (0x2)
 *(.fini9)
 .fini9         0x0000000000000bfc        0x0 /opt/cross/avr/lib/gcc/avr/4.3.3/avr4/libgcc.a(_exit.o)
                0x0000000000000bfc                exit
                0x0000000000000bfc                _exit
 *(.fini9)
 *(.fini8)
 *(.fini8)
 *(.fini7)
 *(.fini7)
 *(.fini6)
 *(.fini6)
 *(.fini5)
 *(.fini5)
 *(.fini4)
 *(.fini4)
 *(.fini3)
 *(.fini3)
 *(.fini2)
 *(.fini2)
 *(.fini1)
 *(.fini1)
 *(.fini0)
 .fini0         0x0000000000000bfc        0x4 /opt/cross/avr/lib/gcc/avr/4.3.3/avr4/libgcc.a(_exit.o)
 *(.fini0)
                0x0000000000000c00                _etext = .

.data           0x0000000000800060       0x94 load address 0x0000000000000c00
                0x0000000000800060                PROVIDE (__data_start, .)
 *(.data)
 .data          0x0000000000800060        0x0 /opt/cross/avr/lib/gcc/avr/4.3.3/../../../../avr/lib/avr4/crtm8.o
 .data          0x0000000000800060       0x93 ./main.o
 .data          0x00000000008000f3        0x0 ./rf12.o
 .data          0x00000000008000f3        0x0 ./twimaster.o
 .data          0x00000000008000f3        0x0 ./uart.o
 .data          0x00000000008000f3        0x0 /opt/cross/avr/lib/gcc/avr/4.3.3/avr4/libgcc.a(_mulsi3.o)
 .data          0x00000000008000f3        0x0 /opt/cross/avr/lib/gcc/avr/4.3.3/avr4/libgcc.a(_udivmodhi4.o)
 .data          0x00000000008000f3        0x0 /opt/cross/avr/lib/gcc/avr/4.3.3/avr4/libgcc.a(_udivmodsi4.o)
 .data          0x00000000008000f3        0x0 /opt/cross/avr/lib/gcc/avr/4.3.3/avr4/libgcc.a(_divmodsi4.o)
 .data          0x00000000008000f3        0x0 /opt/cross/avr/lib/gcc/avr/4.3.3/avr4/libgcc.a(_exit.o)
 .data          0x00000000008000f3        0x0 /opt/cross/avr/lib/gcc/avr/4.3.3/avr4/libgcc.a(_copy_data.o)
 .data          0x00000000008000f3        0x0 /opt/cross/avr/lib/gcc/avr/4.3.3/avr4/libgcc.a(_clear_bss.o)
 *(.data*)
 *(.rodata)
 *(.rodata*)
 *(.gnu.linkonce.d*)
                0x00000000008000f4                . = ALIGN (0x2)
 *fill*         0x00000000008000f3        0x1 00
                0x00000000008000f4                _edata = .
                0x00000000008000f4                PROVIDE (__data_end, .)

.bss            0x00000000008000f4       0x85
                0x00000000008000f4                PROVIDE (__bss_start, .)
 *(.bss)
 .bss           0x00000000008000f4        0x0 /opt/cross/avr/lib/gcc/avr/4.3.3/../../../../avr/lib/avr4/crtm8.o
 .bss           0x00000000008000f4       0x1c ./main.o
                0x00000000008000f6                t
                0x00000000008000f8                p
                0x00000000008000f4                RHcount
 .bss           0x0000000000800110        0x0 ./rf12.o
 .bss           0x0000000000800110        0x0 ./twimaster.o
 .bss           0x0000000000800110       0x45 ./uart.o
 .bss           0x0000000000800155        0x0 /opt/cross/avr/lib/gcc/avr/4.3.3/avr4/libgcc.a(_mulsi3.o)
 .bss           0x0000000000800155        0x0 /opt/cross/avr/lib/gcc/avr/4.3.3/avr4/libgcc.a(_udivmodhi4.o)
 .bss           0x0000000000800155        0x0 /opt/cross/avr/lib/gcc/avr/4.3.3/avr4/libgcc.a(_udivmodsi4.o)
 .bss           0x0000000000800155        0x0 /opt/cross/avr/lib/gcc/avr/4.3.3/avr4/libgcc.a(_divmodsi4.o)
 .bss           0x0000000000800155        0x0 /opt/cross/avr/lib/gcc/avr/4.3.3/avr4/libgcc.a(_exit.o)
 .bss           0x0000000000800155        0x0 /opt/cross/avr/lib/gcc/avr/4.3.3/avr4/libgcc.a(_copy_data.o)
 .bss           0x0000000000800155        0x0 /opt/cross/avr/lib/gcc/avr/4.3.3/avr4/libgcc.a(_clear_bss.o)
 *(.bss*)
 *(COMMON)
 COMMON         0x0000000000800155       0x20 ./main.o
                0x0000000000800155                RH
 COMMON         0x0000000000800175        0x4 ./rf12.o
                0x0000000000800175                airid
                0x0000000000800179                PROVIDE (__bss_end, .)
                0x0000000000000c00                __data_load_start = LOADADDR (.data)
                0x0000000000000c94                __data_load_end = (__data_load_start + SIZEOF (.data))

.noinit         0x0000000000800179        0x0
                0x0000000000800179                PROVIDE (__noinit_start, .)
 *(.noinit*)
                0x0000000000800179                PROVIDE (__noinit_end, .)
                0x0000000000800179                _end = .
                0x0000000000800179                PROVIDE (__heap_start, .)

.eeprom         0x0000000000810000        0x0
 *(.eeprom*)
                0x0000000000810000                __eeprom_end = .

.fuse
 *(.fuse)
 *(.lfuse)
 *(.hfuse)
 *(.efuse)

.lock
 *(.lock*)

.signature
 *(.signature*)

.stab           0x0000000000000000      0x6cc
 *(.stab)
 .stab          0x0000000000000000      0x6cc /opt/cross/avr/lib/gcc/avr/4.3.3/../../../../avr/lib/avr4/crtm8.o

.stabstr        0x0000000000000000       0x54
 *(.stabstr)
 .stabstr       0x0000000000000000       0x54 /opt/cross/avr/lib/gcc/avr/4.3.3/../../../../avr/lib/avr4/crtm8.o

.stab.excl
 *(.stab.excl)

.stab.exclstr
 *(.stab.exclstr)

.stab.index
 *(.stab.index)

.stab.indexstr
 *(.stab.indexstr)

.comment
 *(.comment)

.debug
 *(.debug)

.line
 *(.line)

.debug_srcinfo
 *(.debug_srcinfo)

.debug_sfnames
 *(.debug_sfnames)

.debug_aranges
 *(.debug_aranges)

.debug_pubnames
 *(.debug_pubnames)

.debug_info
 *(.debug_info)
 *(.gnu.linkonce.wi.*)

.debug_abbrev
 *(.debug_abbrev)

.debug_line
 *(.debug_line)

.debug_frame
 *(.debug_frame)

.debug_str
 *(.debug_str)

.debug_loc
 *(.debug_loc)

.debug_macinfo
 *(.debug_macinfo)
OUTPUT(rh10hp03-tiny2313.elf elf32-avr)
LOAD linker stubs

Cross Reference Table

Symbol                                            File
HP03_Read                                         ./main.o
HP03_ReadOne                                      ./main.o
RH                                                ./main.o
RHcount                                           ./main.o
__bad_interrupt                                   /opt/cross/avr/lib/gcc/avr/4.3.3/../../../../avr/lib/avr4/crtm8.o
__bss_end                                         /opt/cross/avr/lib/gcc/avr/4.3.3/avr4/libgcc.a(_clear_bss.o)
__bss_start                                       /opt/cross/avr/lib/gcc/avr/4.3.3/avr4/libgcc.a(_clear_bss.o)
__data_end                                        /opt/cross/avr/lib/gcc/avr/4.3.3/avr4/libgcc.a(_copy_data.o)
__data_load_start                                 /opt/cross/avr/lib/gcc/avr/4.3.3/avr4/libgcc.a(_copy_data.o)
__data_start                                      /opt/cross/avr/lib/gcc/avr/4.3.3/avr4/libgcc.a(_copy_data.o)
__divmodsi4                                       /opt/cross/avr/lib/gcc/avr/4.3.3/avr4/libgcc.a(_divmodsi4.o)
                                                  ./rf12.o
                                                  ./main.o
__do_clear_bss                                    /opt/cross/avr/lib/gcc/avr/4.3.3/avr4/libgcc.a(_clear_bss.o)
                                                  ./uart.o
                                                  ./twimaster.o
                                                  ./rf12.o
                                                  ./main.o
__do_copy_data                                    /opt/cross/avr/lib/gcc/avr/4.3.3/avr4/libgcc.a(_copy_data.o)
                                                  ./uart.o
                                                  ./twimaster.o
                                                  ./rf12.o
                                                  ./main.o
__heap_end                                        /opt/cross/avr/lib/gcc/avr/4.3.3/../../../../avr/lib/avr4/crtm8.o
__init                                            /opt/cross/avr/lib/gcc/avr/4.3.3/../../../../avr/lib/avr4/crtm8.o
__mulsi3                                          /opt/cross/avr/lib/gcc/avr/4.3.3/avr4/libgcc.a(_mulsi3.o)
                                                  ./main.o
__stack                                           /opt/cross/avr/lib/gcc/avr/4.3.3/../../../../avr/lib/avr4/crtm8.o
__udivmodhi4                                      /opt/cross/avr/lib/gcc/avr/4.3.3/avr4/libgcc.a(_udivmodhi4.o)
                                                  ./main.o
__udivmodsi4                                      /opt/cross/avr/lib/gcc/avr/4.3.3/avr4/libgcc.a(_udivmodsi4.o)
                                                  /opt/cross/avr/lib/gcc/avr/4.3.3/avr4/libgcc.a(_divmodsi4.o)
                                                  ./main.o
__vector_1                                        /opt/cross/avr/lib/gcc/avr/4.3.3/../../../../avr/lib/avr4/crtm8.o
__vector_10                                       /opt/cross/avr/lib/gcc/avr/4.3.3/../../../../avr/lib/avr4/crtm8.o
__vector_11                                       ./uart.o
                                                  /opt/cross/avr/lib/gcc/avr/4.3.3/../../../../avr/lib/avr4/crtm8.o
__vector_12                                       ./uart.o
                                                  /opt/cross/avr/lib/gcc/avr/4.3.3/../../../../avr/lib/avr4/crtm8.o
__vector_13                                       /opt/cross/avr/lib/gcc/avr/4.3.3/../../../../avr/lib/avr4/crtm8.o
__vector_14                                       /opt/cross/avr/lib/gcc/avr/4.3.3/../../../../avr/lib/avr4/crtm8.o
__vector_15                                       /opt/cross/avr/lib/gcc/avr/4.3.3/../../../../avr/lib/avr4/crtm8.o
__vector_16                                       /opt/cross/avr/lib/gcc/avr/4.3.3/../../../../avr/lib/avr4/crtm8.o
__vector_17                                       /opt/cross/avr/lib/gcc/avr/4.3.3/../../../../avr/lib/avr4/crtm8.o
__vector_18                                       /opt/cross/avr/lib/gcc/avr/4.3.3/../../../../avr/lib/avr4/crtm8.o
__vector_2                                        /opt/cross/avr/lib/gcc/avr/4.3.3/../../../../avr/lib/avr4/crtm8.o
__vector_3                                        ./main.o
                                                  /opt/cross/avr/lib/gcc/avr/4.3.3/../../../../avr/lib/avr4/crtm8.o
__vector_4                                        /opt/cross/avr/lib/gcc/avr/4.3.3/../../../../avr/lib/avr4/crtm8.o
__vector_5                                        ./main.o
                                                  /opt/cross/avr/lib/gcc/avr/4.3.3/../../../../avr/lib/avr4/crtm8.o
__vector_6                                        ./main.o
                                                  /opt/cross/avr/lib/gcc/avr/4.3.3/../../../../avr/lib/avr4/crtm8.o
__vector_7                                        /opt/cross/avr/lib/gcc/avr/4.3.3/../../../../avr/lib/avr4/crtm8.o
__vector_8                                        /opt/cross/avr/lib/gcc/avr/4.3.3/../../../../avr/lib/avr4/crtm8.o
__vector_9                                        /opt/cross/avr/lib/gcc/avr/4.3.3/../../../../avr/lib/avr4/crtm8.o
__vector_default                                  /opt/cross/avr/lib/gcc/avr/4.3.3/../../../../avr/lib/avr4/crtm8.o
__vectors                                         /opt/cross/avr/lib/gcc/avr/4.3.3/../../../../avr/lib/avr4/crtm8.o
_exit                                             /opt/cross/avr/lib/gcc/avr/4.3.3/avr4/libgcc.a(_exit.o)
airid                                             ./rf12.o
exit                                              /opt/cross/avr/lib/gcc/avr/4.3.3/avr4/libgcc.a(_exit.o)
                                                  /opt/cross/avr/lib/gcc/avr/4.3.3/../../../../avr/lib/avr4/crtm8.o
i2c_init                                          ./twimaster.o
                                                  ./main.o
i2c_readAck                                       ./twimaster.o
                                                  ./main.o
i2c_readNak                                       ./twimaster.o
                                                  ./main.o
i2c_rep_start                                     ./twimaster.o
                                                  ./main.o
i2c_start                                         ./twimaster.o
i2c_start_wait                                    ./twimaster.o
                                                  ./main.o
i2c_stop                                          ./twimaster.o
                                                  ./main.o
i2c_write                                         ./twimaster.o
                                                  ./main.o
main                                              ./main.o
                                                  /opt/cross/avr/lib/gcc/avr/4.3.3/../../../../avr/lib/avr4/crtm8.o
p                                                 ./main.o
readHH10                                          ./main.o
readHP03                                          ./main.o
rf12_init                                         ./rf12.o
                                                  ./main.o
rf12_preinit                                      ./rf12.o
                                                  ./main.o
rf12_ready                                        ./rf12.o
rf12_readytrans                                   ./rf12.o
rf12_rxdata                                       ./rf12.o
rf12_setbandwidth                                 ./rf12.o
                                                  ./main.o
rf12_setbaud                                      ./rf12.o
                                                  ./main.o
rf12_setfreq                                      ./rf12.o
                                                  ./main.o
rf12_setpower                                     ./rf12.o
                                                  ./main.o
rf12_trans                                        ./rf12.o
                                                  ./main.o
rf12_txdata                                       ./rf12.o
                                                  ./main.o
rf12_txdata_end                                   ./rf12.o
rf12_txdata_send                                  ./rf12.o
rf12_txdata_start                                 ./rf12.o
rf12_txdataa                                      ./rf12.o
send                                              ./main.o
t                                                 ./main.o
uart_getc                                         ./uart.o
uart_init                                         ./uart.o
                                                  ./main.o
uart_putc                                         ./uart.o
uart_puts                                         ./uart.o
                                                  ./main.o
uart_puts_p                                       ./uart.o
