Archive member included because of file (symbol)

/opt/cross/avr/lib/gcc/avr/4.3.3/avr25/libgcc.a(_divmodsi4.o)
                              ./rf12.o (__divmodsi4)
/opt/cross/avr/lib/gcc/avr/4.3.3/avr25/libgcc.a(_exit.o)
                              /opt/cross/avr/lib/gcc/avr/4.3.3/../../../../avr/lib/avr25/crttn2313.o (exit)
/opt/cross/avr/lib/gcc/avr/4.3.3/avr25/libgcc.a(_copy_data.o)
                              ./bma.o (__do_copy_data)
/opt/cross/avr/lib/gcc/avr/4.3.3/avr25/libgcc.a(_clear_bss.o)
                              ./bma.o (__do_clear_bss)
/opt/cross/avr/lib/gcc/avr/4.3.3/avr25/libgcc.a(_fixunssfsi.o)
                              ./bma.o (__fixunssfsi)
/opt/cross/avr/lib/gcc/avr/4.3.3/avr25/libgcc.a(_addsub_sf.o)
                              /opt/cross/avr/lib/gcc/avr/4.3.3/avr25/libgcc.a(_fixunssfsi.o) (__subsf3)
/opt/cross/avr/lib/gcc/avr/4.3.3/avr25/libgcc.a(_mul_sf.o)
                              ./bma.o (__mulsf3)
/opt/cross/avr/lib/gcc/avr/4.3.3/avr25/libgcc.a(_div_sf.o)
                              ./bma.o (__divsf3)
/opt/cross/avr/lib/gcc/avr/4.3.3/avr25/libgcc.a(_gt_sf.o)
                              ./bma.o (__gtsf2)
/opt/cross/avr/lib/gcc/avr/4.3.3/avr25/libgcc.a(_ge_sf.o)
                              /opt/cross/avr/lib/gcc/avr/4.3.3/avr25/libgcc.a(_fixunssfsi.o) (__gesf2)
/opt/cross/avr/lib/gcc/avr/4.3.3/avr25/libgcc.a(_lt_sf.o)
                              ./bma.o (__ltsf2)
/opt/cross/avr/lib/gcc/avr/4.3.3/avr25/libgcc.a(_sf_to_si.o)
                              /opt/cross/avr/lib/gcc/avr/4.3.3/avr25/libgcc.a(_fixunssfsi.o) (__fixsfsi)
/opt/cross/avr/lib/gcc/avr/4.3.3/avr25/libgcc.a(_thenan_sf.o)
                              /opt/cross/avr/lib/gcc/avr/4.3.3/avr25/libgcc.a(_addsub_sf.o) (__thenan_sf)
/opt/cross/avr/lib/gcc/avr/4.3.3/avr25/libgcc.a(_udivmodsi4.o)
                              /opt/cross/avr/lib/gcc/avr/4.3.3/avr25/libgcc.a(_divmodsi4.o) (__udivmodsi4)
/opt/cross/avr/lib/gcc/avr/4.3.3/avr25/libgcc.a(_prologue.o)
                              /opt/cross/avr/lib/gcc/avr/4.3.3/avr25/libgcc.a(_addsub_sf.o) (__prologue_saves__)
/opt/cross/avr/lib/gcc/avr/4.3.3/avr25/libgcc.a(_epilogue.o)
                              /opt/cross/avr/lib/gcc/avr/4.3.3/avr25/libgcc.a(_addsub_sf.o) (__epilogue_restores__)
/opt/cross/avr/lib/gcc/avr/4.3.3/avr25/libgcc.a(_pack_sf.o)
                              /opt/cross/avr/lib/gcc/avr/4.3.3/avr25/libgcc.a(_addsub_sf.o) (__pack_f)
/opt/cross/avr/lib/gcc/avr/4.3.3/avr25/libgcc.a(_unpack_sf.o)
                              /opt/cross/avr/lib/gcc/avr/4.3.3/avr25/libgcc.a(_addsub_sf.o) (__unpack_f)
/opt/cross/avr/lib/gcc/avr/4.3.3/avr25/libgcc.a(_fpcmp_parts_sf.o)
                              /opt/cross/avr/lib/gcc/avr/4.3.3/avr25/libgcc.a(_gt_sf.o) (__fpcmp_parts_f)
/opt/cross/avr/lib/gcc/avr/4.3.3/../../../../avr/lib/avr25/libc.a(memcpy.o)
                              ./main.o (memcpy)

Allocating common symbols
Common symbol       size              file

airid               0x4               ./rf12.o

Memory Configuration

Name             Origin             Length             Attributes
text             0x0000000000000000 0x0000000000002000 xr
data             0x0000000000800060 0x000000000000ffa0 rw !x
eeprom           0x0000000000810000 0x0000000000010000 rw !x
fuse             0x0000000000820000 0x0000000000000400 rw !x
lock             0x0000000000830000 0x0000000000000400 rw !x
signature        0x0000000000840000 0x0000000000000400 rw !x
*default*        0x0000000000000000 0xffffffffffffffff

Linker script and memory map

LOAD /opt/cross/avr/lib/gcc/avr/4.3.3/../../../../avr/lib/avr25/crttn2313.o
LOAD ./bma.o
LOAD ./main.o
LOAD ./rf12.o
LOAD /opt/cross/avr/lib/gcc/avr/4.3.3/avr25/libgcc.a
LOAD /opt/cross/avr/lib/gcc/avr/4.3.3/../../../../avr/lib/avr25/libc.a
LOAD /opt/cross/avr/lib/gcc/avr/4.3.3/avr25/libgcc.a

.hash
 *(.hash)

.dynsym
 *(.dynsym)

.dynstr
 *(.dynstr)

.gnu.version
 *(.gnu.version)

.gnu.version_d
 *(.gnu.version_d)

.gnu.version_r
 *(.gnu.version_r)

.rel.init
 *(.rel.init)

.rela.init
 *(.rela.init)

.rel.text
 *(.rel.text)
 *(.rel.text.*)
 *(.rel.gnu.linkonce.t*)

.rela.text
 *(.rela.text)
 *(.rela.text.*)
 *(.rela.gnu.linkonce.t*)

.rel.fini
 *(.rel.fini)

.rela.fini
 *(.rela.fini)

.rel.rodata
 *(.rel.rodata)
 *(.rel.rodata.*)
 *(.rel.gnu.linkonce.r*)

.rela.rodata
 *(.rela.rodata)
 *(.rela.rodata.*)
 *(.rela.gnu.linkonce.r*)

.rel.data
 *(.rel.data)
 *(.rel.data.*)
 *(.rel.gnu.linkonce.d*)

.rela.data
 *(.rela.data)
 *(.rela.data.*)
 *(.rela.gnu.linkonce.d*)

.rel.ctors
 *(.rel.ctors)

.rela.ctors
 *(.rela.ctors)

.rel.dtors
 *(.rel.dtors)

.rela.dtors
 *(.rela.dtors)

.rel.got
 *(.rel.got)

.rela.got
 *(.rela.got)

.rel.bss
 *(.rel.bss)

.rela.bss
 *(.rela.bss)

.rel.plt
 *(.rel.plt)

.rela.plt
 *(.rela.plt)

.text           0x0000000000000000     0x24ee
 *(.vectors)
 .vectors       0x0000000000000000       0x26 /opt/cross/avr/lib/gcc/avr/4.3.3/../../../../avr/lib/avr25/crttn2313.o
                0x0000000000000000                __vectors
                0x0000000000000000                __vector_default
 *(.vectors)
 *(.progmem.gcc*)
 *(.progmem*)
                0x0000000000000026                . = ALIGN (0x2)
                0x0000000000000026                __trampolines_start = .
 *(.trampolines)
 .trampolines   0x0000000000000026        0x0 linker stubs
 *(.trampolines*)
                0x0000000000000026                __trampolines_end = .
 *(.jumptables)
 *(.jumptables*)
 *(.lowtext)
 *(.lowtext*)
                0x0000000000000026                __ctors_start = .
 *(.ctors)
                0x0000000000000026                __ctors_end = .
                0x0000000000000026                __dtors_start = .
 *(.dtors)
                0x0000000000000026                __dtors_end = .
 SORT(*)(.ctors)
 SORT(*)(.dtors)
 *(.init0)
 .init0         0x0000000000000026        0x0 /opt/cross/avr/lib/gcc/avr/4.3.3/../../../../avr/lib/avr25/crttn2313.o
                0x0000000000000026                __init
 *(.init0)
 *(.init1)
 *(.init1)
 *(.init2)
 .init2         0x0000000000000026        0x8 /opt/cross/avr/lib/gcc/avr/4.3.3/../../../../avr/lib/avr25/crttn2313.o
 *(.init2)
 *(.init3)
 *(.init3)
 *(.init4)
 .init4         0x000000000000002e       0x16 /opt/cross/avr/lib/gcc/avr/4.3.3/avr25/libgcc.a(_copy_data.o)
                0x000000000000002e                __do_copy_data
 .init4         0x0000000000000044       0x10 /opt/cross/avr/lib/gcc/avr/4.3.3/avr25/libgcc.a(_clear_bss.o)
                0x0000000000000044                __do_clear_bss
 *(.init4)
 *(.init5)
 *(.init5)
 *(.init6)
 *(.init6)
 *(.init7)
 *(.init7)
 *(.init8)
 *(.init8)
 *(.init9)
 .init9         0x0000000000000054        0x4 /opt/cross/avr/lib/gcc/avr/4.3.3/../../../../avr/lib/avr25/crttn2313.o
 *(.init9)
 *(.text)
 .text          0x0000000000000058        0x2 /opt/cross/avr/lib/gcc/avr/4.3.3/../../../../avr/lib/avr25/crttn2313.o
                0x0000000000000058                __vector_1
                0x0000000000000058                __vector_12
                0x0000000000000058                __bad_interrupt
                0x0000000000000058                __vector_6
                0x0000000000000058                __vector_3
                0x0000000000000058                __vector_11
                0x0000000000000058                __vector_13
                0x0000000000000058                __vector_17
                0x0000000000000058                __vector_7
                0x0000000000000058                __vector_5
                0x0000000000000058                __vector_4
                0x0000000000000058                __vector_9
                0x0000000000000058                __vector_2
                0x0000000000000058                __vector_15
                0x0000000000000058                __vector_8
                0x0000000000000058                __vector_14
                0x0000000000000058                __vector_10
                0x0000000000000058                __vector_16
 .text          0x000000000000005a      0x856 ./bma.o
                0x000000000000005a                BMA_trans
                0x0000000000000680                BMA_init
                0x000000000000061e                BMA_uninit
 .text          0x00000000000008b0      0x7a4 ./main.o
                0x000000000000090c                measure
                0x0000000000000e7e                send
                0x0000000000000f3c                main
                0x00000000000008b0                __vector_18
 .text          0x0000000000001054      0x7ec ./rf12.o
                0x0000000000001726                rf12_txdata_start
                0x0000000000001054                rf12_trans
                0x0000000000001434                rf12_setbandwidth
                0x00000000000016b8                rf12_txdataa
                0x0000000000001498                rf12_setfreq
                0x00000000000016f4                rf12_txdata
                0x000000000000151c                rf12_setpower
                0x0000000000001290                rf12_readytrans
                0x00000000000012b0                rf12_preinit
                0x000000000000177e                rf12_txdata_send
                0x00000000000013fc                rf12_init
                0x00000000000017cc                rf12_txdata_end
                0x000000000000155c                rf12_ready
                0x00000000000014e0                rf12_setbaud
                0x00000000000017e0                rf12_rxdata
 .text          0x0000000000001840        0x0 /opt/cross/avr/lib/gcc/avr/4.3.3/avr25/libgcc.a(_divmodsi4.o)
 .text          0x0000000000001840        0x0 /opt/cross/avr/lib/gcc/avr/4.3.3/avr25/libgcc.a(_exit.o)
 .text          0x0000000000001840        0x0 /opt/cross/avr/lib/gcc/avr/4.3.3/avr25/libgcc.a(_copy_data.o)
 .text          0x0000000000001840        0x0 /opt/cross/avr/lib/gcc/avr/4.3.3/avr25/libgcc.a(_clear_bss.o)
 .text          0x0000000000001840       0x50 /opt/cross/avr/lib/gcc/avr/4.3.3/avr25/libgcc.a(_fixunssfsi.o)
                0x0000000000001840                __fixunssfsi
 .text          0x0000000000001890      0x338 /opt/cross/avr/lib/gcc/avr/4.3.3/avr25/libgcc.a(_addsub_sf.o)
                0x0000000000001b24                __subsf3
                0x0000000000001b7a                __addsf3
 .text          0x0000000000001bc8      0x1ea /opt/cross/avr/lib/gcc/avr/4.3.3/avr25/libgcc.a(_mul_sf.o)
                0x0000000000001bc8                __mulsf3
 .text          0x0000000000001db2      0x14e /opt/cross/avr/lib/gcc/avr/4.3.3/avr25/libgcc.a(_div_sf.o)
                0x0000000000001db2                __divsf3
 .text          0x0000000000001f00       0x56 /opt/cross/avr/lib/gcc/avr/4.3.3/avr25/libgcc.a(_gt_sf.o)
                0x0000000000001f00                __gtsf2
 .text          0x0000000000001f56       0x56 /opt/cross/avr/lib/gcc/avr/4.3.3/avr25/libgcc.a(_ge_sf.o)
                0x0000000000001f56                __gesf2
 .text          0x0000000000001fac       0x56 /opt/cross/avr/lib/gcc/avr/4.3.3/avr25/libgcc.a(_lt_sf.o)
                0x0000000000001fac                __ltsf2
 .text          0x0000000000002002       0xa2 /opt/cross/avr/lib/gcc/avr/4.3.3/avr25/libgcc.a(_sf_to_si.o)
                0x0000000000002002                __fixsfsi
 .text          0x00000000000020a4        0x0 /opt/cross/avr/lib/gcc/avr/4.3.3/avr25/libgcc.a(_thenan_sf.o)
 .text          0x00000000000020a4        0x0 /opt/cross/avr/lib/gcc/avr/4.3.3/avr25/libgcc.a(_udivmodsi4.o)
 .text          0x00000000000020a4        0x0 /opt/cross/avr/lib/gcc/avr/4.3.3/avr25/libgcc.a(_prologue.o)
 .text          0x00000000000020a4        0x0 /opt/cross/avr/lib/gcc/avr/4.3.3/avr25/libgcc.a(_epilogue.o)
 .text          0x00000000000020a4      0x1aa /opt/cross/avr/lib/gcc/avr/4.3.3/avr25/libgcc.a(_pack_sf.o)
                0x00000000000020a4                __pack_f
 .text          0x000000000000224e       0xf0 /opt/cross/avr/lib/gcc/avr/4.3.3/avr25/libgcc.a(_unpack_sf.o)
                0x000000000000224e                __unpack_f
 .text          0x000000000000233e       0xb2 /opt/cross/avr/lib/gcc/avr/4.3.3/avr25/libgcc.a(_fpcmp_parts_sf.o)
                0x000000000000233e                __fpcmp_parts_f
 .text          0x00000000000023f0        0x0 /opt/cross/avr/lib/gcc/avr/4.3.3/../../../../avr/lib/avr25/libc.a(memcpy.o)
                0x00000000000023f0                . = ALIGN (0x2)
 *(.text.*)
 .text.libgcc   0x00000000000023f0       0x36 /opt/cross/avr/lib/gcc/avr/4.3.3/avr25/libgcc.a(_divmodsi4.o)
                0x00000000000023f0                __divmodsi4
 .text.libgcc   0x0000000000002426        0x0 /opt/cross/avr/lib/gcc/avr/4.3.3/avr25/libgcc.a(_exit.o)
 .text.libgcc   0x0000000000002426        0x0 /opt/cross/avr/lib/gcc/avr/4.3.3/avr25/libgcc.a(_copy_data.o)
 .text.libgcc   0x0000000000002426        0x0 /opt/cross/avr/lib/gcc/avr/4.3.3/avr25/libgcc.a(_clear_bss.o)
 .text.libgcc   0x0000000000002426       0x44 /opt/cross/avr/lib/gcc/avr/4.3.3/avr25/libgcc.a(_udivmodsi4.o)
                0x0000000000002426                __udivmodsi4
 .text.libgcc   0x000000000000246a       0x38 /opt/cross/avr/lib/gcc/avr/4.3.3/avr25/libgcc.a(_prologue.o)
                0x000000000000246a                __prologue_saves__
 .text.libgcc   0x00000000000024a2       0x36 /opt/cross/avr/lib/gcc/avr/4.3.3/avr25/libgcc.a(_epilogue.o)
                0x00000000000024a2                __epilogue_restores__
 .text.avr-libc
                0x00000000000024d8       0x12 /opt/cross/avr/lib/gcc/avr/4.3.3/../../../../avr/lib/avr25/libc.a(memcpy.o)
                0x00000000000024d8                memcpy
                0x00000000000024ea                . = ALIGN (0x2)
 *(.fini9)
 .fini9         0x00000000000024ea        0x0 /opt/cross/avr/lib/gcc/avr/4.3.3/avr25/libgcc.a(_exit.o)
                0x00000000000024ea                exit
                0x00000000000024ea                _exit
 *(.fini9)
 *(.fini8)
 *(.fini8)
 *(.fini7)
 *(.fini7)
 *(.fini6)
 *(.fini6)
 *(.fini5)
 *(.fini5)
 *(.fini4)
 *(.fini4)
 *(.fini3)
 *(.fini3)
 *(.fini2)
 *(.fini2)
 *(.fini1)
 *(.fini1)
 *(.fini0)
 .fini0         0x00000000000024ea        0x4 /opt/cross/avr/lib/gcc/avr/4.3.3/avr25/libgcc.a(_exit.o)
 *(.fini0)
                0x00000000000024ee                _etext = .

.data           0x0000000000800060        0xe load address 0x00000000000024ee
                0x0000000000800060                PROVIDE (__data_start, .)
 *(.data)
 .data          0x0000000000800060        0x0 /opt/cross/avr/lib/gcc/avr/4.3.3/../../../../avr/lib/avr25/crttn2313.o
 .data          0x0000000000800060        0x0 ./bma.o
 .data          0x0000000000800060        0x5 ./main.o
 .data          0x0000000000800065        0x0 ./rf12.o
 .data          0x0000000000800065        0x0 /opt/cross/avr/lib/gcc/avr/4.3.3/avr25/libgcc.a(_divmodsi4.o)
 .data          0x0000000000800065        0x0 /opt/cross/avr/lib/gcc/avr/4.3.3/avr25/libgcc.a(_exit.o)
 .data          0x0000000000800065        0x0 /opt/cross/avr/lib/gcc/avr/4.3.3/avr25/libgcc.a(_copy_data.o)
 .data          0x0000000000800065        0x0 /opt/cross/avr/lib/gcc/avr/4.3.3/avr25/libgcc.a(_clear_bss.o)
 .data          0x0000000000800065        0x0 /opt/cross/avr/lib/gcc/avr/4.3.3/avr25/libgcc.a(_fixunssfsi.o)
 .data          0x0000000000800065        0x0 /opt/cross/avr/lib/gcc/avr/4.3.3/avr25/libgcc.a(_addsub_sf.o)
 .data          0x0000000000800065        0x0 /opt/cross/avr/lib/gcc/avr/4.3.3/avr25/libgcc.a(_mul_sf.o)
 .data          0x0000000000800065        0x0 /opt/cross/avr/lib/gcc/avr/4.3.3/avr25/libgcc.a(_div_sf.o)
 .data          0x0000000000800065        0x0 /opt/cross/avr/lib/gcc/avr/4.3.3/avr25/libgcc.a(_gt_sf.o)
 .data          0x0000000000800065        0x0 /opt/cross/avr/lib/gcc/avr/4.3.3/avr25/libgcc.a(_ge_sf.o)
 .data          0x0000000000800065        0x0 /opt/cross/avr/lib/gcc/avr/4.3.3/avr25/libgcc.a(_lt_sf.o)
 .data          0x0000000000800065        0x0 /opt/cross/avr/lib/gcc/avr/4.3.3/avr25/libgcc.a(_sf_to_si.o)
 .data          0x0000000000800065        0x8 /opt/cross/avr/lib/gcc/avr/4.3.3/avr25/libgcc.a(_thenan_sf.o)
                0x0000000000800065                __thenan_sf
 .data          0x000000000080006d        0x0 /opt/cross/avr/lib/gcc/avr/4.3.3/avr25/libgcc.a(_udivmodsi4.o)
 .data          0x000000000080006d        0x0 /opt/cross/avr/lib/gcc/avr/4.3.3/avr25/libgcc.a(_prologue.o)
 .data          0x000000000080006d        0x0 /opt/cross/avr/lib/gcc/avr/4.3.3/avr25/libgcc.a(_epilogue.o)
 .data          0x000000000080006d        0x0 /opt/cross/avr/lib/gcc/avr/4.3.3/avr25/libgcc.a(_pack_sf.o)
 .data          0x000000000080006d        0x0 /opt/cross/avr/lib/gcc/avr/4.3.3/avr25/libgcc.a(_unpack_sf.o)
 .data          0x000000000080006d        0x0 /opt/cross/avr/lib/gcc/avr/4.3.3/avr25/libgcc.a(_fpcmp_parts_sf.o)
 .data          0x000000000080006d        0x0 /opt/cross/avr/lib/gcc/avr/4.3.3/../../../../avr/lib/avr25/libc.a(memcpy.o)
 *(.data*)
 *(.rodata)
 *(.rodata*)
 *(.gnu.linkonce.d*)
                0x000000000080006e                . = ALIGN (0x2)
 *fill*         0x000000000080006d        0x1 00
                0x000000000080006e                _edata = .
                0x000000000080006e                PROVIDE (__data_end, .)

.bss            0x000000000080006e       0x14
                0x000000000080006e                PROVIDE (__bss_start, .)
 *(.bss)
 .bss           0x000000000080006e        0x0 /opt/cross/avr/lib/gcc/avr/4.3.3/../../../../avr/lib/avr25/crttn2313.o
 .bss           0x000000000080006e        0x0 ./bma.o
 .bss           0x000000000080006e       0x10 ./main.o
                0x0000000000800070                x
                0x000000000080006e                WDTcounter
                0x0000000000800078                z
                0x0000000000800074                y
                0x000000000080007c                uiState
 .bss           0x000000000080007e        0x0 ./rf12.o
 .bss           0x000000000080007e        0x0 /opt/cross/avr/lib/gcc/avr/4.3.3/avr25/libgcc.a(_divmodsi4.o)
 .bss           0x000000000080007e        0x0 /opt/cross/avr/lib/gcc/avr/4.3.3/avr25/libgcc.a(_exit.o)
 .bss           0x000000000080007e        0x0 /opt/cross/avr/lib/gcc/avr/4.3.3/avr25/libgcc.a(_copy_data.o)
 .bss           0x000000000080007e        0x0 /opt/cross/avr/lib/gcc/avr/4.3.3/avr25/libgcc.a(_clear_bss.o)
 .bss           0x000000000080007e        0x0 /opt/cross/avr/lib/gcc/avr/4.3.3/avr25/libgcc.a(_fixunssfsi.o)
 .bss           0x000000000080007e        0x0 /opt/cross/avr/lib/gcc/avr/4.3.3/avr25/libgcc.a(_addsub_sf.o)
 .bss           0x000000000080007e        0x0 /opt/cross/avr/lib/gcc/avr/4.3.3/avr25/libgcc.a(_mul_sf.o)
 .bss           0x000000000080007e        0x0 /opt/cross/avr/lib/gcc/avr/4.3.3/avr25/libgcc.a(_div_sf.o)
 .bss           0x000000000080007e        0x0 /opt/cross/avr/lib/gcc/avr/4.3.3/avr25/libgcc.a(_gt_sf.o)
 .bss           0x000000000080007e        0x0 /opt/cross/avr/lib/gcc/avr/4.3.3/avr25/libgcc.a(_ge_sf.o)
 .bss           0x000000000080007e        0x0 /opt/cross/avr/lib/gcc/avr/4.3.3/avr25/libgcc.a(_lt_sf.o)
 .bss           0x000000000080007e        0x0 /opt/cross/avr/lib/gcc/avr/4.3.3/avr25/libgcc.a(_sf_to_si.o)
 .bss           0x000000000080007e        0x0 /opt/cross/avr/lib/gcc/avr/4.3.3/avr25/libgcc.a(_thenan_sf.o)
 .bss           0x000000000080007e        0x0 /opt/cross/avr/lib/gcc/avr/4.3.3/avr25/libgcc.a(_udivmodsi4.o)
 .bss           0x000000000080007e        0x0 /opt/cross/avr/lib/gcc/avr/4.3.3/avr25/libgcc.a(_prologue.o)
 .bss           0x000000000080007e        0x0 /opt/cross/avr/lib/gcc/avr/4.3.3/avr25/libgcc.a(_epilogue.o)
 .bss           0x000000000080007e        0x0 /opt/cross/avr/lib/gcc/avr/4.3.3/avr25/libgcc.a(_pack_sf.o)
 .bss           0x000000000080007e        0x0 /opt/cross/avr/lib/gcc/avr/4.3.3/avr25/libgcc.a(_unpack_sf.o)
 .bss           0x000000000080007e        0x0 /opt/cross/avr/lib/gcc/avr/4.3.3/avr25/libgcc.a(_fpcmp_parts_sf.o)
 .bss           0x000000000080007e        0x0 /opt/cross/avr/lib/gcc/avr/4.3.3/../../../../avr/lib/avr25/libc.a(memcpy.o)
 *(.bss*)
 *(COMMON)
 COMMON         0x000000000080007e        0x4 ./rf12.o
                0x000000000080007e                airid
                0x0000000000800082                PROVIDE (__bss_end, .)
                0x00000000000024ee                __data_load_start = LOADADDR (.data)
                0x00000000000024fc                __data_load_end = (__data_load_start + SIZEOF (.data))

.noinit         0x0000000000800082        0x0
                0x0000000000800082                PROVIDE (__noinit_start, .)
 *(.noinit*)
                0x0000000000800082                PROVIDE (__noinit_end, .)
                0x0000000000800082                _end = .
                0x0000000000800082                PROVIDE (__heap_start, .)

.eeprom         0x0000000000810000        0x0
 *(.eeprom*)
                0x0000000000810000                __eeprom_end = .

.fuse
 *(.fuse)
 *(.lfuse)
 *(.hfuse)
 *(.efuse)

.lock
 *(.lock*)

.signature
 *(.signature*)

.stab           0x0000000000000000     0x25bc
 *(.stab)
 .stab          0x0000000000000000      0x6b4 /opt/cross/avr/lib/gcc/avr/4.3.3/../../../../avr/lib/avr25/crttn2313.o
 .stab          0x00000000000006b4      0xb4c ./bma.o
                                        0xb58 (size before relaxing)
 .stab          0x0000000000001200      0x810 ./main.o
                                        0xb10 (size before relaxing)
 .stab          0x0000000000001a10      0xb28 ./rf12.o
                                        0xcfc (size before relaxing)
 .stab          0x0000000000002538       0x84 /opt/cross/avr/lib/gcc/avr/4.3.3/../../../../avr/lib/avr25/libc.a(memcpy.o)
                                         0x90 (size before relaxing)

.stabstr        0x0000000000000000     0x106b
 *(.stabstr)
 .stabstr       0x0000000000000000     0x106b /opt/cross/avr/lib/gcc/avr/4.3.3/../../../../avr/lib/avr25/crttn2313.o

.stab.excl
 *(.stab.excl)

.stab.exclstr
 *(.stab.exclstr)

.stab.index
 *(.stab.index)

.stab.indexstr
 *(.stab.indexstr)

.comment
 *(.comment)

.debug
 *(.debug)

.line
 *(.line)

.debug_srcinfo
 *(.debug_srcinfo)

.debug_sfnames
 *(.debug_sfnames)

.debug_aranges  0x0000000000000000      0x160
 *(.debug_aranges)
 .debug_aranges
                0x0000000000000000       0x20 /opt/cross/avr/lib/gcc/avr/4.3.3/avr25/libgcc.a(_fixunssfsi.o)
 .debug_aranges
                0x0000000000000020       0x20 /opt/cross/avr/lib/gcc/avr/4.3.3/avr25/libgcc.a(_addsub_sf.o)
 .debug_aranges
                0x0000000000000040       0x20 /opt/cross/avr/lib/gcc/avr/4.3.3/avr25/libgcc.a(_mul_sf.o)
 .debug_aranges
                0x0000000000000060       0x20 /opt/cross/avr/lib/gcc/avr/4.3.3/avr25/libgcc.a(_div_sf.o)
 .debug_aranges
                0x0000000000000080       0x20 /opt/cross/avr/lib/gcc/avr/4.3.3/avr25/libgcc.a(_gt_sf.o)
 .debug_aranges
                0x00000000000000a0       0x20 /opt/cross/avr/lib/gcc/avr/4.3.3/avr25/libgcc.a(_ge_sf.o)
 .debug_aranges
                0x00000000000000c0       0x20 /opt/cross/avr/lib/gcc/avr/4.3.3/avr25/libgcc.a(_lt_sf.o)
 .debug_aranges
                0x00000000000000e0       0x20 /opt/cross/avr/lib/gcc/avr/4.3.3/avr25/libgcc.a(_sf_to_si.o)
 .debug_aranges
                0x0000000000000100       0x20 /opt/cross/avr/lib/gcc/avr/4.3.3/avr25/libgcc.a(_pack_sf.o)
 .debug_aranges
                0x0000000000000120       0x20 /opt/cross/avr/lib/gcc/avr/4.3.3/avr25/libgcc.a(_unpack_sf.o)
 .debug_aranges
                0x0000000000000140       0x20 /opt/cross/avr/lib/gcc/avr/4.3.3/avr25/libgcc.a(_fpcmp_parts_sf.o)

.debug_pubnames
                0x0000000000000000      0x18f
 *(.debug_pubnames)
 .debug_pubnames
                0x0000000000000000       0x23 /opt/cross/avr/lib/gcc/avr/4.3.3/avr25/libgcc.a(_fixunssfsi.o)
 .debug_pubnames
                0x0000000000000023       0x2c /opt/cross/avr/lib/gcc/avr/4.3.3/avr25/libgcc.a(_addsub_sf.o)
 .debug_pubnames
                0x000000000000004f       0x1f /opt/cross/avr/lib/gcc/avr/4.3.3/avr25/libgcc.a(_mul_sf.o)
 .debug_pubnames
                0x000000000000006e       0x1f /opt/cross/avr/lib/gcc/avr/4.3.3/avr25/libgcc.a(_div_sf.o)
 .debug_pubnames
                0x000000000000008d       0x1e /opt/cross/avr/lib/gcc/avr/4.3.3/avr25/libgcc.a(_gt_sf.o)
 .debug_pubnames
                0x00000000000000ab       0x1e /opt/cross/avr/lib/gcc/avr/4.3.3/avr25/libgcc.a(_ge_sf.o)
 .debug_pubnames
                0x00000000000000c9       0x1e /opt/cross/avr/lib/gcc/avr/4.3.3/avr25/libgcc.a(_lt_sf.o)
 .debug_pubnames
                0x00000000000000e7       0x20 /opt/cross/avr/lib/gcc/avr/4.3.3/avr25/libgcc.a(_sf_to_si.o)
 .debug_pubnames
                0x0000000000000107       0x22 /opt/cross/avr/lib/gcc/avr/4.3.3/avr25/libgcc.a(_thenan_sf.o)
 .debug_pubnames
                0x0000000000000129       0x1f /opt/cross/avr/lib/gcc/avr/4.3.3/avr25/libgcc.a(_pack_sf.o)
 .debug_pubnames
                0x0000000000000148       0x21 /opt/cross/avr/lib/gcc/avr/4.3.3/avr25/libgcc.a(_unpack_sf.o)
 .debug_pubnames
                0x0000000000000169       0x26 /opt/cross/avr/lib/gcc/avr/4.3.3/avr25/libgcc.a(_fpcmp_parts_sf.o)

.debug_info     0x0000000000000000     0x2045
 *(.debug_info)
 .debug_info    0x0000000000000000       0xb1 /opt/cross/avr/lib/gcc/avr/4.3.3/avr25/libgcc.a(_fixunssfsi.o)
 .debug_info    0x00000000000000b1      0x47a /opt/cross/avr/lib/gcc/avr/4.3.3/avr25/libgcc.a(_addsub_sf.o)
 .debug_info    0x000000000000052b      0x485 /opt/cross/avr/lib/gcc/avr/4.3.3/avr25/libgcc.a(_mul_sf.o)
 .debug_info    0x00000000000009b0      0x3fc /opt/cross/avr/lib/gcc/avr/4.3.3/avr25/libgcc.a(_div_sf.o)
 .debug_info    0x0000000000000dac      0x27f /opt/cross/avr/lib/gcc/avr/4.3.3/avr25/libgcc.a(_gt_sf.o)
 .debug_info    0x000000000000102b      0x27f /opt/cross/avr/lib/gcc/avr/4.3.3/avr25/libgcc.a(_ge_sf.o)
 .debug_info    0x00000000000012aa      0x27f /opt/cross/avr/lib/gcc/avr/4.3.3/avr25/libgcc.a(_lt_sf.o)
 .debug_info    0x0000000000001529      0x2b0 /opt/cross/avr/lib/gcc/avr/4.3.3/avr25/libgcc.a(_sf_to_si.o)
 .debug_info    0x00000000000017d9      0x12c /opt/cross/avr/lib/gcc/avr/4.3.3/avr25/libgcc.a(_thenan_sf.o)
 .debug_info    0x0000000000001905      0x2df /opt/cross/avr/lib/gcc/avr/4.3.3/avr25/libgcc.a(_pack_sf.o)
 .debug_info    0x0000000000001be4      0x251 /opt/cross/avr/lib/gcc/avr/4.3.3/avr25/libgcc.a(_unpack_sf.o)
 .debug_info    0x0000000000001e35      0x210 /opt/cross/avr/lib/gcc/avr/4.3.3/avr25/libgcc.a(_fpcmp_parts_sf.o)
 *(.gnu.linkonce.wi.*)

.debug_abbrev   0x0000000000000000     0x1101
 *(.debug_abbrev)
 .debug_abbrev  0x0000000000000000       0x5d /opt/cross/avr/lib/gcc/avr/4.3.3/avr25/libgcc.a(_fixunssfsi.o)
 .debug_abbrev  0x000000000000005d      0x1ea /opt/cross/avr/lib/gcc/avr/4.3.3/avr25/libgcc.a(_addsub_sf.o)
 .debug_abbrev  0x0000000000000247      0x21b /opt/cross/avr/lib/gcc/avr/4.3.3/avr25/libgcc.a(_mul_sf.o)
 .debug_abbrev  0x0000000000000462      0x216 /opt/cross/avr/lib/gcc/avr/4.3.3/avr25/libgcc.a(_div_sf.o)
 .debug_abbrev  0x0000000000000678      0x15a /opt/cross/avr/lib/gcc/avr/4.3.3/avr25/libgcc.a(_gt_sf.o)
 .debug_abbrev  0x00000000000007d2      0x15a /opt/cross/avr/lib/gcc/avr/4.3.3/avr25/libgcc.a(_ge_sf.o)
 .debug_abbrev  0x000000000000092c      0x15a /opt/cross/avr/lib/gcc/avr/4.3.3/avr25/libgcc.a(_lt_sf.o)
 .debug_abbrev  0x0000000000000a86      0x17f /opt/cross/avr/lib/gcc/avr/4.3.3/avr25/libgcc.a(_sf_to_si.o)
 .debug_abbrev  0x0000000000000c05       0xad /opt/cross/avr/lib/gcc/avr/4.3.3/avr25/libgcc.a(_thenan_sf.o)
 .debug_abbrev  0x0000000000000cb2      0x1c0 /opt/cross/avr/lib/gcc/avr/4.3.3/avr25/libgcc.a(_pack_sf.o)
 .debug_abbrev  0x0000000000000e72      0x154 /opt/cross/avr/lib/gcc/avr/4.3.3/avr25/libgcc.a(_unpack_sf.o)
 .debug_abbrev  0x0000000000000fc6      0x13b /opt/cross/avr/lib/gcc/avr/4.3.3/avr25/libgcc.a(_fpcmp_parts_sf.o)

.debug_line     0x0000000000000000      0xe4a
 *(.debug_line)
 .debug_line    0x0000000000000000       0x8d /opt/cross/avr/lib/gcc/avr/4.3.3/avr25/libgcc.a(_fixunssfsi.o)
 .debug_line    0x000000000000008d      0x295 /opt/cross/avr/lib/gcc/avr/4.3.3/avr25/libgcc.a(_addsub_sf.o)
 .debug_line    0x0000000000000322      0x21f /opt/cross/avr/lib/gcc/avr/4.3.3/avr25/libgcc.a(_mul_sf.o)
 .debug_line    0x0000000000000541      0x1bb /opt/cross/avr/lib/gcc/avr/4.3.3/avr25/libgcc.a(_div_sf.o)
 .debug_line    0x00000000000006fc       0xb9 /opt/cross/avr/lib/gcc/avr/4.3.3/avr25/libgcc.a(_gt_sf.o)
 .debug_line    0x00000000000007b5       0xb9 /opt/cross/avr/lib/gcc/avr/4.3.3/avr25/libgcc.a(_ge_sf.o)
 .debug_line    0x000000000000086e       0xb9 /opt/cross/avr/lib/gcc/avr/4.3.3/avr25/libgcc.a(_lt_sf.o)
 .debug_line    0x0000000000000927       0xef /opt/cross/avr/lib/gcc/avr/4.3.3/avr25/libgcc.a(_sf_to_si.o)
 .debug_line    0x0000000000000a16       0x76 /opt/cross/avr/lib/gcc/avr/4.3.3/avr25/libgcc.a(_thenan_sf.o)
 .debug_line    0x0000000000000a8c      0x170 /opt/cross/avr/lib/gcc/avr/4.3.3/avr25/libgcc.a(_pack_sf.o)
 .debug_line    0x0000000000000bfc      0x131 /opt/cross/avr/lib/gcc/avr/4.3.3/avr25/libgcc.a(_unpack_sf.o)
 .debug_line    0x0000000000000d2d      0x11d /opt/cross/avr/lib/gcc/avr/4.3.3/avr25/libgcc.a(_fpcmp_parts_sf.o)

.debug_frame    0x0000000000000000      0x180
 *(.debug_frame)
 .debug_frame   0x0000000000000000       0x20 /opt/cross/avr/lib/gcc/avr/4.3.3/avr25/libgcc.a(_fixunssfsi.o)
 .debug_frame   0x0000000000000020       0x40 /opt/cross/avr/lib/gcc/avr/4.3.3/avr25/libgcc.a(_addsub_sf.o)
 .debug_frame   0x0000000000000060       0x20 /opt/cross/avr/lib/gcc/avr/4.3.3/avr25/libgcc.a(_mul_sf.o)
 .debug_frame   0x0000000000000080       0x20 /opt/cross/avr/lib/gcc/avr/4.3.3/avr25/libgcc.a(_div_sf.o)
 .debug_frame   0x00000000000000a0       0x20 /opt/cross/avr/lib/gcc/avr/4.3.3/avr25/libgcc.a(_gt_sf.o)
 .debug_frame   0x00000000000000c0       0x20 /opt/cross/avr/lib/gcc/avr/4.3.3/avr25/libgcc.a(_ge_sf.o)
 .debug_frame   0x00000000000000e0       0x20 /opt/cross/avr/lib/gcc/avr/4.3.3/avr25/libgcc.a(_lt_sf.o)
 .debug_frame   0x0000000000000100       0x20 /opt/cross/avr/lib/gcc/avr/4.3.3/avr25/libgcc.a(_sf_to_si.o)
 .debug_frame   0x0000000000000120       0x20 /opt/cross/avr/lib/gcc/avr/4.3.3/avr25/libgcc.a(_pack_sf.o)
 .debug_frame   0x0000000000000140       0x20 /opt/cross/avr/lib/gcc/avr/4.3.3/avr25/libgcc.a(_unpack_sf.o)
 .debug_frame   0x0000000000000160       0x20 /opt/cross/avr/lib/gcc/avr/4.3.3/avr25/libgcc.a(_fpcmp_parts_sf.o)

.debug_str      0x0000000000000000      0x2c9
 *(.debug_str)
 .debug_str     0x0000000000000000       0xc6 /opt/cross/avr/lib/gcc/avr/4.3.3/avr25/libgcc.a(_fixunssfsi.o)
                                        0x105 (size before relaxing)
 .debug_str     0x00000000000000c6      0x14d /opt/cross/avr/lib/gcc/avr/4.3.3/avr25/libgcc.a(_addsub_sf.o)
                                        0x20d (size before relaxing)
 .debug_str     0x0000000000000213       0x27 /opt/cross/avr/lib/gcc/avr/4.3.3/avr25/libgcc.a(_mul_sf.o)
                                        0x1c6 (size before relaxing)
 .debug_str     0x000000000000023a       0x35 /opt/cross/avr/lib/gcc/avr/4.3.3/avr25/libgcc.a(_div_sf.o)
                                        0x1cf (size before relaxing)
 .debug_str     0x000000000000026f        0xf /opt/cross/avr/lib/gcc/avr/4.3.3/avr25/libgcc.a(_gt_sf.o)
                                        0x19c (size before relaxing)
 .debug_str     0x000000000000027e        0x8 /opt/cross/avr/lib/gcc/avr/4.3.3/avr25/libgcc.a(_ge_sf.o)
                                        0x19c (size before relaxing)
 .debug_str     0x0000000000000286        0x8 /opt/cross/avr/lib/gcc/avr/4.3.3/avr25/libgcc.a(_lt_sf.o)
                                        0x19c (size before relaxing)
 .debug_str     0x000000000000028e        0xa /opt/cross/avr/lib/gcc/avr/4.3.3/avr25/libgcc.a(_sf_to_si.o)
                                        0x1a5 (size before relaxing)
 .debug_str     0x0000000000000000      0x10a /opt/cross/avr/lib/gcc/avr/4.3.3/avr25/libgcc.a(_thenan_sf.o)
 .debug_str     0x0000000000000298       0x16 /opt/cross/avr/lib/gcc/avr/4.3.3/avr25/libgcc.a(_pack_sf.o)
                                        0x1a4 (size before relaxing)
 .debug_str     0x00000000000002ae        0xb /opt/cross/avr/lib/gcc/avr/4.3.3/avr25/libgcc.a(_unpack_sf.o)
                                        0x186 (size before relaxing)
 .debug_str     0x00000000000002b9       0x10 /opt/cross/avr/lib/gcc/avr/4.3.3/avr25/libgcc.a(_fpcmp_parts_sf.o)
                                        0x16a (size before relaxing)

.debug_loc      0x0000000000000000      0x88e
 *(.debug_loc)
 .debug_loc     0x0000000000000000       0x34 /opt/cross/avr/lib/gcc/avr/4.3.3/avr25/libgcc.a(_fixunssfsi.o)
 .debug_loc     0x0000000000000034      0x32a /opt/cross/avr/lib/gcc/avr/4.3.3/avr25/libgcc.a(_addsub_sf.o)
 .debug_loc     0x000000000000035e      0x104 /opt/cross/avr/lib/gcc/avr/4.3.3/avr25/libgcc.a(_mul_sf.o)
 .debug_loc     0x0000000000000462       0xc0 /opt/cross/avr/lib/gcc/avr/4.3.3/avr25/libgcc.a(_div_sf.o)
 .debug_loc     0x0000000000000522       0x3c /opt/cross/avr/lib/gcc/avr/4.3.3/avr25/libgcc.a(_gt_sf.o)
 .debug_loc     0x000000000000055e       0x3c /opt/cross/avr/lib/gcc/avr/4.3.3/avr25/libgcc.a(_ge_sf.o)
 .debug_loc     0x000000000000059a       0x3c /opt/cross/avr/lib/gcc/avr/4.3.3/avr25/libgcc.a(_lt_sf.o)
 .debug_loc     0x00000000000005d6       0x7e /opt/cross/avr/lib/gcc/avr/4.3.3/avr25/libgcc.a(_sf_to_si.o)
 .debug_loc     0x0000000000000654      0x13e /opt/cross/avr/lib/gcc/avr/4.3.3/avr25/libgcc.a(_pack_sf.o)
 .debug_loc     0x0000000000000792       0xac /opt/cross/avr/lib/gcc/avr/4.3.3/avr25/libgcc.a(_unpack_sf.o)
 .debug_loc     0x000000000000083e       0x50 /opt/cross/avr/lib/gcc/avr/4.3.3/avr25/libgcc.a(_fpcmp_parts_sf.o)

.debug_macinfo
 *(.debug_macinfo)
OUTPUT(bma020-tiny2313.elf elf32-avr)
LOAD linker stubs

.debug_ranges   0x0000000000000000       0x50
 .debug_ranges  0x0000000000000000       0x50 /opt/cross/avr/lib/gcc/avr/4.3.3/avr25/libgcc.a(_mul_sf.o)
