Archive member included because of file (symbol)

/opt/cross/avr/lib/gcc/avr/4.3.3/avr25/libgcc.a(_exit.o)
                              /opt/cross/avr/lib/gcc/avr/4.3.3/../../../../avr/lib/avr25/crttn85.o (exit)
/opt/cross/avr/lib/gcc/avr/4.3.3/avr25/libgcc.a(_copy_data.o)
                              ./main.o (__do_copy_data)
/opt/cross/avr/lib/gcc/avr/4.3.3/avr25/libgcc.a(_clear_bss.o)
                              ./main.o (__do_clear_bss)
/opt/cross/avr/lib/gcc/avr/4.3.3/avr25/libgcc.a(_fixunssfsi.o)
                              ./main.o (__fixunssfsi)
/opt/cross/avr/lib/gcc/avr/4.3.3/avr25/libgcc.a(_addsub_sf.o)
                              /opt/cross/avr/lib/gcc/avr/4.3.3/avr25/libgcc.a(_fixunssfsi.o) (__subsf3)
/opt/cross/avr/lib/gcc/avr/4.3.3/avr25/libgcc.a(_mul_sf.o)
                              ./main.o (__mulsf3)
/opt/cross/avr/lib/gcc/avr/4.3.3/avr25/libgcc.a(_gt_sf.o)
                              ./main.o (__gtsf2)
/opt/cross/avr/lib/gcc/avr/4.3.3/avr25/libgcc.a(_ge_sf.o)
                              /opt/cross/avr/lib/gcc/avr/4.3.3/avr25/libgcc.a(_fixunssfsi.o) (__gesf2)
/opt/cross/avr/lib/gcc/avr/4.3.3/avr25/libgcc.a(_lt_sf.o)
                              ./main.o (__ltsf2)
/opt/cross/avr/lib/gcc/avr/4.3.3/avr25/libgcc.a(_si_to_sf.o)
                              ./main.o (__floatsisf)
/opt/cross/avr/lib/gcc/avr/4.3.3/avr25/libgcc.a(_sf_to_si.o)
                              /opt/cross/avr/lib/gcc/avr/4.3.3/avr25/libgcc.a(_fixunssfsi.o) (__fixsfsi)
/opt/cross/avr/lib/gcc/avr/4.3.3/avr25/libgcc.a(_thenan_sf.o)
                              /opt/cross/avr/lib/gcc/avr/4.3.3/avr25/libgcc.a(_addsub_sf.o) (__thenan_sf)
/opt/cross/avr/lib/gcc/avr/4.3.3/avr25/libgcc.a(_prologue.o)
                              /opt/cross/avr/lib/gcc/avr/4.3.3/avr25/libgcc.a(_addsub_sf.o) (__prologue_saves__)
/opt/cross/avr/lib/gcc/avr/4.3.3/avr25/libgcc.a(_epilogue.o)
                              /opt/cross/avr/lib/gcc/avr/4.3.3/avr25/libgcc.a(_addsub_sf.o) (__epilogue_restores__)
/opt/cross/avr/lib/gcc/avr/4.3.3/avr25/libgcc.a(_clzsi2.o)
                              /opt/cross/avr/lib/gcc/avr/4.3.3/avr25/libgcc.a(_si_to_sf.o) (__clzsi2)
/opt/cross/avr/lib/gcc/avr/4.3.3/avr25/libgcc.a(_pack_sf.o)
                              /opt/cross/avr/lib/gcc/avr/4.3.3/avr25/libgcc.a(_addsub_sf.o) (__pack_f)
/opt/cross/avr/lib/gcc/avr/4.3.3/avr25/libgcc.a(_unpack_sf.o)
                              /opt/cross/avr/lib/gcc/avr/4.3.3/avr25/libgcc.a(_addsub_sf.o) (__unpack_f)
/opt/cross/avr/lib/gcc/avr/4.3.3/avr25/libgcc.a(_fpcmp_parts_sf.o)
                              /opt/cross/avr/lib/gcc/avr/4.3.3/avr25/libgcc.a(_gt_sf.o) (__fpcmp_parts_f)
/opt/cross/avr/lib/gcc/avr/4.3.3/avr25/libgcc.a(_clz.o)
                              /opt/cross/avr/lib/gcc/avr/4.3.3/avr25/libgcc.a(_clzsi2.o) (__clz_tab)
/opt/cross/avr/lib/gcc/avr/4.3.3/../../../../avr/lib/avr25/libc.a(rand.o)
                              ./main.o (rand)
/opt/cross/avr/lib/gcc/avr/4.3.3/avr25/libgcc.a(_mulsi3.o)
                              /opt/cross/avr/lib/gcc/avr/4.3.3/../../../../avr/lib/avr25/libc.a(rand.o) (__mulsi3)
/opt/cross/avr/lib/gcc/avr/4.3.3/avr25/libgcc.a(_divmodsi4.o)
                              /opt/cross/avr/lib/gcc/avr/4.3.3/../../../../avr/lib/avr25/libc.a(rand.o) (__divmodsi4)
/opt/cross/avr/lib/gcc/avr/4.3.3/avr25/libgcc.a(_udivmodsi4.o)
                              /opt/cross/avr/lib/gcc/avr/4.3.3/avr25/libgcc.a(_divmodsi4.o) (__udivmodsi4)

Memory Configuration

Name             Origin             Length             Attributes
text             0x0000000000000000 0x0000000000002000 xr
data             0x0000000000800060 0x000000000000ffa0 rw !x
eeprom           0x0000000000810000 0x0000000000010000 rw !x
fuse             0x0000000000820000 0x0000000000000400 rw !x
lock             0x0000000000830000 0x0000000000000400 rw !x
signature        0x0000000000840000 0x0000000000000400 rw !x
*default*        0x0000000000000000 0xffffffffffffffff

Linker script and memory map

LOAD /opt/cross/avr/lib/gcc/avr/4.3.3/../../../../avr/lib/avr25/crttn85.o
LOAD ./main.o
LOAD /opt/cross/avr/lib/gcc/avr/4.3.3/avr25/libgcc.a
LOAD /opt/cross/avr/lib/gcc/avr/4.3.3/../../../../avr/lib/avr25/libc.a
LOAD /opt/cross/avr/lib/gcc/avr/4.3.3/avr25/libgcc.a

.hash
 *(.hash)

.dynsym
 *(.dynsym)

.dynstr
 *(.dynstr)

.gnu.version
 *(.gnu.version)

.gnu.version_d
 *(.gnu.version_d)

.gnu.version_r
 *(.gnu.version_r)

.rel.init
 *(.rel.init)

.rela.init
 *(.rela.init)

.rel.text
 *(.rel.text)
 *(.rel.text.*)
 *(.rel.gnu.linkonce.t*)

.rela.text
 *(.rela.text)
 *(.rela.text.*)
 *(.rela.gnu.linkonce.t*)

.rel.fini
 *(.rel.fini)

.rela.fini
 *(.rela.fini)

.rel.rodata
 *(.rel.rodata)
 *(.rel.rodata.*)
 *(.rel.gnu.linkonce.r*)

.rela.rodata
 *(.rela.rodata)
 *(.rela.rodata.*)
 *(.rela.gnu.linkonce.r*)

.rel.data
 *(.rel.data)
 *(.rel.data.*)
 *(.rel.gnu.linkonce.d*)

.rela.data
 *(.rela.data)
 *(.rela.data.*)
 *(.rela.gnu.linkonce.d*)

.rel.ctors
 *(.rel.ctors)

.rela.ctors
 *(.rela.ctors)

.rel.dtors
 *(.rel.dtors)

.rela.dtors
 *(.rela.dtors)

.rel.got
 *(.rel.got)

.rela.got
 *(.rela.got)

.rel.bss
 *(.rel.bss)

.rela.bss
 *(.rela.bss)

.rel.plt
 *(.rel.plt)

.rela.plt
 *(.rela.plt)

.text           0x0000000000000000      0xf18
 *(.vectors)
 .vectors       0x0000000000000000       0x1e /opt/cross/avr/lib/gcc/avr/4.3.3/../../../../avr/lib/avr25/crttn85.o
                0x0000000000000000                __vectors
                0x0000000000000000                __vector_default
 *(.vectors)
 *(.progmem.gcc*)
 *(.progmem*)
                0x000000000000001e                . = ALIGN (0x2)
                0x000000000000001e                __trampolines_start = .
 *(.trampolines)
 .trampolines   0x000000000000001e        0x0 linker stubs
 *(.trampolines*)
                0x000000000000001e                __trampolines_end = .
 *(.jumptables)
 *(.jumptables*)
 *(.lowtext)
 *(.lowtext*)
                0x000000000000001e                __ctors_start = .
 *(.ctors)
                0x000000000000001e                __ctors_end = .
                0x000000000000001e                __dtors_start = .
 *(.dtors)
                0x000000000000001e                __dtors_end = .
 SORT(*)(.ctors)
 SORT(*)(.dtors)
 *(.init0)
 .init0         0x000000000000001e        0x0 /opt/cross/avr/lib/gcc/avr/4.3.3/../../../../avr/lib/avr25/crttn85.o
                0x000000000000001e                __init
 *(.init0)
 *(.init1)
 *(.init1)
 *(.init2)
 .init2         0x000000000000001e        0xc /opt/cross/avr/lib/gcc/avr/4.3.3/../../../../avr/lib/avr25/crttn85.o
 *(.init2)
 *(.init3)
 *(.init3)
 *(.init4)
 .init4         0x000000000000002a       0x16 /opt/cross/avr/lib/gcc/avr/4.3.3/avr25/libgcc.a(_copy_data.o)
                0x000000000000002a                __do_copy_data
 .init4         0x0000000000000040       0x10 /opt/cross/avr/lib/gcc/avr/4.3.3/avr25/libgcc.a(_clear_bss.o)
                0x0000000000000040                __do_clear_bss
 *(.init4)
 *(.init5)
 *(.init5)
 *(.init6)
 *(.init6)
 *(.init7)
 *(.init7)
 *(.init8)
 *(.init8)
 *(.init9)
 .init9         0x0000000000000050        0x4 /opt/cross/avr/lib/gcc/avr/4.3.3/../../../../avr/lib/avr25/crttn85.o
 *(.init9)
 *(.text)
 .text          0x0000000000000054        0x2 /opt/cross/avr/lib/gcc/avr/4.3.3/../../../../avr/lib/avr25/crttn85.o
                0x0000000000000054                __vector_1
                0x0000000000000054                __bad_interrupt
                0x0000000000000054                __vector_6
                0x0000000000000054                __vector_3
                0x0000000000000054                __vector_11
                0x0000000000000054                __vector_13
                0x0000000000000054                __vector_7
                0x0000000000000054                __vector_5
                0x0000000000000054                __vector_4
                0x0000000000000054                __vector_9
                0x0000000000000054                __vector_2
                0x0000000000000054                __vector_8
                0x0000000000000054                __vector_14
                0x0000000000000054                __vector_10
 .text          0x0000000000000056      0x13e ./main.o
                0x0000000000000056                __vector_12
                0x000000000000009a                main
                0x000000000000008e                crand
 .text          0x0000000000000194        0x0 /opt/cross/avr/lib/gcc/avr/4.3.3/avr25/libgcc.a(_exit.o)
 .text          0x0000000000000194        0x0 /opt/cross/avr/lib/gcc/avr/4.3.3/avr25/libgcc.a(_copy_data.o)
 .text          0x0000000000000194        0x0 /opt/cross/avr/lib/gcc/avr/4.3.3/avr25/libgcc.a(_clear_bss.o)
 .text          0x0000000000000194       0x50 /opt/cross/avr/lib/gcc/avr/4.3.3/avr25/libgcc.a(_fixunssfsi.o)
                0x0000000000000194                __fixunssfsi
 .text          0x00000000000001e4      0x338 /opt/cross/avr/lib/gcc/avr/4.3.3/avr25/libgcc.a(_addsub_sf.o)
                0x0000000000000478                __subsf3
                0x00000000000004ce                __addsf3
 .text          0x000000000000051c      0x1ea /opt/cross/avr/lib/gcc/avr/4.3.3/avr25/libgcc.a(_mul_sf.o)
                0x000000000000051c                __mulsf3
 .text          0x0000000000000706       0x56 /opt/cross/avr/lib/gcc/avr/4.3.3/avr25/libgcc.a(_gt_sf.o)
                0x0000000000000706                __gtsf2
 .text          0x000000000000075c       0x56 /opt/cross/avr/lib/gcc/avr/4.3.3/avr25/libgcc.a(_ge_sf.o)
                0x000000000000075c                __gesf2
 .text          0x00000000000007b2       0x56 /opt/cross/avr/lib/gcc/avr/4.3.3/avr25/libgcc.a(_lt_sf.o)
                0x00000000000007b2                __ltsf2
 .text          0x0000000000000808       0xb4 /opt/cross/avr/lib/gcc/avr/4.3.3/avr25/libgcc.a(_si_to_sf.o)
                0x0000000000000808                __floatsisf
 .text          0x00000000000008bc       0xa2 /opt/cross/avr/lib/gcc/avr/4.3.3/avr25/libgcc.a(_sf_to_si.o)
                0x00000000000008bc                __fixsfsi
 .text          0x000000000000095e        0x0 /opt/cross/avr/lib/gcc/avr/4.3.3/avr25/libgcc.a(_thenan_sf.o)
 .text          0x000000000000095e        0x0 /opt/cross/avr/lib/gcc/avr/4.3.3/avr25/libgcc.a(_prologue.o)
 .text          0x000000000000095e        0x0 /opt/cross/avr/lib/gcc/avr/4.3.3/avr25/libgcc.a(_epilogue.o)
 .text          0x000000000000095e       0x9e /opt/cross/avr/lib/gcc/avr/4.3.3/avr25/libgcc.a(_clzsi2.o)
                0x000000000000095e                __clzsi2
 .text          0x00000000000009fc      0x1aa /opt/cross/avr/lib/gcc/avr/4.3.3/avr25/libgcc.a(_pack_sf.o)
                0x00000000000009fc                __pack_f
 .text          0x0000000000000ba6       0xf0 /opt/cross/avr/lib/gcc/avr/4.3.3/avr25/libgcc.a(_unpack_sf.o)
                0x0000000000000ba6                __unpack_f
 .text          0x0000000000000c96       0xb2 /opt/cross/avr/lib/gcc/avr/4.3.3/avr25/libgcc.a(_fpcmp_parts_sf.o)
                0x0000000000000c96                __fpcmp_parts_f
 .text          0x0000000000000d48        0x0 /opt/cross/avr/lib/gcc/avr/4.3.3/avr25/libgcc.a(_clz.o)
 .text          0x0000000000000d48        0x0 /opt/cross/avr/lib/gcc/avr/4.3.3/../../../../avr/lib/avr25/libc.a(rand.o)
 .text          0x0000000000000d48        0x0 /opt/cross/avr/lib/gcc/avr/4.3.3/avr25/libgcc.a(_mulsi3.o)
 .text          0x0000000000000d48        0x0 /opt/cross/avr/lib/gcc/avr/4.3.3/avr25/libgcc.a(_divmodsi4.o)
 .text          0x0000000000000d48        0x0 /opt/cross/avr/lib/gcc/avr/4.3.3/avr25/libgcc.a(_udivmodsi4.o)
                0x0000000000000d48                . = ALIGN (0x2)
 *(.text.*)
 .text.libgcc   0x0000000000000d48        0x0 /opt/cross/avr/lib/gcc/avr/4.3.3/avr25/libgcc.a(_exit.o)
 .text.libgcc   0x0000000000000d48        0x0 /opt/cross/avr/lib/gcc/avr/4.3.3/avr25/libgcc.a(_copy_data.o)
 .text.libgcc   0x0000000000000d48        0x0 /opt/cross/avr/lib/gcc/avr/4.3.3/avr25/libgcc.a(_clear_bss.o)
 .text.libgcc   0x0000000000000d48       0x38 /opt/cross/avr/lib/gcc/avr/4.3.3/avr25/libgcc.a(_prologue.o)
                0x0000000000000d48                __prologue_saves__
 .text.libgcc   0x0000000000000d80       0x36 /opt/cross/avr/lib/gcc/avr/4.3.3/avr25/libgcc.a(_epilogue.o)
                0x0000000000000d80                __epilogue_restores__
 .text.avr-libc
                0x0000000000000db6       0xb2 /opt/cross/avr/lib/gcc/avr/4.3.3/../../../../avr/lib/avr25/libc.a(rand.o)
                0x0000000000000e46                rand_r
                0x0000000000000e4a                rand
                0x0000000000000e52                srand
 .text.libgcc   0x0000000000000e68       0x32 /opt/cross/avr/lib/gcc/avr/4.3.3/avr25/libgcc.a(_mulsi3.o)
                0x0000000000000e68                __mulsi3
 .text.libgcc   0x0000000000000e9a       0x36 /opt/cross/avr/lib/gcc/avr/4.3.3/avr25/libgcc.a(_divmodsi4.o)
                0x0000000000000e9a                __divmodsi4
 .text.libgcc   0x0000000000000ed0       0x44 /opt/cross/avr/lib/gcc/avr/4.3.3/avr25/libgcc.a(_udivmodsi4.o)
                0x0000000000000ed0                __udivmodsi4
                0x0000000000000f14                . = ALIGN (0x2)
 *(.fini9)
 .fini9         0x0000000000000f14        0x0 /opt/cross/avr/lib/gcc/avr/4.3.3/avr25/libgcc.a(_exit.o)
                0x0000000000000f14                exit
                0x0000000000000f14                _exit
 *(.fini9)
 *(.fini8)
 *(.fini8)
 *(.fini7)
 *(.fini7)
 *(.fini6)
 *(.fini6)
 *(.fini5)
 *(.fini5)
 *(.fini4)
 *(.fini4)
 *(.fini3)
 *(.fini3)
 *(.fini2)
 *(.fini2)
 *(.fini1)
 *(.fini1)
 *(.fini0)
 .fini0         0x0000000000000f14        0x4 /opt/cross/avr/lib/gcc/avr/4.3.3/avr25/libgcc.a(_exit.o)
 *(.fini0)
                0x0000000000000f18                _etext = .

.data           0x0000000000800060      0x10c load address 0x0000000000000f18
                0x0000000000800060                PROVIDE (__data_start, .)
 *(.data)
 .data          0x0000000000800060        0x0 /opt/cross/avr/lib/gcc/avr/4.3.3/../../../../avr/lib/avr25/crttn85.o
 .data          0x0000000000800060        0x0 ./main.o
 .data          0x0000000000800060        0x0 /opt/cross/avr/lib/gcc/avr/4.3.3/avr25/libgcc.a(_exit.o)
 .data          0x0000000000800060        0x0 /opt/cross/avr/lib/gcc/avr/4.3.3/avr25/libgcc.a(_copy_data.o)
 .data          0x0000000000800060        0x0 /opt/cross/avr/lib/gcc/avr/4.3.3/avr25/libgcc.a(_clear_bss.o)
 .data          0x0000000000800060        0x0 /opt/cross/avr/lib/gcc/avr/4.3.3/avr25/libgcc.a(_fixunssfsi.o)
 .data          0x0000000000800060        0x0 /opt/cross/avr/lib/gcc/avr/4.3.3/avr25/libgcc.a(_addsub_sf.o)
 .data          0x0000000000800060        0x0 /opt/cross/avr/lib/gcc/avr/4.3.3/avr25/libgcc.a(_mul_sf.o)
 .data          0x0000000000800060        0x0 /opt/cross/avr/lib/gcc/avr/4.3.3/avr25/libgcc.a(_gt_sf.o)
 .data          0x0000000000800060        0x0 /opt/cross/avr/lib/gcc/avr/4.3.3/avr25/libgcc.a(_ge_sf.o)
 .data          0x0000000000800060        0x0 /opt/cross/avr/lib/gcc/avr/4.3.3/avr25/libgcc.a(_lt_sf.o)
 .data          0x0000000000800060        0x0 /opt/cross/avr/lib/gcc/avr/4.3.3/avr25/libgcc.a(_si_to_sf.o)
 .data          0x0000000000800060        0x0 /opt/cross/avr/lib/gcc/avr/4.3.3/avr25/libgcc.a(_sf_to_si.o)
 .data          0x0000000000800060        0x8 /opt/cross/avr/lib/gcc/avr/4.3.3/avr25/libgcc.a(_thenan_sf.o)
                0x0000000000800060                __thenan_sf
 .data          0x0000000000800068        0x0 /opt/cross/avr/lib/gcc/avr/4.3.3/avr25/libgcc.a(_prologue.o)
 .data          0x0000000000800068        0x0 /opt/cross/avr/lib/gcc/avr/4.3.3/avr25/libgcc.a(_epilogue.o)
 .data          0x0000000000800068        0x0 /opt/cross/avr/lib/gcc/avr/4.3.3/avr25/libgcc.a(_clzsi2.o)
 .data          0x0000000000800068        0x0 /opt/cross/avr/lib/gcc/avr/4.3.3/avr25/libgcc.a(_pack_sf.o)
 .data          0x0000000000800068        0x0 /opt/cross/avr/lib/gcc/avr/4.3.3/avr25/libgcc.a(_unpack_sf.o)
 .data          0x0000000000800068        0x0 /opt/cross/avr/lib/gcc/avr/4.3.3/avr25/libgcc.a(_fpcmp_parts_sf.o)
 .data          0x0000000000800068      0x100 /opt/cross/avr/lib/gcc/avr/4.3.3/avr25/libgcc.a(_clz.o)
                0x0000000000800068                __clz_tab
 .data          0x0000000000800168        0x4 /opt/cross/avr/lib/gcc/avr/4.3.3/../../../../avr/lib/avr25/libc.a(rand.o)
 .data          0x000000000080016c        0x0 /opt/cross/avr/lib/gcc/avr/4.3.3/avr25/libgcc.a(_mulsi3.o)
 .data          0x000000000080016c        0x0 /opt/cross/avr/lib/gcc/avr/4.3.3/avr25/libgcc.a(_divmodsi4.o)
 .data          0x000000000080016c        0x0 /opt/cross/avr/lib/gcc/avr/4.3.3/avr25/libgcc.a(_udivmodsi4.o)
 *(.data*)
 *(.rodata)
 *(.rodata*)
 *(.gnu.linkonce.d*)
                0x000000000080016c                . = ALIGN (0x2)
                0x000000000080016c                _edata = .
                0x000000000080016c                PROVIDE (__data_end, .)

.bss            0x000000000080016c        0x2
                0x000000000080016c                PROVIDE (__bss_start, .)
 *(.bss)
 .bss           0x000000000080016c        0x0 /opt/cross/avr/lib/gcc/avr/4.3.3/../../../../avr/lib/avr25/crttn85.o
 .bss           0x000000000080016c        0x2 ./main.o
                0x000000000080016c                WDTcounter
 .bss           0x000000000080016e        0x0 /opt/cross/avr/lib/gcc/avr/4.3.3/avr25/libgcc.a(_exit.o)
 .bss           0x000000000080016e        0x0 /opt/cross/avr/lib/gcc/avr/4.3.3/avr25/libgcc.a(_copy_data.o)
 .bss           0x000000000080016e        0x0 /opt/cross/avr/lib/gcc/avr/4.3.3/avr25/libgcc.a(_clear_bss.o)
 .bss           0x000000000080016e        0x0 /opt/cross/avr/lib/gcc/avr/4.3.3/avr25/libgcc.a(_fixunssfsi.o)
 .bss           0x000000000080016e        0x0 /opt/cross/avr/lib/gcc/avr/4.3.3/avr25/libgcc.a(_addsub_sf.o)
 .bss           0x000000000080016e        0x0 /opt/cross/avr/lib/gcc/avr/4.3.3/avr25/libgcc.a(_mul_sf.o)
 .bss           0x000000000080016e        0x0 /opt/cross/avr/lib/gcc/avr/4.3.3/avr25/libgcc.a(_gt_sf.o)
 .bss           0x000000000080016e        0x0 /opt/cross/avr/lib/gcc/avr/4.3.3/avr25/libgcc.a(_ge_sf.o)
 .bss           0x000000000080016e        0x0 /opt/cross/avr/lib/gcc/avr/4.3.3/avr25/libgcc.a(_lt_sf.o)
 .bss           0x000000000080016e        0x0 /opt/cross/avr/lib/gcc/avr/4.3.3/avr25/libgcc.a(_si_to_sf.o)
 .bss           0x000000000080016e        0x0 /opt/cross/avr/lib/gcc/avr/4.3.3/avr25/libgcc.a(_sf_to_si.o)
 .bss           0x000000000080016e        0x0 /opt/cross/avr/lib/gcc/avr/4.3.3/avr25/libgcc.a(_thenan_sf.o)
 .bss           0x000000000080016e        0x0 /opt/cross/avr/lib/gcc/avr/4.3.3/avr25/libgcc.a(_prologue.o)
 .bss           0x000000000080016e        0x0 /opt/cross/avr/lib/gcc/avr/4.3.3/avr25/libgcc.a(_epilogue.o)
 .bss           0x000000000080016e        0x0 /opt/cross/avr/lib/gcc/avr/4.3.3/avr25/libgcc.a(_clzsi2.o)
 .bss           0x000000000080016e        0x0 /opt/cross/avr/lib/gcc/avr/4.3.3/avr25/libgcc.a(_pack_sf.o)
 .bss           0x000000000080016e        0x0 /opt/cross/avr/lib/gcc/avr/4.3.3/avr25/libgcc.a(_unpack_sf.o)
 .bss           0x000000000080016e        0x0 /opt/cross/avr/lib/gcc/avr/4.3.3/avr25/libgcc.a(_fpcmp_parts_sf.o)
 .bss           0x000000000080016e        0x0 /opt/cross/avr/lib/gcc/avr/4.3.3/avr25/libgcc.a(_clz.o)
 .bss           0x000000000080016e        0x0 /opt/cross/avr/lib/gcc/avr/4.3.3/../../../../avr/lib/avr25/libc.a(rand.o)
 .bss           0x000000000080016e        0x0 /opt/cross/avr/lib/gcc/avr/4.3.3/avr25/libgcc.a(_mulsi3.o)
 .bss           0x000000000080016e        0x0 /opt/cross/avr/lib/gcc/avr/4.3.3/avr25/libgcc.a(_divmodsi4.o)
 .bss           0x000000000080016e        0x0 /opt/cross/avr/lib/gcc/avr/4.3.3/avr25/libgcc.a(_udivmodsi4.o)
 *(.bss*)
 *(COMMON)
                0x000000000080016e                PROVIDE (__bss_end, .)
                0x0000000000000f18                __data_load_start = LOADADDR (.data)
                0x0000000000001024                __data_load_end = (__data_load_start + SIZEOF (.data))

.noinit         0x000000000080016e        0x0
                0x000000000080016e                PROVIDE (__noinit_start, .)
 *(.noinit*)
                0x000000000080016e                PROVIDE (__noinit_end, .)
                0x000000000080016e                _end = .
                0x000000000080016e                PROVIDE (__heap_start, .)

.eeprom         0x0000000000810000        0x0
 *(.eeprom*)
                0x0000000000810000                __eeprom_end = .

.fuse
 *(.fuse)
 *(.lfuse)
 *(.hfuse)
 *(.efuse)

.lock
 *(.lock*)

.signature
 *(.signature*)

.stab           0x0000000000000000      0x6cc
 *(.stab)
 .stab          0x0000000000000000      0x6cc /opt/cross/avr/lib/gcc/avr/4.3.3/../../../../avr/lib/avr25/crttn85.o

.stabstr        0x0000000000000000       0x54
 *(.stabstr)
 .stabstr       0x0000000000000000       0x54 /opt/cross/avr/lib/gcc/avr/4.3.3/../../../../avr/lib/avr25/crttn85.o

.stab.excl
 *(.stab.excl)

.stab.exclstr
 *(.stab.exclstr)

.stab.index
 *(.stab.index)

.stab.indexstr
 *(.stab.indexstr)

.comment
 *(.comment)

.debug
 *(.debug)

.line
 *(.line)

.debug_srcinfo
 *(.debug_srcinfo)

.debug_sfnames
 *(.debug_sfnames)

.debug_aranges  0x0000000000000000      0x1b8
 *(.debug_aranges)
 .debug_aranges
                0x0000000000000000       0x20 /opt/cross/avr/lib/gcc/avr/4.3.3/avr25/libgcc.a(_fixunssfsi.o)
 .debug_aranges
                0x0000000000000020       0x20 /opt/cross/avr/lib/gcc/avr/4.3.3/avr25/libgcc.a(_addsub_sf.o)
 .debug_aranges
                0x0000000000000040       0x20 /opt/cross/avr/lib/gcc/avr/4.3.3/avr25/libgcc.a(_mul_sf.o)
 .debug_aranges
                0x0000000000000060       0x20 /opt/cross/avr/lib/gcc/avr/4.3.3/avr25/libgcc.a(_gt_sf.o)
 .debug_aranges
                0x0000000000000080       0x20 /opt/cross/avr/lib/gcc/avr/4.3.3/avr25/libgcc.a(_ge_sf.o)
 .debug_aranges
                0x00000000000000a0       0x20 /opt/cross/avr/lib/gcc/avr/4.3.3/avr25/libgcc.a(_lt_sf.o)
 .debug_aranges
                0x00000000000000c0       0x20 /opt/cross/avr/lib/gcc/avr/4.3.3/avr25/libgcc.a(_si_to_sf.o)
 .debug_aranges
                0x00000000000000e0       0x20 /opt/cross/avr/lib/gcc/avr/4.3.3/avr25/libgcc.a(_sf_to_si.o)
 .debug_aranges
                0x0000000000000100       0x20 /opt/cross/avr/lib/gcc/avr/4.3.3/avr25/libgcc.a(_clzsi2.o)
 .debug_aranges
                0x0000000000000120       0x20 /opt/cross/avr/lib/gcc/avr/4.3.3/avr25/libgcc.a(_pack_sf.o)
 .debug_aranges
                0x0000000000000140       0x20 /opt/cross/avr/lib/gcc/avr/4.3.3/avr25/libgcc.a(_unpack_sf.o)
 .debug_aranges
                0x0000000000000160       0x20 /opt/cross/avr/lib/gcc/avr/4.3.3/avr25/libgcc.a(_fpcmp_parts_sf.o)
 .debug_aranges
                0x0000000000000180       0x38 /opt/cross/avr/lib/gcc/avr/4.3.3/../../../../avr/lib/avr25/libc.a(rand.o)

.debug_pubnames
                0x0000000000000000      0x201
 *(.debug_pubnames)
 .debug_pubnames
                0x0000000000000000       0x23 /opt/cross/avr/lib/gcc/avr/4.3.3/avr25/libgcc.a(_fixunssfsi.o)
 .debug_pubnames
                0x0000000000000023       0x2c /opt/cross/avr/lib/gcc/avr/4.3.3/avr25/libgcc.a(_addsub_sf.o)
 .debug_pubnames
                0x000000000000004f       0x1f /opt/cross/avr/lib/gcc/avr/4.3.3/avr25/libgcc.a(_mul_sf.o)
 .debug_pubnames
                0x000000000000006e       0x1e /opt/cross/avr/lib/gcc/avr/4.3.3/avr25/libgcc.a(_gt_sf.o)
 .debug_pubnames
                0x000000000000008c       0x1e /opt/cross/avr/lib/gcc/avr/4.3.3/avr25/libgcc.a(_ge_sf.o)
 .debug_pubnames
                0x00000000000000aa       0x1e /opt/cross/avr/lib/gcc/avr/4.3.3/avr25/libgcc.a(_lt_sf.o)
 .debug_pubnames
                0x00000000000000c8       0x22 /opt/cross/avr/lib/gcc/avr/4.3.3/avr25/libgcc.a(_si_to_sf.o)
 .debug_pubnames
                0x00000000000000ea       0x20 /opt/cross/avr/lib/gcc/avr/4.3.3/avr25/libgcc.a(_sf_to_si.o)
 .debug_pubnames
                0x000000000000010a       0x22 /opt/cross/avr/lib/gcc/avr/4.3.3/avr25/libgcc.a(_thenan_sf.o)
 .debug_pubnames
                0x000000000000012c       0x1f /opt/cross/avr/lib/gcc/avr/4.3.3/avr25/libgcc.a(_clzsi2.o)
 .debug_pubnames
                0x000000000000014b       0x1f /opt/cross/avr/lib/gcc/avr/4.3.3/avr25/libgcc.a(_pack_sf.o)
 .debug_pubnames
                0x000000000000016a       0x21 /opt/cross/avr/lib/gcc/avr/4.3.3/avr25/libgcc.a(_unpack_sf.o)
 .debug_pubnames
                0x000000000000018b       0x26 /opt/cross/avr/lib/gcc/avr/4.3.3/avr25/libgcc.a(_fpcmp_parts_sf.o)
 .debug_pubnames
                0x00000000000001b1       0x20 /opt/cross/avr/lib/gcc/avr/4.3.3/avr25/libgcc.a(_clz.o)
 .debug_pubnames
                0x00000000000001d1       0x30 /opt/cross/avr/lib/gcc/avr/4.3.3/../../../../avr/lib/avr25/libc.a(rand.o)

.debug_info     0x0000000000000000     0x2125
 *(.debug_info)
 .debug_info    0x0000000000000000       0xb1 /opt/cross/avr/lib/gcc/avr/4.3.3/avr25/libgcc.a(_fixunssfsi.o)
 .debug_info    0x00000000000000b1      0x47a /opt/cross/avr/lib/gcc/avr/4.3.3/avr25/libgcc.a(_addsub_sf.o)
 .debug_info    0x000000000000052b      0x485 /opt/cross/avr/lib/gcc/avr/4.3.3/avr25/libgcc.a(_mul_sf.o)
 .debug_info    0x00000000000009b0      0x27f /opt/cross/avr/lib/gcc/avr/4.3.3/avr25/libgcc.a(_gt_sf.o)
 .debug_info    0x0000000000000c2f      0x27f /opt/cross/avr/lib/gcc/avr/4.3.3/avr25/libgcc.a(_ge_sf.o)
 .debug_info    0x0000000000000eae      0x27f /opt/cross/avr/lib/gcc/avr/4.3.3/avr25/libgcc.a(_lt_sf.o)
 .debug_info    0x000000000000112d      0x207 /opt/cross/avr/lib/gcc/avr/4.3.3/avr25/libgcc.a(_si_to_sf.o)
 .debug_info    0x0000000000001334      0x2b0 /opt/cross/avr/lib/gcc/avr/4.3.3/avr25/libgcc.a(_sf_to_si.o)
 .debug_info    0x00000000000015e4      0x12c /opt/cross/avr/lib/gcc/avr/4.3.3/avr25/libgcc.a(_thenan_sf.o)
 .debug_info    0x0000000000001710      0x117 /opt/cross/avr/lib/gcc/avr/4.3.3/avr25/libgcc.a(_clzsi2.o)
 .debug_info    0x0000000000001827      0x2df /opt/cross/avr/lib/gcc/avr/4.3.3/avr25/libgcc.a(_pack_sf.o)
 .debug_info    0x0000000000001b06      0x251 /opt/cross/avr/lib/gcc/avr/4.3.3/avr25/libgcc.a(_unpack_sf.o)
 .debug_info    0x0000000000001d57      0x210 /opt/cross/avr/lib/gcc/avr/4.3.3/avr25/libgcc.a(_fpcmp_parts_sf.o)
 .debug_info    0x0000000000001f67       0xa9 /opt/cross/avr/lib/gcc/avr/4.3.3/avr25/libgcc.a(_clz.o)
 .debug_info    0x0000000000002010      0x115 /opt/cross/avr/lib/gcc/avr/4.3.3/../../../../avr/lib/avr25/libc.a(rand.o)
 *(.gnu.linkonce.wi.*)

.debug_abbrev   0x0000000000000000     0x123d
 *(.debug_abbrev)
 .debug_abbrev  0x0000000000000000       0x5d /opt/cross/avr/lib/gcc/avr/4.3.3/avr25/libgcc.a(_fixunssfsi.o)
 .debug_abbrev  0x000000000000005d      0x1ea /opt/cross/avr/lib/gcc/avr/4.3.3/avr25/libgcc.a(_addsub_sf.o)
 .debug_abbrev  0x0000000000000247      0x21b /opt/cross/avr/lib/gcc/avr/4.3.3/avr25/libgcc.a(_mul_sf.o)
 .debug_abbrev  0x0000000000000462      0x15a /opt/cross/avr/lib/gcc/avr/4.3.3/avr25/libgcc.a(_gt_sf.o)
 .debug_abbrev  0x00000000000005bc      0x15a /opt/cross/avr/lib/gcc/avr/4.3.3/avr25/libgcc.a(_ge_sf.o)
 .debug_abbrev  0x0000000000000716      0x15a /opt/cross/avr/lib/gcc/avr/4.3.3/avr25/libgcc.a(_lt_sf.o)
 .debug_abbrev  0x0000000000000870      0x148 /opt/cross/avr/lib/gcc/avr/4.3.3/avr25/libgcc.a(_si_to_sf.o)
 .debug_abbrev  0x00000000000009b8      0x17f /opt/cross/avr/lib/gcc/avr/4.3.3/avr25/libgcc.a(_sf_to_si.o)
 .debug_abbrev  0x0000000000000b37       0xad /opt/cross/avr/lib/gcc/avr/4.3.3/avr25/libgcc.a(_thenan_sf.o)
 .debug_abbrev  0x0000000000000be4       0xc4 /opt/cross/avr/lib/gcc/avr/4.3.3/avr25/libgcc.a(_clzsi2.o)
 .debug_abbrev  0x0000000000000ca8      0x1c0 /opt/cross/avr/lib/gcc/avr/4.3.3/avr25/libgcc.a(_pack_sf.o)
 .debug_abbrev  0x0000000000000e68      0x154 /opt/cross/avr/lib/gcc/avr/4.3.3/avr25/libgcc.a(_unpack_sf.o)
 .debug_abbrev  0x0000000000000fbc      0x13b /opt/cross/avr/lib/gcc/avr/4.3.3/avr25/libgcc.a(_fpcmp_parts_sf.o)
 .debug_abbrev  0x00000000000010f7       0x6a /opt/cross/avr/lib/gcc/avr/4.3.3/avr25/libgcc.a(_clz.o)
 .debug_abbrev  0x0000000000001161       0xdc /opt/cross/avr/lib/gcc/avr/4.3.3/../../../../avr/lib/avr25/libc.a(rand.o)

.debug_line     0x0000000000000000     0x113d
 *(.debug_line)
 .debug_line    0x0000000000000000       0xaa /opt/cross/avr/lib/gcc/avr/4.3.3/avr25/libgcc.a(_fixunssfsi.o)
 .debug_line    0x00000000000000aa      0x2b2 /opt/cross/avr/lib/gcc/avr/4.3.3/avr25/libgcc.a(_addsub_sf.o)
 .debug_line    0x000000000000035c      0x23c /opt/cross/avr/lib/gcc/avr/4.3.3/avr25/libgcc.a(_mul_sf.o)
 .debug_line    0x0000000000000598       0xd6 /opt/cross/avr/lib/gcc/avr/4.3.3/avr25/libgcc.a(_gt_sf.o)
 .debug_line    0x000000000000066e       0xd6 /opt/cross/avr/lib/gcc/avr/4.3.3/avr25/libgcc.a(_ge_sf.o)
 .debug_line    0x0000000000000744       0xd6 /opt/cross/avr/lib/gcc/avr/4.3.3/avr25/libgcc.a(_lt_sf.o)
 .debug_line    0x000000000000081a      0x138 /opt/cross/avr/lib/gcc/avr/4.3.3/avr25/libgcc.a(_si_to_sf.o)
 .debug_line    0x0000000000000952      0x10c /opt/cross/avr/lib/gcc/avr/4.3.3/avr25/libgcc.a(_sf_to_si.o)
 .debug_line    0x0000000000000a5e       0x93 /opt/cross/avr/lib/gcc/avr/4.3.3/avr25/libgcc.a(_thenan_sf.o)
 .debug_line    0x0000000000000af1       0xa8 /opt/cross/avr/lib/gcc/avr/4.3.3/avr25/libgcc.a(_clzsi2.o)
 .debug_line    0x0000000000000b99      0x18d /opt/cross/avr/lib/gcc/avr/4.3.3/avr25/libgcc.a(_pack_sf.o)
 .debug_line    0x0000000000000d26      0x14e /opt/cross/avr/lib/gcc/avr/4.3.3/avr25/libgcc.a(_unpack_sf.o)
 .debug_line    0x0000000000000e74      0x13a /opt/cross/avr/lib/gcc/avr/4.3.3/avr25/libgcc.a(_fpcmp_parts_sf.o)
 .debug_line    0x0000000000000fae       0x7f /opt/cross/avr/lib/gcc/avr/4.3.3/avr25/libgcc.a(_clz.o)
 .debug_line    0x000000000000102d      0x110 /opt/cross/avr/lib/gcc/avr/4.3.3/../../../../avr/lib/avr25/libc.a(rand.o)

.debug_frame    0x0000000000000000      0x1f0
 *(.debug_frame)
 .debug_frame   0x0000000000000000       0x20 /opt/cross/avr/lib/gcc/avr/4.3.3/avr25/libgcc.a(_fixunssfsi.o)
 .debug_frame   0x0000000000000020       0x40 /opt/cross/avr/lib/gcc/avr/4.3.3/avr25/libgcc.a(_addsub_sf.o)
 .debug_frame   0x0000000000000060       0x20 /opt/cross/avr/lib/gcc/avr/4.3.3/avr25/libgcc.a(_mul_sf.o)
 .debug_frame   0x0000000000000080       0x20 /opt/cross/avr/lib/gcc/avr/4.3.3/avr25/libgcc.a(_gt_sf.o)
 .debug_frame   0x00000000000000a0       0x20 /opt/cross/avr/lib/gcc/avr/4.3.3/avr25/libgcc.a(_ge_sf.o)
 .debug_frame   0x00000000000000c0       0x20 /opt/cross/avr/lib/gcc/avr/4.3.3/avr25/libgcc.a(_lt_sf.o)
 .debug_frame   0x00000000000000e0       0x20 /opt/cross/avr/lib/gcc/avr/4.3.3/avr25/libgcc.a(_si_to_sf.o)
 .debug_frame   0x0000000000000100       0x20 /opt/cross/avr/lib/gcc/avr/4.3.3/avr25/libgcc.a(_sf_to_si.o)
 .debug_frame   0x0000000000000120       0x20 /opt/cross/avr/lib/gcc/avr/4.3.3/avr25/libgcc.a(_clzsi2.o)
 .debug_frame   0x0000000000000140       0x20 /opt/cross/avr/lib/gcc/avr/4.3.3/avr25/libgcc.a(_pack_sf.o)
 .debug_frame   0x0000000000000160       0x20 /opt/cross/avr/lib/gcc/avr/4.3.3/avr25/libgcc.a(_unpack_sf.o)
 .debug_frame   0x0000000000000180       0x20 /opt/cross/avr/lib/gcc/avr/4.3.3/avr25/libgcc.a(_fpcmp_parts_sf.o)
 .debug_frame   0x00000000000001a0       0x50 /opt/cross/avr/lib/gcc/avr/4.3.3/../../../../avr/lib/avr25/libc.a(rand.o)

.debug_str      0x0000000000000000      0x335
 *(.debug_str)
 .debug_str     0x0000000000000000       0xc6 /opt/cross/avr/lib/gcc/avr/4.3.3/avr25/libgcc.a(_fixunssfsi.o)
                                        0x105 (size before relaxing)
 .debug_str     0x00000000000000c6      0x14d /opt/cross/avr/lib/gcc/avr/4.3.3/avr25/libgcc.a(_addsub_sf.o)
                                        0x20d (size before relaxing)
 .debug_str     0x0000000000000213       0x27 /opt/cross/avr/lib/gcc/avr/4.3.3/avr25/libgcc.a(_mul_sf.o)
                                        0x1c6 (size before relaxing)
 .debug_str     0x000000000000023a        0x8 /opt/cross/avr/lib/gcc/avr/4.3.3/avr25/libgcc.a(_gt_sf.o)
                                        0x19c (size before relaxing)
 .debug_str     0x0000000000000242        0x8 /opt/cross/avr/lib/gcc/avr/4.3.3/avr25/libgcc.a(_ge_sf.o)
                                        0x19c (size before relaxing)
 .debug_str     0x000000000000024a        0x8 /opt/cross/avr/lib/gcc/avr/4.3.3/avr25/libgcc.a(_lt_sf.o)
                                        0x19c (size before relaxing)
 .debug_str     0x0000000000000252       0x1e /opt/cross/avr/lib/gcc/avr/4.3.3/avr25/libgcc.a(_si_to_sf.o)
                                        0x182 (size before relaxing)
 .debug_str     0x0000000000000270        0xa /opt/cross/avr/lib/gcc/avr/4.3.3/avr25/libgcc.a(_sf_to_si.o)
                                        0x1a5 (size before relaxing)
 .debug_str     0x0000000000000000      0x10a /opt/cross/avr/lib/gcc/avr/4.3.3/avr25/libgcc.a(_thenan_sf.o)
 .debug_str     0x000000000000027a       0x20 /opt/cross/avr/lib/gcc/avr/4.3.3/avr25/libgcc.a(_clzsi2.o)
                                        0x118 (size before relaxing)
 .debug_str     0x000000000000029a       0x10 /opt/cross/avr/lib/gcc/avr/4.3.3/avr25/libgcc.a(_pack_sf.o)
                                        0x1a4 (size before relaxing)
 .debug_str     0x00000000000002aa        0xb /opt/cross/avr/lib/gcc/avr/4.3.3/avr25/libgcc.a(_unpack_sf.o)
                                        0x186 (size before relaxing)
 .debug_str     0x00000000000002b5       0x10 /opt/cross/avr/lib/gcc/avr/4.3.3/avr25/libgcc.a(_fpcmp_parts_sf.o)
                                        0x16a (size before relaxing)
 .debug_str     0x0000000000000000       0xfb /opt/cross/avr/lib/gcc/avr/4.3.3/avr25/libgcc.a(_clz.o)
 .debug_str     0x00000000000002c5       0x70 /opt/cross/avr/lib/gcc/avr/4.3.3/../../../../avr/lib/avr25/libc.a(rand.o)
                                         0xa9 (size before relaxing)

.debug_loc      0x0000000000000000      0x9b0
 *(.debug_loc)
 .debug_loc     0x0000000000000000       0x34 /opt/cross/avr/lib/gcc/avr/4.3.3/avr25/libgcc.a(_fixunssfsi.o)
 .debug_loc     0x0000000000000034      0x32a /opt/cross/avr/lib/gcc/avr/4.3.3/avr25/libgcc.a(_addsub_sf.o)
 .debug_loc     0x000000000000035e      0x104 /opt/cross/avr/lib/gcc/avr/4.3.3/avr25/libgcc.a(_mul_sf.o)
 .debug_loc     0x0000000000000462       0x3c /opt/cross/avr/lib/gcc/avr/4.3.3/avr25/libgcc.a(_gt_sf.o)
 .debug_loc     0x000000000000049e       0x3c /opt/cross/avr/lib/gcc/avr/4.3.3/avr25/libgcc.a(_ge_sf.o)
 .debug_loc     0x00000000000004da       0x3c /opt/cross/avr/lib/gcc/avr/4.3.3/avr25/libgcc.a(_lt_sf.o)
 .debug_loc     0x0000000000000516       0xac /opt/cross/avr/lib/gcc/avr/4.3.3/avr25/libgcc.a(_si_to_sf.o)
 .debug_loc     0x00000000000005c2       0x7e /opt/cross/avr/lib/gcc/avr/4.3.3/avr25/libgcc.a(_sf_to_si.o)
 .debug_loc     0x0000000000000640       0x94 /opt/cross/avr/lib/gcc/avr/4.3.3/avr25/libgcc.a(_clzsi2.o)
 .debug_loc     0x00000000000006d4      0x13e /opt/cross/avr/lib/gcc/avr/4.3.3/avr25/libgcc.a(_pack_sf.o)
 .debug_loc     0x0000000000000812       0xac /opt/cross/avr/lib/gcc/avr/4.3.3/avr25/libgcc.a(_unpack_sf.o)
 .debug_loc     0x00000000000008be       0x50 /opt/cross/avr/lib/gcc/avr/4.3.3/avr25/libgcc.a(_fpcmp_parts_sf.o)
 .debug_loc     0x000000000000090e       0xa2 /opt/cross/avr/lib/gcc/avr/4.3.3/../../../../avr/lib/avr25/libc.a(rand.o)

.debug_macinfo
 *(.debug_macinfo)
OUTPUT(marderschreck.elf elf32-avr)
LOAD linker stubs

.debug_ranges   0x0000000000000000       0x80
 .debug_ranges  0x0000000000000000       0x50 /opt/cross/avr/lib/gcc/avr/4.3.3/avr25/libgcc.a(_mul_sf.o)
 .debug_ranges  0x0000000000000050       0x30 /opt/cross/avr/lib/gcc/avr/4.3.3/../../../../avr/lib/avr25/libc.a(rand.o)
