Archive member included because of file (symbol)

/opt/cross/avr/lib/gcc/avr/4.3.3/avr25/libgcc.a(_exit.o)
                              /opt/cross/avr/lib/gcc/avr/4.3.3/../../../../avr/lib/avr25/crttn85.o (exit)
/opt/cross/avr/lib/gcc/avr/4.3.3/avr25/libgcc.a(_copy_data.o)
                              ./main.o (__do_copy_data)
/opt/cross/avr/lib/gcc/avr/4.3.3/avr25/libgcc.a(_clear_bss.o)
                              ./main.o (__do_clear_bss)

Memory Configuration

Name             Origin             Length             Attributes
text             0x00000000         0x00002000         xr
data             0x00800060         0x0000ffa0         rw !x
eeprom           0x00810000         0x00010000         rw !x
fuse             0x00820000         0x00000400         rw !x
lock             0x00830000         0x00000400         rw !x
signature        0x00840000         0x00000400         rw !x
*default*        0x00000000         0xffffffff

Linker script and memory map

LOAD /opt/cross/avr/lib/gcc/avr/4.3.3/../../../../avr/lib/avr25/crttn85.o
LOAD ./main.o
LOAD /opt/cross/avr/lib/gcc/avr/4.3.3/avr25/libgcc.a
LOAD /opt/cross/avr/lib/gcc/avr/4.3.3/../../../../avr/lib/avr25/libm.a
LOAD /opt/cross/avr/lib/gcc/avr/4.3.3/avr25/libgcc.a
LOAD /opt/cross/avr/lib/gcc/avr/4.3.3/../../../../avr/lib/avr25/libc.a
LOAD /opt/cross/avr/lib/gcc/avr/4.3.3/avr25/libgcc.a

.hash
 *(.hash)

.dynsym
 *(.dynsym)

.dynstr
 *(.dynstr)

.gnu.version
 *(.gnu.version)

.gnu.version_d
 *(.gnu.version_d)

.gnu.version_r
 *(.gnu.version_r)

.rel.init
 *(.rel.init)

.rela.init
 *(.rela.init)

.rel.text
 *(.rel.text)
 *(.rel.text.*)
 *(.rel.gnu.linkonce.t*)

.rela.text
 *(.rela.text)
 *(.rela.text.*)
 *(.rela.gnu.linkonce.t*)

.rel.fini
 *(.rel.fini)

.rela.fini
 *(.rela.fini)

.rel.rodata
 *(.rel.rodata)
 *(.rel.rodata.*)
 *(.rel.gnu.linkonce.r*)

.rela.rodata
 *(.rela.rodata)
 *(.rela.rodata.*)
 *(.rela.gnu.linkonce.r*)

.rel.data
 *(.rel.data)
 *(.rel.data.*)
 *(.rel.gnu.linkonce.d*)

.rela.data
 *(.rela.data)
 *(.rela.data.*)
 *(.rela.gnu.linkonce.d*)

.rel.ctors
 *(.rel.ctors)

.rela.ctors
 *(.rela.ctors)

.rel.dtors
 *(.rel.dtors)

.rela.dtors
 *(.rela.dtors)

.rel.got
 *(.rel.got)

.rela.got
 *(.rela.got)

.rel.bss
 *(.rel.bss)

.rela.bss
 *(.rela.bss)

.rel.plt
 *(.rel.plt)

.rela.plt
 *(.rela.plt)

.text           0x00000000     0x1022
 *(.vectors)
 .vectors       0x00000000       0x1e /opt/cross/avr/lib/gcc/avr/4.3.3/../../../../avr/lib/avr25/crttn85.o
                0x00000000                __vectors
                0x00000000                __vector_default
 *(.vectors)
 *(.progmem.gcc*)
 *(.progmem*)
 .progmem.data  0x0000001e      0xd60 ./main.o
                0x0000001e                lied
                0x00000d7e                . = ALIGN (0x2)
                0x00000d7e                __trampolines_start = .
 *(.trampolines)
 .trampolines   0x00000d7e        0x0 linker stubs
 *(.trampolines*)
                0x00000d7e                __trampolines_end = .
 *(.jumptables)
 *(.jumptables*)
 *(.lowtext)
 *(.lowtext*)
                0x00000d7e                __ctors_start = .
 *(.ctors)
                0x00000d7e                __ctors_end = .
                0x00000d7e                __dtors_start = .
 *(.dtors)
                0x00000d7e                __dtors_end = .
 SORT(*)(.ctors)
 SORT(*)(.dtors)
 *(.init0)
 .init0         0x00000d7e        0x0 /opt/cross/avr/lib/gcc/avr/4.3.3/../../../../avr/lib/avr25/crttn85.o
                0x00000d7e                __init
 *(.init0)
 *(.init1)
 *(.init1)
 *(.init2)
 .init2         0x00000d7e        0xc /opt/cross/avr/lib/gcc/avr/4.3.3/../../../../avr/lib/avr25/crttn85.o
 *(.init2)
 *(.init3)
 *(.init3)
 *(.init4)
 .init4         0x00000d8a       0x16 /opt/cross/avr/lib/gcc/avr/4.3.3/avr25/libgcc.a(_copy_data.o)
                0x00000d8a                __do_copy_data
 .init4         0x00000da0       0x10 /opt/cross/avr/lib/gcc/avr/4.3.3/avr25/libgcc.a(_clear_bss.o)
                0x00000da0                __do_clear_bss
 *(.init4)
 *(.init5)
 *(.init5)
 *(.init6)
 *(.init6)
 *(.init7)
 *(.init7)
 *(.init8)
 *(.init8)
 *(.init9)
 .init9         0x00000db0        0x4 /opt/cross/avr/lib/gcc/avr/4.3.3/../../../../avr/lib/avr25/crttn85.o
 *(.init9)
 *(.text)
 .text          0x00000db4        0x2 /opt/cross/avr/lib/gcc/avr/4.3.3/../../../../avr/lib/avr25/crttn85.o
                0x00000db4                __vector_12
                0x00000db4                __bad_interrupt
                0x00000db4                __vector_6
                0x00000db4                __vector_3
                0x00000db4                __vector_11
                0x00000db4                __vector_13
                0x00000db4                __vector_7
                0x00000db4                __vector_4
                0x00000db4                __vector_9
                0x00000db4                __vector_14
                0x00000db4                __vector_10
 .text          0x00000db6      0x268 ./main.o
                0x00000dd6                __vector_1
                0x00000df6                __vector_5
                0x00000f22                main
                0x00000db6                __vector_2
                0x00000ef6                tiefschlaf
                0x00000e4e                __vector_8
 .text          0x0000101e        0x0 /opt/cross/avr/lib/gcc/avr/4.3.3/avr25/libgcc.a(_exit.o)
 .text          0x0000101e        0x0 /opt/cross/avr/lib/gcc/avr/4.3.3/avr25/libgcc.a(_copy_data.o)
 .text          0x0000101e        0x0 /opt/cross/avr/lib/gcc/avr/4.3.3/avr25/libgcc.a(_clear_bss.o)
                0x0000101e                . = ALIGN (0x2)
 *(.text.*)
 .text.libgcc   0x0000101e        0x0 /opt/cross/avr/lib/gcc/avr/4.3.3/avr25/libgcc.a(_exit.o)
 .text.libgcc   0x0000101e        0x0 /opt/cross/avr/lib/gcc/avr/4.3.3/avr25/libgcc.a(_copy_data.o)
 .text.libgcc   0x0000101e        0x0 /opt/cross/avr/lib/gcc/avr/4.3.3/avr25/libgcc.a(_clear_bss.o)
                0x0000101e                . = ALIGN (0x2)
 *(.fini9)
 .fini9         0x0000101e        0x0 /opt/cross/avr/lib/gcc/avr/4.3.3/avr25/libgcc.a(_exit.o)
                0x0000101e                exit
                0x0000101e                _exit
 *(.fini9)
 *(.fini8)
 *(.fini8)
 *(.fini7)
 *(.fini7)
 *(.fini6)
 *(.fini6)
 *(.fini5)
 *(.fini5)
 *(.fini4)
 *(.fini4)
 *(.fini3)
 *(.fini3)
 *(.fini2)
 *(.fini2)
 *(.fini1)
 *(.fini1)
 *(.fini0)
 .fini0         0x0000101e        0x4 /opt/cross/avr/lib/gcc/avr/4.3.3/avr25/libgcc.a(_exit.o)
 *(.fini0)
                0x00001022                _etext = .

.data           0x00800060        0x8 load address 0x00001022
                0x00800060                PROVIDE (__data_start, .)
 *(.data)
 .data          0x00800060        0x0 /opt/cross/avr/lib/gcc/avr/4.3.3/../../../../avr/lib/avr25/crttn85.o
 .data          0x00800060        0x8 ./main.o
                0x00800060                zeit
 .data          0x00800068        0x0 /opt/cross/avr/lib/gcc/avr/4.3.3/avr25/libgcc.a(_exit.o)
 .data          0x00800068        0x0 /opt/cross/avr/lib/gcc/avr/4.3.3/avr25/libgcc.a(_copy_data.o)
 .data          0x00800068        0x0 /opt/cross/avr/lib/gcc/avr/4.3.3/avr25/libgcc.a(_clear_bss.o)
 *(.data*)
 *(.rodata)
 *(.rodata*)
 *(.gnu.linkonce.d*)
                0x00800068                . = ALIGN (0x2)
                0x00800068                _edata = .
                0x00800068                PROVIDE (__data_end, .)

.bss            0x00800068        0x8
                0x00800068                PROVIDE (__bss_start, .)
 *(.bss)
 .bss           0x00800068        0x0 /opt/cross/avr/lib/gcc/avr/4.3.3/../../../../avr/lib/avr25/crttn85.o
 .bss           0x00800068        0x8 ./main.o
                0x0080006f                x
                0x0080006a                leis
                0x00800068                tfl
                0x0080006d                avt
                0x0080006c                tonein
                0x0080006b                laut
                0x0080006e                dauer
                0x00800069                aus
 .bss           0x00800070        0x0 /opt/cross/avr/lib/gcc/avr/4.3.3/avr25/libgcc.a(_exit.o)
 .bss           0x00800070        0x0 /opt/cross/avr/lib/gcc/avr/4.3.3/avr25/libgcc.a(_copy_data.o)
 .bss           0x00800070        0x0 /opt/cross/avr/lib/gcc/avr/4.3.3/avr25/libgcc.a(_clear_bss.o)
 *(.bss*)
 *(COMMON)
                0x00800070                PROVIDE (__bss_end, .)
                0x00001022                __data_load_start = LOADADDR (.data)
                0x0000102a                __data_load_end = (__data_load_start + SIZEOF (.data))

.noinit         0x00800070        0x0
                0x00800070                PROVIDE (__noinit_start, .)
 *(.noinit*)
                0x00800070                PROVIDE (__noinit_end, .)
                0x00800070                _end = .
                0x00800070                PROVIDE (__heap_start, .)

.eeprom         0x00810000       0xe7
 *(.eeprom*)
 .eeprom        0x00810000       0xe7 ./main.o
                0x00810000                ton
                0x0081001f                liedofs
                0x008100e7                __eeprom_end = .

.fuse
 *(.fuse)
 *(.lfuse)
 *(.hfuse)
 *(.efuse)

.lock
 *(.lock*)

.signature
 *(.signature*)

.stab           0x00000000      0xde0
 *(.stab)
 .stab          0x00000000      0x6cc /opt/cross/avr/lib/gcc/avr/4.3.3/../../../../avr/lib/avr25/crttn85.o
 .stab          0x000006cc      0x714 ./main.o
                                0x720 (size before relaxing)

.stabstr        0x00000000      0xa3f
 *(.stabstr)
 .stabstr       0x00000000      0xa3f /opt/cross/avr/lib/gcc/avr/4.3.3/../../../../avr/lib/avr25/crttn85.o

.stab.excl
 *(.stab.excl)

.stab.exclstr
 *(.stab.exclstr)

.stab.index
 *(.stab.index)

.stab.indexstr
 *(.stab.indexstr)

.comment
 *(.comment)

.debug
 *(.debug)

.line
 *(.line)

.debug_srcinfo
 *(.debug_srcinfo)

.debug_sfnames
 *(.debug_sfnames)

.debug_aranges
 *(.debug_aranges)

.debug_pubnames
 *(.debug_pubnames)

.debug_info
 *(.debug_info)
 *(.gnu.linkonce.wi.*)

.debug_abbrev
 *(.debug_abbrev)

.debug_line
 *(.debug_line)

.debug_frame
 *(.debug_frame)

.debug_str
 *(.debug_str)

.debug_loc
 *(.debug_loc)

.debug_macinfo
 *(.debug_macinfo)
OUTPUT(captaster.elf elf32-avr)
LOAD linker stubs

Cross Reference Table

Symbol                                            File
__bad_interrupt                                   /opt/cross/avr/lib/gcc/avr/4.3.3/../../../../avr/lib/avr25/crttn85.o
__bss_end                                         /opt/cross/avr/lib/gcc/avr/4.3.3/avr25/libgcc.a(_clear_bss.o)
__bss_start                                       /opt/cross/avr/lib/gcc/avr/4.3.3/avr25/libgcc.a(_clear_bss.o)
__data_end                                        /opt/cross/avr/lib/gcc/avr/4.3.3/avr25/libgcc.a(_copy_data.o)
__data_load_start                                 /opt/cross/avr/lib/gcc/avr/4.3.3/avr25/libgcc.a(_copy_data.o)
__data_start                                      /opt/cross/avr/lib/gcc/avr/4.3.3/avr25/libgcc.a(_copy_data.o)
__do_clear_bss                                    /opt/cross/avr/lib/gcc/avr/4.3.3/avr25/libgcc.a(_clear_bss.o)
                                                  ./main.o
__do_copy_data                                    /opt/cross/avr/lib/gcc/avr/4.3.3/avr25/libgcc.a(_copy_data.o)
                                                  ./main.o
__heap_end                                        /opt/cross/avr/lib/gcc/avr/4.3.3/../../../../avr/lib/avr25/crttn85.o
__init                                            /opt/cross/avr/lib/gcc/avr/4.3.3/../../../../avr/lib/avr25/crttn85.o
__stack                                           /opt/cross/avr/lib/gcc/avr/4.3.3/../../../../avr/lib/avr25/crttn85.o
__vector_1                                        ./main.o
                                                  /opt/cross/avr/lib/gcc/avr/4.3.3/../../../../avr/lib/avr25/crttn85.o
__vector_10                                       /opt/cross/avr/lib/gcc/avr/4.3.3/../../../../avr/lib/avr25/crttn85.o
__vector_11                                       /opt/cross/avr/lib/gcc/avr/4.3.3/../../../../avr/lib/avr25/crttn85.o
__vector_12                                       /opt/cross/avr/lib/gcc/avr/4.3.3/../../../../avr/lib/avr25/crttn85.o
__vector_13                                       /opt/cross/avr/lib/gcc/avr/4.3.3/../../../../avr/lib/avr25/crttn85.o
__vector_14                                       /opt/cross/avr/lib/gcc/avr/4.3.3/../../../../avr/lib/avr25/crttn85.o
__vector_2                                        ./main.o
                                                  /opt/cross/avr/lib/gcc/avr/4.3.3/../../../../avr/lib/avr25/crttn85.o
__vector_3                                        /opt/cross/avr/lib/gcc/avr/4.3.3/../../../../avr/lib/avr25/crttn85.o
__vector_4                                        /opt/cross/avr/lib/gcc/avr/4.3.3/../../../../avr/lib/avr25/crttn85.o
__vector_5                                        ./main.o
                                                  /opt/cross/avr/lib/gcc/avr/4.3.3/../../../../avr/lib/avr25/crttn85.o
__vector_6                                        /opt/cross/avr/lib/gcc/avr/4.3.3/../../../../avr/lib/avr25/crttn85.o
__vector_7                                        /opt/cross/avr/lib/gcc/avr/4.3.3/../../../../avr/lib/avr25/crttn85.o
__vector_8                                        ./main.o
                                                  /opt/cross/avr/lib/gcc/avr/4.3.3/../../../../avr/lib/avr25/crttn85.o
__vector_9                                        /opt/cross/avr/lib/gcc/avr/4.3.3/../../../../avr/lib/avr25/crttn85.o
__vector_default                                  /opt/cross/avr/lib/gcc/avr/4.3.3/../../../../avr/lib/avr25/crttn85.o
__vectors                                         /opt/cross/avr/lib/gcc/avr/4.3.3/../../../../avr/lib/avr25/crttn85.o
_exit                                             /opt/cross/avr/lib/gcc/avr/4.3.3/avr25/libgcc.a(_exit.o)
aus                                               ./main.o
avt                                               ./main.o
dauer                                             ./main.o
exit                                              /opt/cross/avr/lib/gcc/avr/4.3.3/avr25/libgcc.a(_exit.o)
                                                  /opt/cross/avr/lib/gcc/avr/4.3.3/../../../../avr/lib/avr25/crttn85.o
laut                                              ./main.o
leis                                              ./main.o
lied                                              ./main.o
liedofs                                           ./main.o
main                                              ./main.o
                                                  /opt/cross/avr/lib/gcc/avr/4.3.3/../../../../avr/lib/avr25/crttn85.o
tfl                                               ./main.o
tiefschlaf                                        ./main.o
ton                                               ./main.o
tonein                                            ./main.o
x                                                 ./main.o
zeit                                              ./main.o
